Component: ARM Compiler 5.06 update 6 (build 750) Tool: armlink [4d35ed]

==============================================================================

Section Cross References

    clock.o(i.rt_tick_get) refers to clock.o(.data) for rt_tick
    clock.o(i.rt_tick_increase) refers to thread.o(i.rt_thread_self) for rt_thread_self
    clock.o(i.rt_tick_increase) refers to thread.o(i.rt_thread_yield) for rt_thread_yield
    clock.o(i.rt_tick_increase) refers to timer.o(i.rt_timer_check) for rt_timer_check
    clock.o(i.rt_tick_increase) refers to clock.o(.data) for rt_tick
    clock.o(i.rt_tick_set) refers to context_rvds.o(.text) for rt_hw_interrupt_disable
    clock.o(i.rt_tick_set) refers to clock.o(.data) for rt_tick
    components.o(i.$Sub$$main) refers to components.o(i.rtthread_startup) for rtthread_startup
    components.o(i.main_thread_entry) refers to components.o(i.rt_components_init) for rt_components_init
    components.o(i.main_thread_entry) refers to main.o(i.main) for $Super$$main
    components.o(i.rt_application_init) refers to thread.o(i.rt_thread_create) for rt_thread_create
    components.o(i.rt_application_init) refers to kservice.o(i.rt_assert_handler) for rt_assert_handler
    components.o(i.rt_application_init) refers to thread.o(i.rt_thread_startup) for rt_thread_startup
    components.o(i.rt_application_init) refers to components.o(i.main_thread_entry) for main_thread_entry
    components.o(i.rt_application_init) refers to components.o(.constdata) for __FUNCTION__
    components.o(i.rt_components_board_init) refers to components.o(.rti_fn.0.end) for __rt_init_rti_board_start
    components.o(i.rt_components_board_init) refers to components.o(.rti_fn.1.end) for __rt_init_rti_board_end
    components.o(i.rt_components_init) refers to components.o(.rti_fn.1.end) for __rt_init_rti_board_end
    components.o(i.rt_components_init) refers to components.o(.rti_fn.6.end) for __rt_init_rti_end
    components.o(i.rtthread_startup) refers to context_rvds.o(.text) for rt_hw_interrupt_disable
    components.o(i.rtthread_startup) refers to board.o(i.rt_hw_board_init) for rt_hw_board_init
    components.o(i.rtthread_startup) refers to kservice.o(i.rt_show_version) for rt_show_version
    components.o(i.rtthread_startup) refers to timer.o(i.rt_system_timer_init) for rt_system_timer_init
    components.o(i.rtthread_startup) refers to scheduler.o(i.rt_system_scheduler_init) for rt_system_scheduler_init
    components.o(i.rtthread_startup) refers to components.o(i.rt_application_init) for rt_application_init
    components.o(i.rtthread_startup) refers to timer.o(i.rt_system_timer_thread_init) for rt_system_timer_thread_init
    components.o(i.rtthread_startup) refers to idle.o(i.rt_thread_idle_init) for rt_thread_idle_init
    components.o(i.rtthread_startup) refers to scheduler.o(i.rt_system_scheduler_start) for rt_system_scheduler_start
    components.o(.rti_fn.0) refers to components.o(i.rti_start) for rti_start
    components.o(.rti_fn.0.end) refers to components.o(i.rti_board_start) for rti_board_start
    components.o(.rti_fn.1.end) refers to components.o(i.rti_board_end) for rti_board_end
    components.o(.rti_fn.6.end) refers to components.o(i.rti_end) for rti_end
    device.o(i.rt_device_close) refers to kservice.o(i.rt_assert_handler) for rt_assert_handler
    device.o(i.rt_device_close) refers to object.o(i.rt_object_get_type) for rt_object_get_type
    device.o(i.rt_device_close) refers to device.o(.constdata) for __FUNCTION__
    device.o(i.rt_device_control) refers to kservice.o(i.rt_assert_handler) for rt_assert_handler
    device.o(i.rt_device_control) refers to object.o(i.rt_object_get_type) for rt_object_get_type
    device.o(i.rt_device_control) refers to device.o(.constdata) for __FUNCTION__
    device.o(i.rt_device_create) refers to mem.o(i.rt_malloc) for rt_malloc
    device.o(i.rt_device_create) refers to kservice.o(i.rt_memset) for rt_memset
    device.o(i.rt_device_destroy) refers to kservice.o(i.rt_assert_handler) for rt_assert_handler
    device.o(i.rt_device_destroy) refers to object.o(i.rt_object_get_type) for rt_object_get_type
    device.o(i.rt_device_destroy) refers to object.o(i.rt_object_is_systemobject) for rt_object_is_systemobject
    device.o(i.rt_device_destroy) refers to object.o(i.rt_object_detach) for rt_object_detach
    device.o(i.rt_device_destroy) refers to mem.o(i.rt_free) for rt_free
    device.o(i.rt_device_destroy) refers to device.o(.constdata) for __FUNCTION__
    device.o(i.rt_device_find) refers to thread.o(i.rt_thread_self) for rt_thread_self
    device.o(i.rt_device_find) refers to scheduler.o(i.rt_enter_critical) for rt_enter_critical
    device.o(i.rt_device_find) refers to object.o(i.rt_object_get_information) for rt_object_get_information
    device.o(i.rt_device_find) refers to kservice.o(i.rt_assert_handler) for rt_assert_handler
    device.o(i.rt_device_find) refers to kservice.o(i.rt_strncmp) for rt_strncmp
[...]
    __fsym___cmd_cp_desc                     0x08012546   Data          21  msh_file.o(.rodata.name)
    __fsym___cmd_mv_name                     0x0801255b   Data           9  msh_file.o(.rodata.name)
    __fsym___cmd_mv_desc                     0x08012564   Data          23  msh_file.o(.rodata.name)
    __fsym___cmd_cat_name                    0x0801257b   Data          10  msh_file.o(.rodata.name)
    __fsym___cmd_cat_desc                    0x08012585   Data          20  msh_file.o(.rodata.name)
    __fsym___cmd_rm_name                     0x08012599   Data           9  msh_file.o(.rodata.name)
    __fsym___cmd_rm_desc                     0x080125a2   Data          28  msh_file.o(.rodata.name)
    __fsym___cmd_cd_name                     0x080125be   Data           9  msh_file.o(.rodata.name)
    __fsym___cmd_cd_desc                     0x080125c7   Data          36  msh_file.o(.rodata.name)
    __fsym___cmd_pwd_name                    0x080125eb   Data          10  msh_file.o(.rodata.name)
    __fsym___cmd_pwd_desc                    0x080125f5   Data          49  msh_file.o(.rodata.name)
    __fsym___cmd_mkdir_name                  0x08012626   Data          12  msh_file.o(.rodata.name)
    __fsym___cmd_mkdir_desc                  0x08012632   Data          22  msh_file.o(.rodata.name)
    __fsym___cmd_mkfs_name                   0x08012648   Data          11  msh_file.o(.rodata.name)
    __fsym___cmd_mkfs_desc                   0x08012653   Data          29  msh_file.o(.rodata.name)
    __fsym___cmd_df_name                     0x08012670   Data           9  msh_file.o(.rodata.name)
    __fsym___cmd_df_desc                     0x08012679   Data          10  msh_file.o(.rodata.name)
    __fsym___cmd_echo_name                   0x08012683   Data          11  msh_file.o(.rodata.name)
    __fsym___cmd_echo_desc                   0x0801268e   Data          20  msh_file.o(.rodata.name)
    __rt_init_rti_start                      0x080126a4   Data           4  components.o(.rti_fn.0)
    __rt_init_rti_board_start                0x080126a8   Data           4  components.o(.rti_fn.0.end)
    __rt_init_rt_hw_pin_init                 0x080126ac   Data           4  drv_gpio.o(.rti_fn.1)
    __rt_init_rt_hw_usart_init               0x080126b0   Data           4  drv_usart.o(.rti_fn.1)
    __rt_init_rt_hw_spi_init                 0x080126b4   Data           4  drv_spi.o(.rti_fn.1)
    __rt_init_rti_board_end                  0x080126b8   Data           4  components.o(.rti_fn.1.end)
    __rt_init_dfs_init                       0x080126bc   Data           4  dfs.o(.rti_fn.2)
    __rt_init_elm_init                       0x080126c0   Data           4  dfs_elm.o(.rti_fn.4)
    __rt_init_libc_system_init               0x080126c4   Data           4  libc.o(.rti_fn.4)
    __rt_init_finsh_system_init              0x080126c8   Data           4  shell.o(.rti_fn.6)
    __rt_init_rti_end                        0x080126cc   Data           4  components.o(.rti_fn.6.end)
    FSymTab$$Base                            0x080126d0   Number         0  mem.o(FSymTab)
    __fsym_list_mem                          0x080126d0   Data          12  mem.o(FSymTab)
    __fsym___cmd_list_fd                     0x080126dc   Data          12  dfs.o(FSymTab)
    __fsym_ls                                0x080126e8   Data          12  dfs_file.o(FSymTab)
    __fsym_rm                                0x080126f4   Data          12  dfs_file.o(FSymTab)
    __fsym_cat                               0x08012700   Data          12  dfs_file.o(FSymTab)
    __fsym_copy                              0x0801270c   Data          12  dfs_file.o(FSymTab)
    __fsym_mkfs                              0x08012718   Data          12  dfs_fs.o(FSymTab)
    __fsym_df                                0x08012724   Data          12  dfs_fs.o(FSymTab)
    __fsym_mkdir                             0x08012730   Data          12  dfs_posix.o(FSymTab)
    __fsym_cd                                0x0801273c   Data          12  dfs_posix.o(FSymTab)
    __fsym_pinMode                           0x08012748   Data          12  pin.o(FSymTab)
    __fsym_pinWrite                          0x08012754   Data          12  pin.o(FSymTab)
    __fsym_pinRead                           0x08012760   Data          12  pin.o(FSymTab)
    __fsym_hello                             0x0801276c   Data          12  cmd.o(FSymTab)
    __fsym_clear                             0x08012778   Data          12  cmd.o(FSymTab)
    __fsym___cmd_clear                       0x08012784   Data          12  cmd.o(FSymTab)
    __fsym_version                           0x08012790   Data          12  cmd.o(FSymTab)
    __fsym___cmd_version                     0x0801279c   Data          12  cmd.o(FSymTab)
    __fsym_list_thread                       0x080127a8   Data          12  cmd.o(FSymTab)
    __fsym___cmd_list_thread                 0x080127b4   Data          12  cmd.o(FSymTab)
    __fsym_list_sem                          0x080127c0   Data          12  cmd.o(FSymTab)
    __fsym___cmd_list_sem                    0x080127cc   Data          12  cmd.o(FSymTab)
    __fsym_list_event                        0x080127d8   Data          12  cmd.o(FSymTab)
    __fsym___cmd_list_event                  0x080127e4   Data          12  cmd.o(FSymTab)
    __fsym_list_mutex                        0x080127f0   Data          12  cmd.o(FSymTab)
    __fsym___cmd_list_mutex                  0x080127fc   Data          12  cmd.o(FSymTab)
    __fsym_list_mailbox                      0x08012808   Data          12  cmd.o(FSymTab)
    __fsym___cmd_list_mailbox                0x08012814   Data          12  cmd.o(FSymTab)
    __fsym_list_msgqueue                     0x08012820   Data          12  cmd.o(FSymTab)
    __fsym___cmd_list_msgqueue               0x0801282c   Data          12  cmd.o(FSymTab)
    __fsym_list_memheap                      0x08012838   Data          12  cmd.o(FSymTab)
    __fsym___cmd_list_memheap                0x08012844   Data          12  cmd.o(FSymTab)
    __fsym_list_mempool                      0x08012850   Data          12  cmd.o(FSymTab)
    __fsym___cmd_list_mempool                0x0801285c   Data          12  cmd.o(FSymTab)
    __fsym_list_timer                        0x08012868   Data          12  cmd.o(FSymTab)
    __fsym___cmd_list_timer                  0x08012874   Data          12  cmd.o(FSymTab)
    __fsym_list_device                       0x08012880   Data          12  cmd.o(FSymTab)
    __fsym___cmd_list_device                 0x0801288c   Data          12  cmd.o(FSymTab)
    __fsym_list                              0x08012898   Data          12  cmd.o(FSymTab)
    __fsym___cmd_help                        0x080128a4   Data          12  msh.o(FSymTab)
    __fsym___cmd_ps                          0x080128b0   Data          12  msh.o(FSymTab)
    __fsym___cmd_free                        0x080128bc   Data          12  msh.o(FSymTab)
    __fsym___cmd_ls                          0x080128c8   Data          12  msh_file.o(FSymTab)
    __fsym___cmd_cp                          0x080128d4   Data          12  msh_file.o(FSymTab)
    __fsym___cmd_mv                          0x080128e0   Data          12  msh_file.o(FSymTab)
    __fsym___cmd_cat                         0x080128ec   Data          12  msh_file.o(FSymTab)
    __fsym___cmd_rm                          0x080128f8   Data          12  msh_file.o(FSymTab)
    __fsym___cmd_cd                          0x08012904   Data          12  msh_file.o(FSymTab)
    __fsym___cmd_pwd                         0x08012910   Data          12  msh_file.o(FSymTab)
    __fsym___cmd_mkdir                       0x0801291c   Data          12  msh_file.o(FSymTab)
    __fsym___cmd_mkfs                        0x08012928   Data          12  msh_file.o(FSymTab)
    __fsym___cmd_df                          0x08012934   Data          12  msh_file.o(FSymTab)
    __fsym___cmd_echo                        0x08012940   Data          12  msh_file.o(FSymTab)
    FSymTab$$Limit                           0x0801294c   Number         0  msh_file.o(FSymTab)
    Region$$Table$$Base                      0x0801294c   Number         0  anon$$obj.o(Region$$Table)
    Region$$Table$$Limit                     0x0801296c   Number         0  anon$$obj.o(Region$$Table)
    rt_interrupt_nest                        0x2000000c   Data           1  irq.o(.data)
    rt_assert_hook                           0x20000018   Data           4  kservice.o(.data)
    rt_object_trytake_hook                   0x200000e4   Data           4  object.o(.data)
    rt_object_take_hook                      0x200000e8   Data           4  object.o(.data)
    rt_object_put_hook                       0x200000ec   Data           4  object.o(.data)
    rt_thread_ready_priority_group           0x200000f0   Data           4  scheduler.o(.data)
    rt_current_thread                        0x200000f8   Data           4  scheduler.o(.data)
    rt_current_priority                      0x200000fc   Data           1  scheduler.o(.data)
    rt_thread_defunct                        0x20000100   Data           8  scheduler.o(.data)
    SystemCoreClock                          0x20000134   Data           4  system_at32f4xx.o(.data)
    AHBPscTable                              0x20000138   Data          16  system_at32f4xx.o(.data)
    rt_interrupt_from_thread                 0x20000294   Data           4  cpuport.o(.data)
    rt_interrupt_to_thread                   0x20000298   Data           4  cpuport.o(.data)
    rt_thread_switch_interrupt_flag          0x2000029c   Data           4  cpuport.o(.data)
    filesystem_operation_table               0x200002a4   Data           8  dfs.o(.data)
    working_directory                        0x200002ac   Data         256  dfs.o(.data)
    _syscall_table_begin                     0x200003d0   Data           4  shell.o(.data)
    _syscall_table_end                       0x200003d4   Data           4  shell.o(.data)
    _sysvar_table_begin                      0x200003d8   Data           4  shell.o(.data)
    _sysvar_table_end                        0x200003dc   Data           4  shell.o(.data)
    shell                                    0x200003e0   Data           4  shell.o(.data)
    __aeabi_stdin                            0x200003fc   Data           4  stdio_streams.o(.data)
    __aeabi_stdout                           0x20000400   Data           4  stdio_streams.o(.data)
    __aeabi_stderr                           0x20000404   Data           4  stdio_streams.o(.data)
    rt_thread_priority_table                 0x20000638   Data         256  scheduler.o(.bss)
    filesystem_table                         0x20000ac0   Data          32  dfs.o(.bss)
    __stdin                                  0x20000d78   Data          84  stdio_streams.o(.bss)
    __stdout                                 0x20000dcc   Data          84  stdio_streams.o(.bss)
    __stderr                                 0x20000e20   Data          84  stdio_streams.o(.bss)
    __libspace_start                         0x20000e74   Data          96  libspace.o(.bss)
    __temporary_stack_top$libspace           0x20000ed4   Data           0  libspace.o(.bss)
    Image$$RW_IRAM1$$ZI$$Limit               0x200014d8   Number         0  anon$$obj.o ABSOLUTE



==============================================================================

Memory Map of the image

  Image Entry point : 0x0800017d

  Load Region LR_IROM1 (Base: 0x08000000, Size: 0x00012d74, Max: 0x00100000, ABSOLUTE, COMPRESSED[0x00012a18])

    Execution Region ER_IROM1 (Exec base: 0x08000000, Load base: 0x08000000, Size: 0x0001296c, Max: 0x00100000, ABSOLUTE)

    Exec Addr    Load Addr    Size         Type   Attr      Idx    E Section Name        Object

    0x08000000   0x08000000   0x0000017c   Data   RO         1838    RESET               startup_at32f403avgt7.o
    0x0800017c   0x0800017c   0x00000008   Code   RO         8732  * !!!main             c_w.l(__main.o)
    0x08000184   0x08000184   0x00000034   Code   RO         8963    !!!scatter          c_w.l(__scatter.o)
    0x080001b8   0x080001b8   0x0000005a   Code   RO         8961    !!dczerorl2         c_w.l(__dczerorl2.o)
    0x08000212   0x08000212   0x00000002   PAD
    0x08000214   0x08000214   0x0000001c   Code   RO         8965    !!handler_zi        c_w.l(__scatter_zi.o)
    0x08000230   0x08000230   0x00000000   Code   RO         8695    .ARM.Collect$$_printf_percent$$00000000  c_w.l(_printf_percent.o)
    0x08000230   0x08000230   0x00000006   Code   RO         8694    .ARM.Collect$$_printf_percent$$00000014  c_w.l(_printf_s.o)
    0x08000236   0x08000236   0x00000004   Code   RO         8745    .ARM.Collect$$_printf_percent$$00000017  c_w.l(_printf_percent_end.o)
    0x0800023a   0x0800023a   0x00000002   Code   RO         8894    .ARM.Collect$$libinit$$00000000  c_w.l(libinit.o)
    0x0800023c   0x0800023c   0x00000004   Code   RO         8796    .ARM.Collect$$libinit$$00000001  c_w.l(libinit2.o)
    0x08000240   0x08000240   0x00000000   Code   RO         8799    .ARM.Collect$$libinit$$00000004  c_w.l(libinit2.o)
    0x08000240   0x08000240   0x00000000   Code   RO         8802    .ARM.Collect$$libinit$$0000000A  c_w.l(libinit2.o)
    0x08000240   0x08000240   0x00000000   Code   RO         8804    .ARM.Collect$$libinit$$0000000C  c_w.l(libinit2.o)
    0x08000240   0x08000240   0x00000000   Code   RO         8806    .ARM.Collect$$libinit$$0000000E  c_w.l(libinit2.o)
    0x08000240   0x08000240   0x00000000   Code   RO         8809    .ARM.Collect$$libinit$$00000011  c_w.l(libinit2.o)
    0x08000240   0x08000240   0x00000000   Code   RO         8811    .ARM.Collect$$libinit$$00000013  c_w.l(libinit2.o)
    0x08000240   0x08000240   0x00000000   Code   RO         8813    .ARM.Collect$$libinit$$00000015  c_w.l(libinit2.o)
    0x08000240   0x08000240   0x00000000   Code   RO         8815    .ARM.Collect$$libinit$$00000017  c_w.l(libinit2.o)
    0x08000240   0x08000240   0x00000000   Code   RO         8817    .ARM.Collect$$libinit$$00000019  c_w.l(libinit2.o)
    0x08000240   0x08000240   0x00000000   Code   RO         8819    .ARM.Collect$$libinit$$0000001B  c_w.l(libinit2.o)
    0x08000240   0x08000240   0x00000000   Code   RO         8821    .ARM.Collect$$libinit$$0000001D  c_w.l(libinit2.o)
    0x08000240   0x08000240   0x00000000   Code   RO         8823    .ARM.Collect$$libinit$$0000001F  c_w.l(libinit2.o)
    0x08000240   0x08000240   0x00000000   Code   RO         8825    .ARM.Collect$$libinit$$00000021  c_w.l(libinit2.o)
    0x08000240   0x08000240   0x00000000   Code   RO         8827    .ARM.Collect$$libinit$$00000023  c_w.l(libinit2.o)
    0x08000240   0x08000240   0x00000004   Code   RO         8828    .ARM.Collect$$libinit$$00000024  c_w.l(libinit2.o)
    0x08000244   0x08000244   0x00000000   Code   RO         8829    .ARM.Collect$$libinit$$00000025  c_w.l(libinit2.o)
    0x08000244   0x08000244   0x00000000   Code   RO         8833    .ARM.Collect$$libinit$$0000002C  c_w.l(libinit2.o)
    0x08000244   0x08000244   0x00000000   Code   RO         8835    .ARM.Collect$$libinit$$0000002E  c_w.l(libinit2.o)
    0x08000244   0x08000244   0x00000000   Code   RO         8837    .ARM.Collect$$libinit$$00000030  c_w.l(libinit2.o)
    0x08000244   0x08000244   0x00000000   Code   RO         8839    .ARM.Collect$$libinit$$00000032  c_w.l(libinit2.o)
    0x08000244   0x08000244   0x00000002   Code   RO         8840    .ARM.Collect$$libinit$$00000033  c_w.l(libinit2.o)
    0x08000246   0x08000246   0x00000002   Code   RO         8958    .ARM.Collect$$libshutdown$$00000000  c_w.l(libshutdown.o)
    0x08000248   0x08000248   0x00000000   Code   RO         8842    .ARM.Collect$$libshutdown$$00000002  c_w.l(libshutdown2.o)
    0x08000248   0x08000248   0x00000004   Code   RO         8843    .ARM.Collect$$libshutdown$$00000003  c_w.l(libshutdown2.o)
    0x0800024c   0x0800024c   0x00000000   Code   RO         8844    .ARM.Collect$$libshutdown$$00000004  c_w.l(libshutdown2.o)
    0x0800024c   0x0800024c   0x00000000   Code   RO         8847    .ARM.Collect$$libshutdown$$00000007  c_w.l(libshutdown2.o)
    0x0800024c   0x0800024c   0x00000000   Code   RO         8850    .ARM.Collect$$libshutdown$$0000000A  c_w.l(libshutdown2.o)
    0x0800024c   0x0800024c   0x00000000   Code   RO         8852    .ARM.Collect$$libshutdown$$0000000C  c_w.l(libshutdown2.o)
    0x0800024c   0x0800024c   0x00000000   Code   RO         8855    .ARM.Collect$$libshutdown$$0000000F  c_w.l(libshutdown2.o)
    0x0800024c   0x0800024c   0x00000002   Code   RO         8856    .ARM.Collect$$libshutdown$$00000010  c_w.l(libshutdown2.o)
    0x0800024e   0x0800024e   0x00000000   Code   RO         8734    .ARM.Collect$$rtentry$$00000000  c_w.l(__rtentry.o)
    0x0800024e   0x0800024e   0x00000000   Code   RO         8759    .ARM.Collect$$rtentry$$00000002  c_w.l(__rtentry2.o)
    0x0800024e   0x0800024e   0x00000006   Code   RO         8771    .ARM.Collect$$rtentry$$00000004  c_w.l(__rtentry4.o)
    0x08000254   0x08000254   0x00000000   Code   RO         8761    .ARM.Collect$$rtentry$$00000009  c_w.l(__rtentry2.o)
    0x08000254   0x08000254   0x00000004   Code   RO         8762    .ARM.Collect$$rtentry$$0000000A  c_w.l(__rtentry2.o)
    0x08000258   0x08000258   0x00000000   Code   RO         8764    .ARM.Collect$$rtentry$$0000000C  c_w.l(__rtentry2.o)
    0x08000258   0x08000258   0x00000008   Code   RO         8765    .ARM.Collect$$rtentry$$0000000D  c_w.l(__rtentry2.o)
    0x08000260   0x08000260   0x00000002   Code   RO         8900    .ARM.Collect$$rtexit$$00000000  c_w.l(rtexit.o)
    0x08000262   0x08000262   0x00000000   Code   RO         8921    .ARM.Collect$$rtexit$$00000002  c_w.l(rtexit2.o)
    0x08000262   0x08000262   0x00000004   Code   RO         8922    .ARM.Collect$$rtexit$$00000003  c_w.l(rtexit2.o)
    0x08000266   0x08000266   0x00000006   Code   RO         8923    .ARM.Collect$$rtexit$$00000004  c_w.l(rtexit2.o)
    0x0800026c   0x0800026c   0x00000010   Code   RO         2108    .emb_text           cpuport.o
    0x0800027c   0x0800027c   0x00000040   Code   RO         1839    .text               startup_at32f403avgt7.o
    0x080002bc   0x080002bc   0x00000134   Code   RO         2172    .text               context_rvds.o
    0x080003f0   0x080003f0   0x00000002   Code   RO         8660    .text               c_w.l(use_no_semi.o)
    0x080003f2   0x080003f2   0x00000004   Code   RO         8662    .text               c_w.l(hguard.o)
    0x080003f6   0x080003f6   0x00000048   Code   RO         8664    .text               c_w.l(llsdiv.o)
    0x0800043e   0x0800043e   0x00000002   PAD
    0x08000440   0x08000440   0x00000034   Code   RO         8668    .text               c_w.l(noretval__2snprintf.o)
    0x08000474   0x08000474   0x00000068   Code   RO         8670    .text               c_w.l(__printf.o)
    0x080004dc   0x080004dc   0x00000052   Code   RO         8672    .text               c_w.l(_printf_str.o)
    0x0800052e   0x0800052e   0x00000004   Code   RO         8696    .text               c_w.l(getc.o)
    0x08000532   0x08000532   0x00000024   Code   RO         8704    .text               c_w.l(strstr.o)
    0x08000556   0x08000556   0x00000058   Code   RO         8706    .text               c_w.l(memcmp.o)
    0x080005ae   0x080005ae   0x00000048   Code   RO         8708    .text               c_w.l(strcpy.o)
    0x080005f6   0x080005f6   0x00000016   Code   RO         8710    .text               c_w.l(strrchr.o)
    0x0800060c   0x0800060c   0x0000003e   Code   RO         8712    .text               c_w.l(strlen.o)
    0x0800064a   0x0800064a   0x00000096   Code   RO         8714    .text               c_w.l(strncmp.o)
    0x080006e0   0x080006e0   0x00000018   Code   RO         8716    .text               c_w.l(strcat.o)
    0x080006f8   0x080006f8   0x0000008a   Code   RO         8718    .text               c_w.l(rt_memcpy_v6.o)
    0x08000782   0x08000782   0x00000064   Code   RO         8720    .text               c_w.l(rt_memcpy_w.o)
    0x080007e6   0x080007e6   0x00000044   Code   RO         8722    .text               c_w.l(rt_memclr.o)
    0x0800082a   0x0800082a   0x0000004e   Code   RO         8724    .text               c_w.l(rt_memclr_w.o)
    0x08000878   0x08000878   0x00000056   Code   RO         8726    .text               c_w.l(strncpy.o)
    0x080008ce   0x080008ce   0x00000002   PAD
    0x080008d0   0x080008d0   0x00000080   Code   RO         8728    .text               c_w.l(strcmpv7m.o)
    0x08000950   0x08000950   0x00000006   Code   RO         8730    .text               c_w.l(heapauxi.o)
    0x08000956   0x08000956   0x000000ee   Code   RO         8735    .text               c_w.l(lludivv7m.o)
    0x08000a44   0x08000a44   0x00000030   Code   RO         8737    .text               c_w.l(_printf_char_common.o)
    0x08000a74   0x08000a74   0x0000000a   Code   RO         8739    .text               c_w.l(_sputc.o)
    0x08000a7e   0x08000a7e   0x00000010   Code   RO         8741    .text               c_w.l(_snputc.o)
    0x08000a8e   0x08000a8e   0x0000002c   Code   RO         8743    .text               c_w.l(_printf_char.o)
    0x08000aba   0x08000aba   0x00000002   PAD
    0x08000abc   0x08000abc   0x00000138   Code   RO         8750    .text               c_w.l(initio.o)
    0x08000bf4   0x08000bf4   0x0000023a   Code   RO         8779    .text               c_w.l(filbuf.o)
    0x08000e2e   0x08000e2e   0x00000046   Code   RO         8781    .text               c_w.l(setvbuf.o)
    0x08000e74   0x08000e74   0x000000ec   Code   RO         8784    .text               c_w.l(fopen.o)
    0x08000f60   0x08000f60   0x0000004c   Code   RO         8786    .text               c_w.l(fclose.o)
    0x08000fac   0x08000fac   0x0000000e   Code   RO         8792    .text               c_w.l(defsig_rtred_outer.o)
    0x08000fba   0x08000fba   0x0000004a   Code   RO         8859    .text               c_w.l(sys_stackheap_outer.o)
    0x08001004   0x08001004   0x000000f8   Code   RO         8865    .text               c_w.l(fseek.o)
    0x080010fc   0x080010fc   0x000000f0   Code   RO         8867    .text               c_w.l(stdio.o)
    0x080011ec   0x080011ec   0x00000038   Code   RO         8873    .text               c_w.l(flushlinebuffered.o)
    0x08001224   0x08001224   0x00000012   Code   RO         8881    .text               c_w.l(exit.o)
    0x08001236   0x08001236   0x0000000a   Code   RO         8883    .text               c_w.l(defsig_exit.o)
    0x08001240   0x08001240   0x00000034   Code   RO         8885    .text               c_w.l(defsig_rtred_inner.o)
    0x08001274   0x08001274   0x00000008   Code   RO         8897    .text               c_w.l(libspace.o)
    0x0800127c   0x0800127c   0x00000064   Code   RO         8902    .text               c_w.l(fflush.o)
    0x080012e0   0x080012e0   0x00000042   Code   RO         8904    .text               c_w.l(ftell.o)
    0x08001322   0x08001322   0x00000032   Code   RO         8910    .text               c_w.l(defsig_general.o)
    0x08001354   0x08001354   0x00000008   Code   RO         8930    .text               c_w.l(rt_errno_addr_intlibspace.o)
    0x0800135c   0x0800135c   0x0000000a   Code   RO          103    i.$Sub$$main        components.o
    0x08001366   0x08001366   0x00000012   Code   RO         1846    i.EXTI0_IRQHandler  drv_gpio.o
    0x08001378   0x08001378   0x00000078   Code   RO         1847    i.EXTI15_10_IRQHandler  drv_gpio.o
    0x080013f0   0x080013f0   0x00000018   Code   RO         1848    i.EXTI1_IRQHandler  drv_gpio.o
    0x08001408   0x08001408   0x00000012   Code   RO         1849    i.EXTI2_IRQHandler  drv_gpio.o
    0x0800141a   0x0800141a   0x00000012   Code   RO         1850    i.EXTI3_IRQHandler  drv_gpio.o
    0x0800142c   0x0800142c   0x00000012   Code   RO         1851    i.EXTI4_IRQHandler  drv_gpio.o
    0x0800143e   0x0800143e   0x0000005a   Code   RO         1852    i.EXTI9_5_IRQHandler  drv_gpio.o
    0x08001498   0x08001498   0x0000000c   Code   RO         5766    i.EXTI_ClearIntPendingBit  at32f4xx_exti.o
    0x080014a4   0x080014a4   0x00000028   Code   RO         5769    i.EXTI_GetIntStatus  at32f4xx_exti.o
    0x080014cc   0x080014cc   0x00000094   Code   RO         5770    i.EXTI_Init         at32f4xx_exti.o
    0x08001560   0x08001560   0x00000010   Code   RO         5772    i.EXTI_StructInit   at32f4xx_exti.o
    0x08001570   0x08001570   0x00000040   Code   RO         6115    i.GPIO_EXTILineConfig  at32f4xx_gpio.o
    0x080015b0   0x080015b0   0x00000050   Code   RO         1853    i.GPIO_EXTI_IRQHandler  drv_gpio.o
    0x08001600   0x08001600   0x00000116   Code   RO         6118    i.GPIO_Init         at32f4xx_gpio.o
    0x08001716   0x08001716   0x00000012   Code   RO         6122    i.GPIO_ReadInputDataBit  at32f4xx_gpio.o
    0x08001728   0x08001728   0x00000004   Code   RO         6126    i.GPIO_ResetBits    at32f4xx_gpio.o
    0x0800172c   0x0800172c   0x00000004   Code   RO         6127    i.GPIO_SetBits      at32f4xx_gpio.o
    0x08001730   0x08001730   0x00000010   Code   RO         6128    i.GPIO_StructInit   at32f4xx_gpio.o
    0x08001740   0x08001740   0x0000000a   Code   RO         6130    i.GPIO_WriteBit     at32f4xx_gpio.o
    0x0800174a   0x0800174a   0x00000002   PAD
    0x0800174c   0x0800174c   0x00000070   Code   RO         8613    i.NVIC_Init         misc.o
    0x080017bc   0x080017bc   0x00000028   Code   RO         1713    i.NVIC_SetPriority  board.o
    0x080017e4   0x080017e4   0x00000020   Code   RO         6596    i.RCC_APB1PeriphClockCmd  at32f4xx_rcc.o
    0x08001804   0x08001804   0x00000020   Code   RO         6597    i.RCC_APB1PeriphResetCmd  at32f4xx_rcc.o
    0x08001824   0x08001824   0x00000020   Code   RO         6599    i.RCC_APB2PeriphClockCmd  at32f4xx_rcc.o
    0x08001844   0x08001844   0x00000020   Code   RO         6600    i.RCC_APB2PeriphResetCmd  at32f4xx_rcc.o
    0x08001864   0x08001864   0x00000148   Code   RO         6605    i.RCC_GetClocksFreq  at32f4xx_rcc.o
    0x080019ac   0x080019ac   0x00000024   Code   RO         6627    i.RCC_StepModeCmd   at32f4xx_rcc.o
    0x080019d0   0x080019d0   0x00000018   Code   RO         6853    i.SPI_CRCEN         at32f4xx_spi.o
    0x080019e8   0x080019e8   0x00000018   Code   RO         6855    i.SPI_Enable        at32f4xx_spi.o
    0x08001a00   0x08001a00   0x00000012   Code   RO         6863    i.SPI_I2S_GetFlagStatus  at32f4xx_spi.o
    0x08001a12   0x08001a12   0x00000006   Code   RO         6867    i.SPI_I2S_RxData    at32f4xx_spi.o
    0x08001a18   0x08001a18   0x00000004   Code   RO         6868    i.SPI_I2S_TxData    at32f4xx_spi.o
    0x08001a1c   0x08001a1c   0x0000005a   Code   RO         6869    i.SPI_Init          at32f4xx_spi.o
    0x08001a76   0x08001a76   0x00000008   Code   RO         1793    i.SetSysClock       system_at32f4xx.o
    0x08001a7e   0x08001a7e   0x00000002   PAD
    0x08001a80   0x08001a80   0x000000ec   Code   RO         1794    i.SetSysClockTo240M  system_at32f4xx.o
    0x08001b6c   0x08001b6c   0x00000010   Code   RO         1714    i.SysTick_Handler   board.o
    0x08001b7c   0x08001b7c   0x00000048   Code   RO         1715    i.SystemClock_Config  board.o
    0x08001bc4   0x08001bc4   0x00000084   Code   RO         1796    i.SystemInit        system_at32f4xx.o
    0x08001c48   0x08001c48   0x00000018   Code   RO         1963    i.USART1_IRQHandler  drv_usart.o
    0x08001c60   0x08001c60   0x00000012   Code   RO         7572    i.USART_ClearFlag   at32f4xx_usart.o
    0x08001c72   0x08001c72   0x0000001e   Code   RO         7573    i.USART_ClearITPendingBit  at32f4xx_usart.o
    0x08001c90   0x08001c90   0x00000018   Code   RO         7576    i.USART_Cmd         at32f4xx_usart.o
    0x08001ca8   0x08001ca8   0x0000001a   Code   RO         7578    i.USART_GetFlagStatus  at32f4xx_usart.o
    0x08001cc2   0x08001cc2   0x00000054   Code   RO         7579    i.USART_GetITStatus  at32f4xx_usart.o
    0x08001d16   0x08001d16   0x0000004a   Code   RO         7581    i.USART_INTConfig   at32f4xx_usart.o
    0x08001d60   0x08001d60   0x000000d8   Code   RO         7582    i.USART_Init        at32f4xx_usart.o
    0x08001e38   0x08001e38   0x0000000a   Code   RO         7589    i.USART_ReceiveData  at32f4xx_usart.o
    0x08001e42   0x08001e42   0x00000002   PAD
    0x08001e44   0x08001e44   0x0000009c   Code   RO         7591    i.USART_Reset       at32f4xx_usart.o
    0x08001ee0   0x08001ee0   0x00000008   Code   RO         7593    i.USART_SendData    at32f4xx_usart.o
    0x08001ee8   0x08001ee8   0x00000018   Code   RO         7599    i.USART_StructInit  at32f4xx_usart.o
    0x08001f00   0x08001f00   0x00000034   Code   RO         5094    i.__isleap          time.o
    0x08001f34   0x08001f34   0x00000006   Code   RO         4311    i.__wqueue_default_wake  waitqueue.o
    0x08001f3a   0x08001f3a   0x00000002   PAD
    0x08001f3c   0x08001f3c   0x00000028   Code   RO         1189    i._get_highest_priority_thread  scheduler.o
    0x08001f64   0x08001f64   0x0000001a   Code   RO         2345    i._get_path_lastname  dfs_file.o
    0x08001f7e   0x08001f7e   0x00000002   PAD
    0x08001f80   0x08001f80   0x00000014   Code   RO          305    i._has_defunct_thread  idle.o
    0x08001f94   0x08001f94   0x00000098   Code   RO         4695    i._msh_exec_cmd     msh.o
    0x0800202c   0x0800202c   0x00000048   Code   RO         3475    i._pin_control      pin.o
    0x08002074   0x08002074   0x00000054   Code   RO         3476    i._pin_read         pin.o
    0x080020c8   0x080020c8   0x00000054   Code   RO         3477    i._pin_write        pin.o
    0x0800211c   0x0800211c   0x000000c8   Code   RO         1190    i._rt_scheduler_stack_check  scheduler.o
    0x080021e4   0x080021e4   0x000000d0   Code   RO         1288    i._rt_thread_init   thread.o
    0x080022b4   0x080022b4   0x00000042   Code   RO         1437    i._rt_timer_init    timer.o
    0x080022f6   0x080022f6   0x0000002e   Code   RO         1438    i._rt_timer_remove  timer.o
    0x08002324   0x08002324   0x00000048   Code   RO         3544    i._serial_check_buffer_size  serial.o
    0x0800236c   0x0800236c   0x00000064   Code   RO         3545    i._serial_fifo_calc_recved_len  serial.o
    0x080023d0   0x080023d0   0x000000b8   Code   RO         3546    i._serial_int_rx    serial.o
    0x08002488   0x08002488   0x00000070   Code   RO         3547    i._serial_int_tx    serial.o
    0x080024f8   0x080024f8   0x0000005c   Code   RO         3548    i._serial_poll_rx   serial.o
    0x08002554   0x08002554   0x00000054   Code   RO         3549    i._serial_poll_tx   serial.o
    0x080025a8   0x080025a8   0x00000014   Code   RO         3801    i._spi_bus_device_control  spi_dev.o
    0x080025bc   0x080025bc   0x00000064   Code   RO         3802    i._spi_bus_device_read  spi_dev.o
    0x08002620   0x08002620   0x00000064   Code   RO         3803    i._spi_bus_device_write  spi_dev.o
    0x08002684   0x08002684   0x00000014   Code   RO         4936    i._sys_close        stubs.o
    0x08002698   0x08002698   0x00000004   Code   RO         4938    i._sys_exit         stubs.o
    0x0800269c   0x0800269c   0x0000001e   Code   RO         4939    i._sys_flen         stubs.o
    0x080026ba   0x080026ba   0x00000012   Code   RO         4940    i._sys_istty        stubs.o
    0x080026cc   0x080026cc   0x000000a0   Code   RO         4941    i._sys_open         stubs.o
    0x0800276c   0x0800276c   0x00000046   Code   RO         4942    i._sys_read         stubs.o
    0x080027b2   0x080027b2   0x0000001c   Code   RO         4943    i._sys_seek         stubs.o
    0x080027ce   0x080027ce   0x00000046   Code   RO         4945    i._sys_write        stubs.o
    0x08002814   0x08002814   0x00000010   Code   RO         4946    i._ttywrch          stubs.o
    0x08002824   0x08002824   0x00000138   Code   RO         1964    i.at32_configure    drv_usart.o
    0x0800295c   0x0800295c   0x000000a4   Code   RO         1965    i.at32_control      drv_usart.o
    0x08002a00   0x08002a00   0x00000064   Code   RO         1966    i.at32_getc         drv_usart.o
    0x08002a64   0x08002a64   0x000000c8   Code   RO         1763    i.at32_msp_spi_init  at32_msp.o
    0x08002b2c   0x08002b2c   0x0000005c   Code   RO         1764    i.at32_msp_usart_init  at32_msp.o
    0x08002b88   0x08002b88   0x000000dc   Code   RO         1854    i.at32_pin_attach_irq  drv_gpio.o
    0x08002c64   0x08002c64   0x0000008c   Code   RO         1855    i.at32_pin_dettach_irq  drv_gpio.o
    0x08002cf0   0x08002cf0   0x000001c8   Code   RO         1856    i.at32_pin_irq_enable  drv_gpio.o
    0x08002eb8   0x08002eb8   0x00000072   Code   RO         1857    i.at32_pin_mode     drv_gpio.o
    0x08002f2a   0x08002f2a   0x0000002a   Code   RO         1858    i.at32_pin_read     drv_gpio.o
    0x08002f54   0x08002f54   0x00000028   Code   RO         1859    i.at32_pin_write    drv_gpio.o
    0x08002f7c   0x08002f7c   0x00000068   Code   RO         1967    i.at32_putc         drv_usart.o
    0x08002fe4   0x08002fe4   0x0000001e   Code   RO         1860    i.bit2bitno         drv_gpio.o
    0x08003002   0x08003002   0x00000002   PAD
    0x08003004   0x08003004   0x000000fc   Code   RO         2109    i.bus_fault_track   cpuport.o
    0x08003100   0x08003100   0x00000068   Code   RO         2346    i.cat               dfs_file.o
    0x08003168   0x08003168   0x00000094   Code   RO         2544    i.chdir             dfs_posix.o
    0x080031fc   0x080031fc   0x0000007c   Code   RO         3117    i.check_fs          ff.o
    0x08003278   0x08003278   0x00000014   Code   RO         3118    i.chk_chr           ff.o
    0x0800328c   0x0800328c   0x00000014   Code   RO         4566    i.clear             cmd.o
    0x080032a0   0x080032a0   0x00000032   Code   RO         3119    i.clmt_clust        ff.o
    0x080032d2   0x080032d2   0x00000044   Code   RO         2545    i.close             dfs_posix.o
    0x08003316   0x08003316   0x0000004a   Code   RO         2546    i.closedir          dfs_posix.o
    0x08003360   0x08003360   0x0000001a   Code   RO         3120    i.clust2sect        ff.o
    0x0800337a   0x0800337a   0x00000002   PAD
    0x0800337c   0x0800337c   0x00000060   Code   RO         4768    i.cmd_cat           msh_file.o
    0x080033dc   0x080033dc   0x0000004c   Code   RO         4769    i.cmd_cd            msh_file.o
    0x08003428   0x08003428   0x00000054   Code   RO         4770    i.cmd_cp            msh_file.o
    0x0800347c   0x0800347c   0x00000054   Code   RO         4771    i.cmd_df            msh_file.o
    0x080034d0   0x080034d0   0x0000009c   Code   RO         4772    i.cmd_echo          msh_file.o
    0x0800356c   0x0800356c   0x0000000e   Code   RO         4696    i.cmd_free          msh.o
    0x0800357a   0x0800357a   0x00000002   PAD
    0x0800357c   0x0800357c   0x00000020   Code   RO         4773    i.cmd_ls            msh_file.o
    0x0800359c   0x0800359c   0x00000080   Code   RO         4774    i.cmd_mkdir         msh_file.o
    0x0800361c   0x0800361c   0x00000094   Code   RO         4775    i.cmd_mkfs          msh_file.o
    0x080036b0   0x080036b0   0x00000138   Code   RO         4776    i.cmd_mv            msh_file.o
    0x080037e8   0x080037e8   0x0000000e   Code   RO         4697    i.cmd_ps            msh.o
    0x080037f6   0x080037f6   0x00000002   PAD
    0x080037f8   0x080037f8   0x0000001c   Code   RO         4777    i.cmd_pwd           msh_file.o
    0x08003814   0x08003814   0x00000064   Code   RO         4778    i.cmd_rm            msh_file.o
    0x08003878   0x08003878   0x00000098   Code   RO         3121    i.cmp_lfn           ff.o
    0x08003910   0x08003910   0x000001b0   Code   RO         2027    i.configure         drv_spi.o
    0x08003ac0   0x08003ac0   0x0000016c   Code   RO         2347    i.copy              dfs_file.o
    0x08003c2c   0x08003c2c   0x00000138   Code   RO         2348    i.copydir           dfs_file.o
    0x08003d64   0x08003d64   0x0000010c   Code   RO         2349    i.copyfile          dfs_file.o
    0x08003e70   0x08003e70   0x000000e0   Code   RO         3122    i.create_chain      ff.o
    0x08003f50   0x08003f50   0x00000230   Code   RO         3123    i.create_name       ff.o
    0x08004180   0x08004180   0x00000010   Code   RO         2841    i.devfs_init        devfs.o
    0x08004190   0x08004190   0x00000124   Code   RO         2471    i.df                dfs_fs.o
    0x080042b4   0x080042b4   0x00000098   Code   RO         2842    i.dfs_device_fs_close  devfs.o
    0x0800434c   0x0800434c   0x00000098   Code   RO         2843    i.dfs_device_fs_getdents  devfs.o
    0x080043e4   0x080043e4   0x00000064   Code   RO         2844    i.dfs_device_fs_ioctl  devfs.o
    0x08004448   0x08004448   0x00000006   Code   RO         2845    i.dfs_device_fs_mount  devfs.o
    0x0800444e   0x0800444e   0x00000002   PAD
    0x08004450   0x08004450   0x00000114   Code   RO         2846    i.dfs_device_fs_open  devfs.o
    0x08004564   0x08004564   0x00000006   Code   RO         2847    i.dfs_device_fs_poll  devfs.o
    0x0800456a   0x0800456a   0x00000002   PAD
    0x0800456c   0x0800456c   0x00000068   Code   RO         2848    i.dfs_device_fs_read  devfs.o
    0x080045d4   0x080045d4   0x00000094   Code   RO         2849    i.dfs_device_fs_stat  devfs.o
    0x08004668   0x08004668   0x00000068   Code   RO         2850    i.dfs_device_fs_write  devfs.o
    0x080046d0   0x080046d0   0x00000078   Code   RO         2915    i.dfs_elm_close     dfs_elm.o
    0x08004748   0x08004748   0x00000038   Code   RO         2916    i.dfs_elm_flush     dfs_elm.o
    0x08004780   0x08004780   0x000000f4   Code   RO         2917    i.dfs_elm_getdents  dfs_elm.o
    0x08004874   0x08004874   0x00000074   Code   RO         2918    i.dfs_elm_ioctl     dfs_elm.o
    0x080048e8   0x080048e8   0x00000094   Code   RO         2919    i.dfs_elm_lseek     dfs_elm.o
    0x0800497c   0x0800497c   0x00000144   Code   RO         2920    i.dfs_elm_mkfs      dfs_elm.o
    0x08004ac0   0x08004ac0   0x0000010c   Code   RO         2921    i.dfs_elm_mount     dfs_elm.o
    0x08004bcc   0x08004bcc   0x0000016c   Code   RO         2922    i.dfs_elm_open      dfs_elm.o
    0x08004d38   0x08004d38   0x0000005c   Code   RO         2923    i.dfs_elm_read      dfs_elm.o
    0x08004d94   0x08004d94   0x00000064   Code   RO         2924    i.dfs_elm_rename    dfs_elm.o
    0x08004df8   0x08004df8   0x00000108   Code   RO         2925    i.dfs_elm_stat      dfs_elm.o
    0x08004f00   0x08004f00   0x000000a0   Code   RO         2926    i.dfs_elm_statfs    dfs_elm.o
    0x08004fa0   0x08004fa0   0x0000005c   Code   RO         2927    i.dfs_elm_unlink    dfs_elm.o
    0x08004ffc   0x08004ffc   0x0000007c   Code   RO         2928    i.dfs_elm_unmount   dfs_elm.o
    0x08005078   0x08005078   0x00000060   Code   RO         2929    i.dfs_elm_write     dfs_elm.o
    0x080050d8   0x080050d8   0x00000008   Code   RO         2176    i.dfs_fdtable_get   dfs.o
    0x080050e0   0x080050e0   0x00000034   Code   RO         2350    i.dfs_file_close    dfs_file.o
    0x08005114   0x08005114   0x00000030   Code   RO         2353    i.dfs_file_getdents  dfs_file.o
    0x08005144   0x08005144   0x00000030   Code   RO         2355    i.dfs_file_lseek    dfs_file.o
    0x08005174   0x08005174   0x000000dc   Code   RO         2356    i.dfs_file_open     dfs_file.o
    0x08005250   0x08005250   0x0000003e   Code   RO         2357    i.dfs_file_read     dfs_file.o
    0x0800528e   0x0800528e   0x000000aa   Code   RO         2358    i.dfs_file_rename   dfs_file.o
    0x08005338   0x08005338   0x00000160   Code   RO         2359    i.dfs_file_stat     dfs_file.o
    0x08005498   0x08005498   0x0000009c   Code   RO         2360    i.dfs_file_unlink   dfs_file.o
    0x08005534   0x08005534   0x0000002a   Code   RO         2361    i.dfs_file_write    dfs_file.o
    0x0800555e   0x0800555e   0x00000002   PAD
    0x08005560   0x08005560   0x00000084   Code   RO         2474    i.dfs_filesystem_lookup  dfs_fs.o
    0x080055e4   0x080055e4   0x000000a4   Code   RO         2177    i.dfs_init          dfs.o
    0x08005688   0x08005688   0x00000034   Code   RO         2178    i.dfs_lock          dfs.o
    0x080056bc   0x080056bc   0x0000015c   Code   RO         2475    i.dfs_mkfs          dfs_fs.o
    0x08005818   0x08005818   0x0000020c   Code   RO         2476    i.dfs_mount         dfs_fs.o
    0x08005a24   0x08005a24   0x00000178   Code   RO         2179    i.dfs_normalize_path  dfs.o
    0x08005b9c   0x08005b9c   0x000000d0   Code   RO         2477    i.dfs_register      dfs_fs.o
    0x08005c6c   0x08005c6c   0x00000028   Code   RO         2478    i.dfs_statfs        dfs_fs.o
    0x08005c94   0x08005c94   0x00000038   Code   RO         2180    i.dfs_subdir        dfs.o
    0x08005ccc   0x08005ccc   0x00000010   Code   RO         2181    i.dfs_unlock        dfs.o
    0x08005cdc   0x08005cdc   0x00000060   Code   RO         3124    i.dir_alloc         ff.o
    0x08005d3c   0x08005d3c   0x000000fc   Code   RO         3125    i.dir_find          ff.o
    0x08005e38   0x08005e38   0x0000010c   Code   RO         3126    i.dir_next          ff.o
    0x08005f44   0x08005f44   0x000000d2   Code   RO         3127    i.dir_read          ff.o
    0x08006016   0x08006016   0x00000142   Code   RO         3128    i.dir_register      ff.o
    0x08006158   0x08006158   0x00000060   Code   RO         3129    i.dir_remove        ff.o
    0x080061b8   0x080061b8   0x0000009a   Code   RO         3130    i.dir_sdi           ff.o
    0x08006252   0x08006252   0x00000006   Code   RO         2930    i.disk_initialize   dfs_elm.o
    0x08006258   0x08006258   0x000000a0   Code   RO         2931    i.disk_ioctl        dfs_elm.o
    0x080062f8   0x080062f8   0x00000034   Code   RO         2932    i.disk_read         dfs_elm.o
    0x0800632c   0x0800632c   0x00000006   Code   RO         2933    i.disk_status       dfs_elm.o
    0x08006332   0x08006332   0x00000002   PAD
    0x08006334   0x08006334   0x00000034   Code   RO         2934    i.disk_write        dfs_elm.o
    0x08006368   0x08006368   0x00000024   Code   RO         3131    i.elm_get_vol       ff.o
    0x0800638c   0x0800638c   0x00000010   Code   RO         2935    i.elm_init          dfs_elm.o
    0x0800639c   0x0800639c   0x00000058   Code   RO         2936    i.elm_result_to_dfs  dfs_elm.o
    0x080063f4   0x080063f4   0x0000002a   Code   RO         3132    i.f_close           ff.o
    0x0800641e   0x0800641e   0x00000104   Code   RO         3134    i.f_getfree         ff.o
    0x08006522   0x08006522   0x0000033a   Code   RO         3135    i.f_lseek           ff.o
    0x0800685c   0x0800685c   0x00000192   Code   RO         3136    i.f_mkdir           ff.o
    0x080069ee   0x080069ee   0x00000002   PAD
    0x080069f0   0x080069f0   0x00000684   Code   RO         3137    i.f_mkfs            ff.o
    0x08007074   0x08007074   0x00000080   Code   RO         3138    i.f_mount           ff.o
    0x080070f4   0x080070f4   0x00000222   Code   RO         3139    i.f_open            ff.o
    0x08007316   0x08007316   0x0000009a   Code   RO         3140    i.f_opendir         ff.o
    0x080073b0   0x080073b0   0x00000200   Code   RO         3141    i.f_read            ff.o
    0x080075b0   0x080075b0   0x00000078   Code   RO         3142    i.f_readdir         ff.o
    0x08007628   0x08007628   0x00000142   Code   RO         3143    i.f_rename          ff.o
    0x0800776a   0x0800776a   0x0000003e   Code   RO         3144    i.f_seekdir         ff.o
    0x080077a8   0x080077a8   0x00000068   Code   RO         3145    i.f_stat            ff.o
    0x08007810   0x08007810   0x000000b0   Code   RO         3146    i.f_sync            ff.o
    0x080078c0   0x080078c0   0x000000d2   Code   RO         3147    i.f_truncate        ff.o
    0x08007992   0x08007992   0x000000d4   Code   RO         3148    i.f_unlink          ff.o
    0x08007a66   0x08007a66   0x00000244   Code   RO         3149    i.f_write           ff.o
    0x08007caa   0x08007caa   0x0000009e   Code   RO         2182    i.fd_alloc          dfs.o
    0x08007d48   0x08007d48   0x00000054   Code   RO         2183    i.fd_get            dfs.o
    0x08007d9c   0x08007d9c   0x000000a6   Code   RO         2184    i.fd_is_open        dfs.o
    0x08007e42   0x08007e42   0x00000002   PAD
    0x08007e44   0x08007e44   0x000000a8   Code   RO         2185    i.fd_new            dfs.o
    0x08007eec   0x08007eec   0x00000064   Code   RO         2186    i.fd_put            dfs.o
    0x08007f50   0x08007f50   0x0000004c   Code   RO         3446    i.ff_convert        ccsbcs.o
    0x08007f9c   0x08007f9c   0x00000030   Code   RO         2937    i.ff_cre_syncobj    dfs_elm.o
    0x08007fcc   0x08007fcc   0x00000010   Code   RO         2938    i.ff_del_syncobj    dfs_elm.o
    0x08007fdc   0x08007fdc   0x0000000c   Code   RO         2939    i.ff_memalloc       dfs_elm.o
    0x08007fe8   0x08007fe8   0x0000000c   Code   RO         2940    i.ff_memfree        dfs_elm.o
    0x08007ff4   0x08007ff4   0x0000000c   Code   RO         2941    i.ff_rel_grant      dfs_elm.o
    0x08008000   0x08008000   0x00000018   Code   RO         2942    i.ff_req_grant      dfs_elm.o
    0x08008018   0x08008018   0x000000a4   Code   RO         3447    i.ff_wtoupper       ccsbcs.o
    0x080080bc   0x080080bc   0x00000018   Code   RO         8747    i.fgetc             c_w.l(fgetc.o)
    0x080080d4   0x080080d4   0x00000304   Code   RO         3150    i.find_volume       ff.o
    0x080083d8   0x080083d8   0x00000090   Code   RO         4461    i.finsh_get_prompt  shell.o
    0x08008468   0x08008468   0x00000010   Code   RO         4463    i.finsh_getchar     shell.o
    0x08008478   0x08008478   0x00000048   Code   RO         4466    i.finsh_set_prompt_mode  shell.o
    0x080084c0   0x080084c0   0x00000014   Code   RO         4467    i.finsh_system_function_init  shell.o
    0x080084d4   0x080084d4   0x0000009c   Code   RO         4468    i.finsh_system_init  shell.o
    0x08008570   0x08008570   0x000004ec   Code   RO         4470    i.finsh_thread_entry  shell.o
    0x08008a5c   0x08008a5c   0x000000a2   Code   RO         3151    i.follow_path       ff.o
    0x08008afe   0x08008afe   0x0000000c   Code   RO         4875    i.free              mem_std.o
    0x08008b0a   0x08008b0a   0x00000052   Code   RO         2548    i.fstat             dfs_posix.o
    0x08008b5c   0x08008b5c   0x000000b4   Code   RO         3152    i.gen_numname       ff.o
    0x08008c10   0x08008c10   0x00000024   Code   RO         2943    i.get_disk          dfs_elm.o
    0x08008c34   0x08008c34   0x000000e0   Code   RO         3153    i.get_fat           ff.o
    0x08008d14   0x08008d14   0x00000054   Code   RO         2944    i.get_fattime       dfs_elm.o
    0x08008d68   0x08008d68   0x00000142   Code   RO         3154    i.get_fileinfo      ff.o
    0x08008eaa   0x08008eaa   0x0000004a   Code   RO         3155    i.get_ldnumber      ff.o
    0x08008ef4   0x08008ef4   0x00000024   Code   RO         1861    i.get_pin           drv_gpio.o
    0x08008f18   0x08008f18   0x00000020   Code   RO         2551    i.getcwd            dfs_posix.o
    0x08008f38   0x08008f38   0x000000cc   Code   RO         5101    i.gmtime_r          time.o
    0x08009004   0x08009004   0x00000080   Code   RO         2110    i.hard_fault_track  cpuport.o
    0x08009084   0x08009084   0x00000020   Code   RO         4567    i.hello             cmd.o
    0x080090a4   0x080090a4   0x00000026   Code   RO         3156    i.ld_clust          ff.o
    0x080090ca   0x080090ca   0x00000018   Code   RO         3157    i.ld_dword          ff.o
    0x080090e2   0x080090e2   0x0000000c   Code   RO         3158    i.ld_word           ff.o
    0x080090ee   0x080090ee   0x00000002   PAD
    0x080090f0   0x080090f0   0x0000000c   Code   RO         4904    i.libc_stdio_get_console  stdio.o
    0x080090fc   0x080090fc   0x00000044   Code   RO         4905    i.libc_stdio_read   stdio.o
    0x08009140   0x08009140   0x00000054   Code   RO         4906    i.libc_stdio_set_console  stdio.o
    0x08009194   0x08009194   0x00000044   Code   RO         4907    i.libc_stdio_write  stdio.o
    0x080091d8   0x080091d8   0x00000016   Code   RO         4856    i.libc_system_init  libc.o
    0x080091ee   0x080091ee   0x00000002   PAD
    0x080091f0   0x080091f0   0x00000068   Code   RO         4568    i.list              cmd.o
    0x08009258   0x08009258   0x00000118   Code   RO         4569    i.list_device       cmd.o
    0x08009370   0x08009370   0x00000144   Code   RO         4570    i.list_event        cmd.o
    0x080094b4   0x080094b4   0x00000148   Code   RO         2187    i.list_fd           dfs.o
    0x080095fc   0x080095fc   0x0000002a   Code   RO         4571    i.list_find_init    cmd.o
    0x08009626   0x08009626   0x00000088   Code   RO         4572    i.list_get_next     cmd.o
    0x080096ae   0x080096ae   0x00000002   PAD
    0x080096b0   0x080096b0   0x0000015c   Code   RO         4573    i.list_mailbox      cmd.o
    0x0800980c   0x0800980c   0x00000078   Code   RO          876    i.list_mem          mem.o
    0x08009884   0x08009884   0x00000120   Code   RO         4574    i.list_memheap      cmd.o
    0x080099a4   0x080099a4   0x00000174   Code   RO         4575    i.list_mempool      cmd.o
    0x08009b18   0x08009b18   0x00000144   Code   RO         4576    i.list_msgqueue     cmd.o
    0x08009c5c   0x08009c5c   0x0000010c   Code   RO         4577    i.list_mutex        cmd.o
    0x08009d68   0x08009d68   0x00000138   Code   RO         4578    i.list_sem          cmd.o
    0x08009ea0   0x08009ea0   0x000001e4   Code   RO         4579    i.list_thread       cmd.o
    0x0800a084   0x0800a084   0x00000160   Code   RO         4580    i.list_timer        cmd.o
    0x0800a1e4   0x0800a1e4   0x00000014   Code   RO         5102    i.localtime         time.o
    0x0800a1f8   0x0800a1f8   0x00000010   Code   RO         5103    i.localtime_r       time.o
    0x0800a208   0x0800a208   0x0000000c   Code   RO         3159    i.lock_fs           ff.o
    0x0800a214   0x0800a214   0x00000130   Code   RO         2362    i.ls                dfs_file.o
    0x0800a344   0x0800a344   0x00000096   Code   RO         2553    i.lseek             dfs_posix.o
    0x0800a3da   0x0800a3da   0x00000076   Code   RO         1573    i.main              main.o
    0x0800a450   0x0800a450   0x0000000e   Code   RO          104    i.main_thread_entry  components.o
    0x0800a45e   0x0800a45e   0x0000000c   Code   RO         4876    i.malloc            mem_std.o
    0x0800a46a   0x0800a46a   0x00000024   Code   RO         3160    i.mem_cmp           ff.o
    0x0800a48e   0x0800a48e   0x0000001a   Code   RO         3161    i.mem_cpy           ff.o
    0x0800a4a8   0x0800a4a8   0x000000e8   Code   RO         2111    i.mem_manage_fault_track  cpuport.o
    0x0800a590   0x0800a590   0x00000012   Code   RO         3162    i.mem_set           ff.o
    0x0800a5a2   0x0800a5a2   0x00000002   PAD
    0x0800a5a4   0x0800a5a4   0x0000006c   Code   RO         2554    i.mkdir             dfs_posix.o
    0x0800a610   0x0800a610   0x00000010   Code   RO         2480    i.mkfs              dfs_fs.o
    0x0800a620   0x0800a620   0x00000174   Code   RO         5104    i.mktime            time.o
    0x0800a794   0x0800a794   0x00000034   Code   RO         3163    i.move_window       ff.o
    0x0800a7c8   0x0800a7c8   0x000000c8   Code   RO         4698    i.msh_auto_complete  msh.o
    0x0800a890   0x0800a890   0x00000198   Code   RO         4699    i.msh_auto_complete_path  msh.o
    0x0800aa28   0x0800aa28   0x00000078   Code   RO         4700    i.msh_exec          msh.o
    0x0800aaa0   0x0800aaa0   0x00000124   Code   RO         4779    i.msh_exec_script   msh_file.o
    0x0800abc4   0x0800abc4   0x0000005c   Code   RO         4701    i.msh_get_cmd       msh.o
    0x0800ac20   0x0800ac20   0x00000080   Code   RO         4702    i.msh_help          msh.o
    0x0800aca0   0x0800aca0   0x00000004   Code   RO         4703    i.msh_is_used       msh.o
    0x0800aca4   0x0800aca4   0x0000007a   Code   RO         4780    i.msh_readline      msh_file.o
    0x0800ad1e   0x0800ad1e   0x00000002   PAD
    0x0800ad20   0x0800ad20   0x000000f0   Code   RO         4704    i.msh_split         msh.o
    0x0800ae10   0x0800ae10   0x0000001c   Code   RO         4581    i.object_split      cmd.o
    0x0800ae2c   0x0800ae2c   0x0000005c   Code   RO         2555    i.open              dfs_posix.o
    0x0800ae88   0x0800ae88   0x00000080   Code   RO         2556    i.opendir           dfs_posix.o
    0x0800af08   0x0800af08   0x00000088   Code   RO         3164    i.pick_lfn          ff.o
    0x0800af90   0x0800af90   0x0000010c   Code   RO          877    i.plug_holes        mem.o
    0x0800b09c   0x0800b09c   0x00000198   Code   RO          679    i.print_number      kservice.o
    0x0800b234   0x0800b234   0x00000138   Code   RO         3165    i.put_fat           ff.o
    0x0800b36c   0x0800b36c   0x00000080   Code   RO         3166    i.put_lfn           ff.o
    0x0800b3ec   0x0800b3ec   0x00000050   Code   RO         2557    i.read              dfs_posix.o
    0x0800b43c   0x0800b43c   0x00000084   Code   RO         2558    i.readdir           dfs_posix.o
    0x0800b4c0   0x0800b4c0   0x0000009a   Code   RO         3167    i.remove_chain      ff.o
    0x0800b55a   0x0800b55a   0x00000024   Code   RO         2559    i.rename            dfs_posix.o
    0x0800b57e   0x0800b57e   0x00000038   Code   RO         2560    i.rewinddir         dfs_posix.o
    0x0800b5b6   0x0800b5b6   0x00000002   PAD
    0x0800b5b8   0x0800b5b8   0x0000002c   Code   RO         2363    i.rm                dfs_file.o
    0x0800b5e4   0x0800b5e4   0x00000050   Code   RO          105    i.rt_application_init  components.o
    0x0800b634   0x0800b634   0x00000074   Code   RO          680    i.rt_assert_handler  kservice.o
    0x0800b6a8   0x0800b6a8   0x00000022   Code   RO          878    i.rt_calloc         mem.o
    0x0800b6ca   0x0800b6ca   0x00000002   PAD
    0x0800b6cc   0x0800b6cc   0x00000068   Code   RO         3850    i.rt_completion_done  completion.o
    0x0800b734   0x0800b734   0x00000048   Code   RO         3851    i.rt_completion_init  completion.o
    0x0800b77c   0x0800b77c   0x00000140   Code   RO         3852    i.rt_completion_wait  completion.o
    0x0800b8bc   0x0800b8bc   0x0000001c   Code   RO          106    i.rt_components_board_init  components.o
    0x0800b8d8   0x0800b8d8   0x0000001c   Code   RO          107    i.rt_components_init  components.o
    0x0800b8f4   0x0800b8f4   0x0000000c   Code   RO          682    i.rt_console_get_device  kservice.o
    0x0800b900   0x0800b900   0x00000034   Code   RO          683    i.rt_console_set_device  kservice.o
    0x0800b934   0x0800b934   0x000000ac   Code   RO          172    i.rt_device_close   device.o
    0x0800b9e0   0x0800b9e0   0x00000094   Code   RO          173    i.rt_device_control  device.o
    0x0800ba74   0x0800ba74   0x0000007c   Code   RO          176    i.rt_device_find    device.o
    0x0800baf0   0x0800baf0   0x00000148   Code   RO          179    i.rt_device_open    device.o
    0x0800bc38   0x0800bc38   0x00000048   Code   RO         3478    i.rt_device_pin_register  pin.o
    0x0800bc80   0x0800bc80   0x000000b4   Code   RO          180    i.rt_device_read    device.o
    0x0800bd34   0x0800bd34   0x00000070   Code   RO          181    i.rt_device_register  device.o
    0x0800bda4   0x0800bda4   0x00000080   Code   RO          182    i.rt_device_set_rx_indicate  device.o
    0x0800be24   0x0800be24   0x000000b4   Code   RO          185    i.rt_device_write   device.o
    0x0800bed8   0x0800bed8   0x00000020   Code   RO         1192    i.rt_enter_critical  scheduler.o
    0x0800bef8   0x0800bef8   0x00000044   Code   RO         1193    i.rt_exit_critical  scheduler.o
    0x0800bf3c   0x0800bf3c   0x00000208   Code   RO          879    i.rt_free           mem.o
    0x0800c144   0x0800c144   0x00000038   Code   RO         1716    i.rt_hw_board_init  board.o
    0x0800c17c   0x0800c17c   0x00000002   Code   RO          686    i.rt_hw_console_output  kservice.o
    0x0800c17e   0x0800c17e   0x00000002   PAD
    0x0800c180   0x0800c180   0x0000022c   Code   RO         2115    i.rt_hw_hard_fault_exception  cpuport.o
    0x0800c3ac   0x0800c3ac   0x00000048   Code   RO         1862    i.rt_hw_pin_init    drv_gpio.o
    0x0800c3f4   0x0800c3f4   0x000000f8   Code   RO         3550    i.rt_hw_serial_isr  serial.o
    0x0800c4ec   0x0800c4ec   0x00000088   Code   RO         3551    i.rt_hw_serial_register  serial.o
    0x0800c574   0x0800c574   0x00000060   Code   RO         2029    i.rt_hw_spi_init    drv_spi.o
    0x0800c5d4   0x0800c5d4   0x00000050   Code   RO         2116    i.rt_hw_stack_init  cpuport.o
    0x0800c624   0x0800c624   0x0000009c   Code   RO         1968    i.rt_hw_usart_init  drv_usart.o
    0x0800c6c0   0x0800c6c0   0x00000038   Code   RO          639    i.rt_interrupt_enter  irq.o
    0x0800c6f8   0x0800c6f8   0x0000001c   Code   RO          641    i.rt_interrupt_get_nest  irq.o
    0x0800c714   0x0800c714   0x00000038   Code   RO          642    i.rt_interrupt_leave  irq.o
    0x0800c74c   0x0800c74c   0x00000018   Code   RO          365    i.rt_ipc_list_resume  ipc.o
    0x0800c764   0x0800c764   0x00000032   Code   RO          366    i.rt_ipc_list_resume_all  ipc.o
    0x0800c796   0x0800c796   0x0000006c   Code   RO          367    i.rt_ipc_list_suspend  ipc.o
    0x0800c802   0x0800c802   0x00000010   Code   RO          368    i.rt_ipc_object_init  ipc.o
    0x0800c812   0x0800c812   0x00000002   PAD
    0x0800c814   0x0800c814   0x00000068   Code   RO          687    i.rt_kprintf        kservice.o
    0x0800c87c   0x0800c87c   0x00000006   Code   RO          369    i.rt_list_init      ipc.o
    0x0800c882   0x0800c882   0x00000006   Code   RO         1194    i.rt_list_init      scheduler.o
    0x0800c888   0x0800c888   0x00000006   Code   RO         1439    i.rt_list_init      timer.o
    0x0800c88e   0x0800c88e   0x0000000e   Code   RO         1070    i.rt_list_insert_after  object.o
    0x0800c89c   0x0800c89c   0x0000000e   Code   RO         1289    i.rt_list_insert_after  thread.o
    0x0800c8aa   0x0800c8aa   0x0000000e   Code   RO         1440    i.rt_list_insert_after  timer.o
    0x0800c8b8   0x0800c8b8   0x0000000e   Code   RO          370    i.rt_list_insert_before  ipc.o
    0x0800c8c6   0x0800c8c6   0x00000010   Code   RO          371    i.rt_list_isempty   ipc.o
    0x0800c8d6   0x0800c8d6   0x00000010   Code   RO         1441    i.rt_list_isempty   timer.o
    0x0800c8e6   0x0800c8e6   0x00000010   Code   RO         3853    i.rt_list_isempty   completion.o
    0x0800c8f6   0x0800c8f6   0x00000010   Code   RO         4582    i.rt_list_isempty   cmd.o
    0x0800c906   0x0800c906   0x00000014   Code   RO         4583    i.rt_list_len       cmd.o
    0x0800c91a   0x0800c91a   0x00000012   Code   RO         1071    i.rt_list_remove    object.o
    0x0800c92c   0x0800c92c   0x00000012   Code   RO         1290    i.rt_list_remove    thread.o
    0x0800c93e   0x0800c93e   0x00000002   PAD
    0x0800c940   0x0800c940   0x000002bc   Code   RO          881    i.rt_malloc         mem.o
    0x0800cbfc   0x0800cbfc   0x0000007c   Code   RO          691    i.rt_memcpy         kservice.o
    0x0800cc78   0x0800cc78   0x00000042   Code   RO          692    i.rt_memmove        kservice.o
    0x0800ccba   0x0800ccba   0x00000048   Code   RO          693    i.rt_memset         kservice.o
    0x0800cd02   0x0800cd02   0x00000002   PAD
    0x0800cd04   0x0800cd04   0x00000090   Code   RO          390    i.rt_mutex_create   ipc.o
    0x0800cd94   0x0800cd94   0x00000100   Code   RO          391    i.rt_mutex_delete   ipc.o
    0x0800ce94   0x0800ce94   0x00000054   Code   RO          393    i.rt_mutex_init     ipc.o
    0x0800cee8   0x0800cee8   0x000001b0   Code   RO          394    i.rt_mutex_release  ipc.o
    0x0800d098   0x0800d098   0x000001f4   Code   RO          395    i.rt_mutex_take     ipc.o
    0x0800d28c   0x0800d28c   0x000000ec   Code   RO         1072    i.rt_object_allocate  object.o
    0x0800d378   0x0800d378   0x000000a0   Code   RO         1074    i.rt_object_delete  object.o
    0x0800d418   0x0800d418   0x0000005c   Code   RO         1075    i.rt_object_detach  object.o
    0x0800d474   0x0800d474   0x00000028   Code   RO         1078    i.rt_object_get_information  object.o
    0x0800d49c   0x0800d49c   0x00000034   Code   RO         1081    i.rt_object_get_type  object.o
    0x0800d4d0   0x0800d4d0   0x000000bc   Code   RO         1082    i.rt_object_init    object.o
    0x0800d58c   0x0800d58c   0x0000003c   Code   RO         1083    i.rt_object_is_systemobject  object.o
    0x0800d5c8   0x0800d5c8   0x00000048   Code   RO         3482    i.rt_pin_mode       pin.o
    0x0800d610   0x0800d610   0x00000044   Code   RO         3483    i.rt_pin_read       pin.o
    0x0800d654   0x0800d654   0x00000048   Code   RO         3484    i.rt_pin_write      pin.o
    0x0800d69c   0x0800d69c   0x00000194   Code   RO          884    i.rt_realloc        mem.o
    0x0800d830   0x0800d830   0x00000144   Code   RO         1195    i.rt_schedule       scheduler.o
    0x0800d974   0x0800d974   0x0000009c   Code   RO         1196    i.rt_schedule_insert_thread  scheduler.o
    0x0800da10   0x0800da10   0x00000080   Code   RO         1197    i.rt_schedule_remove_thread  scheduler.o
    0x0800da90   0x0800da90   0x0000006c   Code   RO          400    i.rt_sem_init       ipc.o
    0x0800dafc   0x0800dafc   0x00000090   Code   RO          401    i.rt_sem_release    ipc.o
    0x0800db8c   0x0800db8c   0x000001a4   Code   RO          402    i.rt_sem_take       ipc.o
    0x0800dd30   0x0800dd30   0x000000d4   Code   RO         3552    i.rt_serial_close   serial.o
    0x0800de04   0x0800de04   0x000000d4   Code   RO         3553    i.rt_serial_control  serial.o
    0x0800ded8   0x0800ded8   0x00000048   Code   RO         3554    i.rt_serial_init    serial.o
    0x0800df20   0x0800df20   0x00000194   Code   RO         3555    i.rt_serial_open    serial.o
    0x0800e0b4   0x0800e0b4   0x00000058   Code   RO         3556    i.rt_serial_read    serial.o
    0x0800e10c   0x0800e10c   0x00000058   Code   RO         3557    i.rt_serial_write   serial.o
    0x0800e164   0x0800e164   0x00000028   Code   RO          694    i.rt_set_errno      kservice.o
    0x0800e18c   0x0800e18c   0x000000b0   Code   RO          695    i.rt_show_version   kservice.o
    0x0800e23c   0x0800e23c   0x00000026   Code   RO          696    i.rt_snprintf       kservice.o
    0x0800e262   0x0800e262   0x00000002   PAD
    0x0800e264   0x0800e264   0x000000b4   Code   RO         1442    i.rt_soft_timer_check  timer.o
    0x0800e318   0x0800e318   0x00000058   Code   RO         3807    i.rt_spi_bus_device_init  spi_dev.o
    0x0800e370   0x0800e370   0x00000038   Code   RO         3720    i.rt_spi_bus_register  spi_core.o
    0x0800e3a8   0x0800e3a8   0x000000f8   Code   RO         3728    i.rt_spi_transfer   spi_core.o
    0x0800e4a0   0x0800e4a0   0x00000022   Code   RO          697    i.rt_sprintf        kservice.o
    0x0800e4c2   0x0800e4c2   0x00000028   Code   RO          700    i.rt_strdup         kservice.o
    0x0800e4ea   0x0800e4ea   0x00000012   Code   RO          701    i.rt_strlen         kservice.o
    0x0800e4fc   0x0800e4fc   0x00000028   Code   RO          702    i.rt_strncmp        kservice.o
    0x0800e524   0x0800e524   0x00000034   Code   RO          703    i.rt_strncpy        kservice.o
    0x0800e558   0x0800e558   0x00000154   Code   RO          885    i.rt_system_heap_init  mem.o
    0x0800e6ac   0x0800e6ac   0x00000040   Code   RO         1199    i.rt_system_scheduler_init  scheduler.o
    0x0800e6ec   0x0800e6ec   0x00000028   Code   RO         1200    i.rt_system_scheduler_start  scheduler.o
    0x0800e714   0x0800e714   0x0000001c   Code   RO         1443    i.rt_system_timer_init  timer.o
    0x0800e730   0x0800e730   0x00000054   Code   RO         1444    i.rt_system_timer_thread_init  timer.o
    0x0800e784   0x0800e784   0x000000b8   Code   RO         1291    i.rt_thread_control  thread.o
    0x0800e83c   0x0800e83c   0x00000050   Code   RO         1292    i.rt_thread_create  thread.o
    0x0800e88c   0x0800e88c   0x0000000c   Code   RO         1293    i.rt_thread_delay   thread.o
    0x0800e898   0x0800e898   0x000000d0   Code   RO         1295    i.rt_thread_delete  thread.o
    0x0800e968   0x0800e968   0x00000054   Code   RO         1297    i.rt_thread_exit    thread.o
    0x0800e9bc   0x0800e9bc   0x00000028   Code   RO          307    i.rt_thread_idle_entry  idle.o
    0x0800e9e4   0x0800e9e4   0x000000e4   Code   RO          308    i.rt_thread_idle_excute  idle.o
    0x0800eac8   0x0800eac8   0x00000060   Code   RO          310    i.rt_thread_idle_init  idle.o
    0x0800eb28   0x0800eb28   0x0000007c   Code   RO         1299    i.rt_thread_init    thread.o
    0x0800eba4   0x0800eba4   0x00000014   Code   RO         1301    i.rt_thread_mdelay  thread.o
    0x0800ebb8   0x0800ebb8   0x0000009c   Code   RO         1302    i.rt_thread_resume  thread.o
    0x0800ec54   0x0800ec54   0x0000000c   Code   RO         1304    i.rt_thread_self    thread.o
    0x0800ec60   0x0800ec60   0x00000080   Code   RO         1305    i.rt_thread_sleep   thread.o
    0x0800ece0   0x0800ece0   0x000000c4   Code   RO         1306    i.rt_thread_startup  thread.o
    0x0800eda4   0x0800eda4   0x000000dc   Code   RO         1307    i.rt_thread_suspend  thread.o
    0x0800ee80   0x0800ee80   0x000000b4   Code   RO         1309    i.rt_thread_timeout  thread.o
    0x0800ef34   0x0800ef34   0x00000044   Code   RO         1445    i.rt_thread_timer_entry  timer.o
    0x0800ef78   0x0800ef78   0x0000000a   Code   RO         1310    i.rt_thread_yield   thread.o
    0x0800ef82   0x0800ef82   0x00000038   Code   RO            2    i.rt_tick_from_millisecond  clock.o
    0x0800efba   0x0800efba   0x00000002   PAD
    0x0800efbc   0x0800efbc   0x0000000c   Code   RO            3    i.rt_tick_get       clock.o
    0x0800efc8   0x0800efc8   0x0000003c   Code   RO            4    i.rt_tick_increase  clock.o
    0x0800f004   0x0800f004   0x000000b4   Code   RO         1446    i.rt_timer_check    timer.o
    0x0800f0b8   0x0800f0b8   0x000000c8   Code   RO         1447    i.rt_timer_control  timer.o
    0x0800f180   0x0800f180   0x000000d4   Code   RO         1450    i.rt_timer_detach   timer.o
    0x0800f254   0x0800f254   0x00000054   Code   RO         1453    i.rt_timer_init     timer.o
    0x0800f2a8   0x0800f2a8   0x0000002c   Code   RO         1454    i.rt_timer_list_next_timeout  timer.o
    0x0800f2d4   0x0800f2d4   0x000001f4   Code   RO         1456    i.rt_timer_start    timer.o
    0x0800f4c8   0x0800f4c8   0x000000c0   Code   RO         1457    i.rt_timer_stop     timer.o
    0x0800f588   0x0800f588   0x00000330   Code   RO          706    i.rt_vsnprintf      kservice.o
    0x0800f8b8   0x0800f8b8   0x00000016   Code   RO          707    i.rt_vsprintf       kservice.o
    0x0800f8ce   0x0800f8ce   0x00000026   Code   RO         4312    i.rt_wqueue_add     waitqueue.o
    0x0800f8f4   0x0800f8f4   0x00000026   Code   RO         4313    i.rt_wqueue_remove  waitqueue.o
    0x0800f91a   0x0800f91a   0x00000002   PAD
    0x0800f91c   0x0800f91c   0x000000f8   Code   RO         4314    i.rt_wqueue_wait    waitqueue.o
    0x0800fa14   0x0800fa14   0x00000066   Code   RO         4315    i.rt_wqueue_wakeup  waitqueue.o
    0x0800fa7a   0x0800fa7a   0x00000004   Code   RO          108    i.rti_board_end     components.o
    0x0800fa7e   0x0800fa7e   0x00000004   Code   RO          109    i.rti_board_start   components.o
    0x0800fa82   0x0800fa82   0x00000004   Code   RO          110    i.rti_end           components.o
    0x0800fa86   0x0800fa86   0x00000004   Code   RO          111    i.rti_start         components.o
    0x0800fa8a   0x0800fa8a   0x0000002a   Code   RO          112    i.rtthread_startup  components.o
    0x0800fab4   0x0800fab4   0x00000018   Code   RO         3558    i.serial_fops_close  serial.o
    0x0800facc   0x0800facc   0x00000030   Code   RO         3559    i.serial_fops_ioctl  serial.o
    0x0800fafc   0x0800fafc   0x000000dc   Code   RO         3560    i.serial_fops_open  serial.o
    0x0800fbd8   0x0800fbd8   0x000000a4   Code   RO         3561    i.serial_fops_poll  serial.o
    0x0800fc7c   0x0800fc7c   0x0000004e   Code   RO         3562    i.serial_fops_read  serial.o
    0x0800fcca   0x0800fcca   0x00000014   Code   RO         3563    i.serial_fops_rx_ind  serial.o
    0x0800fcde   0x0800fcde   0x0000001e   Code   RO         3564    i.serial_fops_write  serial.o
    0x0800fcfc   0x0800fcfc   0x00000038   Code   RO         4471    i.shell_auto_complete  shell.o
    0x0800fd34   0x0800fd34   0x00000030   Code   RO         4472    i.shell_handle_history  shell.o
    0x0800fd64   0x0800fd64   0x000000d8   Code   RO         4473    i.shell_push_history  shell.o
    0x0800fe3c   0x0800fe3c   0x00000030   Code   RO         4584    i.show_wait_queue   cmd.o
    0x0800fe6c   0x0800fe6c   0x00000026   Code   RO          708    i.skip_atoi         kservice.o
    0x0800fe92   0x0800fe92   0x00000024   Code   RO         3168    i.st_clust          ff.o
    0x0800feb6   0x0800feb6   0x00000018   Code   RO         3169    i.st_dword          ff.o
    0x0800fece   0x0800fece   0x0000000c   Code   RO         3170    i.st_word           ff.o
    0x0800feda   0x0800feda   0x00000020   Code   RO         4705    i.str_common        msh.o
    0x0800fefa   0x0800fefa   0x00000020   Code   RO         3171    i.sum_sfn           ff.o
    0x0800ff1a   0x0800ff1a   0x00000002   PAD
    0x0800ff1c   0x0800ff1c   0x00000090   Code   RO         3172    i.sync_fs           ff.o
    0x0800ffac   0x0800ffac   0x00000052   Code   RO         3173    i.sync_window       ff.o
    0x0800fffe   0x0800fffe   0x0000000a   Code   RO         5106    i.time              time.o
    0x08010008   0x08010008   0x00000020   Code   RO         2566    i.unlink            dfs_posix.o
    0x08010028   0x08010028   0x0000001c   Code   RO         3174    i.unlock_fs         ff.o
    0x08010044   0x08010044   0x000000e8   Code   RO         2117    i.usage_fault_track  cpuport.o
    0x0801012c   0x0801012c   0x000000c4   Code   RO         1969    i.usart_isr         drv_usart.o
    0x080101f0   0x080101f0   0x00000048   Code   RO         3175    i.validate          ff.o
    0x08010238   0x08010238   0x0000000a   Code   RO         4585    i.version           cmd.o
    0x08010242   0x08010242   0x00000050   Code   RO         2567    i.write             dfs_posix.o
    0x08010292   0x08010292   0x00000002   PAD
    0x08010294   0x08010294   0x00000160   Code   RO         2030    i.xfer              drv_spi.o
    0x080103f4   0x080103f4   0x0000000a   Code   RO         8895    x$fpl$fpinit        fz_wm.l(fpinit.o)
    0x080103fe   0x080103fe   0x00000014   Data   RO          113    .constdata          components.o
    0x08010412   0x08010412   0x000000d8   Data   RO          186    .constdata          device.o
    0x080104ea   0x080104ea   0x00000016   Data   RO          313    .constdata          idle.o
    0x08010500   0x08010500   0x000001fc   Data   RO          404    .constdata          ipc.o
    0x080106fc   0x080106fc   0x00000022   Data   RO          710    .constdata          kservice.o
    0x0801071e   0x0801071e   0x0000003c   Data   RO          887    .constdata          mem.o
    0x0801075a   0x0801075a   0x00000080   Data   RO         1088    .constdata          object.o
    0x080107da   0x080107da   0x0000004e   Data   RO         1202    .constdata          scheduler.o
    0x08010828   0x08010828   0x000000cf   Data   RO         1311    .constdata          thread.o
    0x080108f7   0x080108f7   0x0000005c   Data   RO         1459    .constdata          timer.o
    0x08010953   0x08010953   0x00000001   PAD
    0x08010954   0x08010954   0x000006b8   Data   RO         1863    .constdata          drv_gpio.o
    0x0801100c   0x0801100c   0x00000068   Data   RO         1970    .constdata          drv_usart.o
    0x08011074   0x08011074   0x00000027   Data   RO         2032    .constdata          drv_spi.o
    0x0801109b   0x0801109b   0x00000023   Data   RO         2189    .constdata          dfs.o
    0x080110be   0x080110be   0x00000002   PAD
    0x080110c0   0x080110c0   0x00000040   Data   RO         2481    .constdata          dfs_fs.o
    0x08011100   0x08011100   0x000000c5   Data   RO         2851    .constdata          devfs.o
    0x080111c5   0x080111c5   0x00000003   PAD
    0x080111c8   0x080111c8   0x000000cf   Data   RO         2945    .constdata          dfs_elm.o
    0x08011297   0x08011297   0x00000001   PAD
    0x08011298   0x08011298   0x000000aa   Data   RO         3176    .constdata          ff.o
    0x08011342   0x08011342   0x000003ae   Data   RO         3448    .constdata          ccsbcs.o
    0x080116f0   0x080116f0   0x0000007d   Data   RO         3486    .constdata          pin.o
    0x0801176d   0x0801176d   0x00000003   PAD
    0x08011770   0x08011770   0x00000127   Data   RO         3565    .constdata          serial.o
    0x08011897   0x08011897   0x000000a3   Data   RO         3730    .constdata          spi_core.o
    0x0801193a   0x0801193a   0x00000081   Data   RO         3809    .constdata          spi_dev.o
    0x080119bb   0x080119bb   0x00000039   Data   RO         3854    .constdata          completion.o
    0x080119f4   0x080119f4   0x0000000f   Data   RO         4316    .constdata          waitqueue.o
    0x08011a03   0x08011a03   0x0000004a   Data   RO         4475    .constdata          shell.o
    0x08011a4d   0x08011a4d   0x00000003   PAD
    0x08011a50   0x08011a50   0x00000058   Data   RO         4586    .constdata          cmd.o
    0x08011aa8   0x08011aa8   0x0000000e   Data   RO         4706    .constdata          msh.o
    0x08011ab6   0x08011ab6   0x0000001b   Data   RO         4949    .constdata          stubs.o
    0x08011ad1   0x08011ad1   0x00000001   PAD
    0x08011ad2   0x08011ad2   0x00000075   Data   RO         5108    .constdata          time.o
    0x08011b47   0x08011b47   0x00000001   PAD
    0x08011b48   0x08011b48   0x0000008b   Data   RO          405    .conststring        ipc.o
    0x08011bd3   0x08011bd3   0x00000001   PAD
    0x08011bd4   0x08011bd4   0x000000eb   Data   RO          888    .conststring        mem.o
    0x08011cbf   0x08011cbf   0x00000001   PAD
    0x08011cc0   0x08011cc0   0x00000042   Data   RO         1312    .conststring        thread.o
    0x08011d02   0x08011d02   0x00000002   PAD
    0x08011d04   0x08011d04   0x00000006   Data   RO         1971    .conststring        drv_usart.o
    0x08011d0a   0x08011d0a   0x00000002   PAD
    0x08011d0c   0x08011d0c   0x0000000d   Data   RO         2033    .conststring        drv_spi.o
    0x08011d19   0x08011d19   0x00000003   PAD
    0x08011d1c   0x08011d1c   0x0000000b   Data   RO         2482    .conststring        dfs_fs.o
    0x08011d27   0x08011d27   0x00000001   PAD
    0x08011d28   0x08011d28   0x00000006   Data   RO         2852    .conststring        devfs.o
    0x08011d2e   0x08011d2e   0x00000002   PAD
    0x08011d30   0x08011d30   0x00000048   Data   RO         2946    .conststring        dfs_elm.o
    0x08011d78   0x08011d78   0x00000063   Data   RO         3566    .conststring        serial.o
    0x08011ddb   0x08011ddb   0x00000001   PAD
    0x08011ddc   0x08011ddc   0x0000017d   Data   RO         4587    .conststring        cmd.o
    0x08011f59   0x08011f59   0x00000027   Data   RO          890    .rodata.name        mem.o
    0x08011f80   0x08011f80   0x00000023   Data   RO         2191    .rodata.name        dfs.o
    0x08011fa3   0x08011fa3   0x0000005f   Data   RO         2365    .rodata.name        dfs_file.o
    0x08012002   0x08012002   0x00000029   Data   RO         2483    .rodata.name        dfs_fs.o
    0x0801202b   0x0801202b   0x0000003d   Data   RO         2568    .rodata.name        dfs_posix.o
    0x08012068   0x08012068   0x00000069   Data   RO         3487    .rodata.name        pin.o
    0x080120d1   0x080120d1   0x000003cb   Data   RO         4588    .rodata.name        cmd.o
    0x0801249c   0x0801249c   0x00000076   Data   RO         4707    .rodata.name        msh.o
    0x08012512   0x08012512   0x00000190   Data   RO         4781    .rodata.name        msh_file.o
    0x080126a2   0x080126a2   0x00000002   PAD
    0x080126a4   0x080126a4   0x00000004   Data   RO          114    .rti_fn.0           components.o
    0x080126a8   0x080126a8   0x00000004   Data   RO          115    .rti_fn.0.end       components.o
    0x080126ac   0x080126ac   0x00000004   Data   RO         1865    .rti_fn.1           drv_gpio.o
    0x080126b0   0x080126b0   0x00000004   Data   RO         1973    .rti_fn.1           drv_usart.o
    0x080126b4   0x080126b4   0x00000004   Data   RO         2035    .rti_fn.1           drv_spi.o
    0x080126b8   0x080126b8   0x00000004   Data   RO          116    .rti_fn.1.end       components.o
    0x080126bc   0x080126bc   0x00000004   Data   RO         2192    .rti_fn.2           dfs.o
    0x080126c0   0x080126c0   0x00000004   Data   RO         2948    .rti_fn.4           dfs_elm.o
    0x080126c4   0x080126c4   0x00000004   Data   RO         4857    .rti_fn.4           libc.o
    0x080126c8   0x080126c8   0x00000004   Data   RO         4477    .rti_fn.6           shell.o
    0x080126cc   0x080126cc   0x00000004   Data   RO          117    .rti_fn.6.end       components.o
    0x080126d0   0x080126d0   0x0000000c   Data   RO          891    FSymTab             mem.o
    0x080126dc   0x080126dc   0x0000000c   Data   RO         2193    FSymTab             dfs.o
    0x080126e8   0x080126e8   0x00000030   Data   RO         2366    FSymTab             dfs_file.o
    0x08012718   0x08012718   0x00000018   Data   RO         2484    FSymTab             dfs_fs.o
    0x08012730   0x08012730   0x00000018   Data   RO         2569    FSymTab             dfs_posix.o
    0x08012748   0x08012748   0x00000024   Data   RO         3488    FSymTab             pin.o
    0x0801276c   0x0801276c   0x00000138   Data   RO         4589    FSymTab             cmd.o
    0x080128a4   0x080128a4   0x00000024   Data   RO         4708    FSymTab             msh.o
    0x080128c8   0x080128c8   0x00000084   Data   RO         4782    FSymTab             msh_file.o
    0x0801294c   0x0801294c   0x00000020   Data   RO         8959    Region$$Table       anon$$obj.o


    Execution Region RW_IRAM1 (Exec base: 0x20000000, Load base: 0x0801296c, Size: 0x000014d8, Max: 0x00018000, ABSOLUTE, COMPRESSED[0x000000ac])

    Exec Addr    Load Addr    Size         Type   Attr      Idx    E Section Name        Object

    0x20000000   COMPRESSED   0x00000004   Data   RW            6    .data               clock.o
    0x20000004   COMPRESSED   0x00000009   Data   RW          644    .data               irq.o
    0x2000000d   COMPRESSED   0x00000003   PAD
    0x20000010   COMPRESSED   0x0000000c   Data   RW          711    .data               kservice.o
    0x2000001c   COMPRESSED   0x00000020   Data   RW          889    .data               mem.o
    0x2000003c   COMPRESSED   0x000000b4   Data   RW         1089    .data               object.o
    0x200000f0   COMPRESSED   0x0000001c   Data   RW         1203    .data               scheduler.o
    0x2000010c   COMPRESSED   0x0000000c   Data   RW         1313    .data               thread.o
    0x20000118   COMPRESSED   0x0000001c   Data   RW         1460    .data               timer.o
    0x20000134   COMPRESSED   0x00000014   Data   RW         1797    .data               system_at32f4xx.o
    0x20000148   COMPRESSED   0x000000c4   Data   RW         1864    .data               drv_gpio.o
    0x2000020c   COMPRESSED   0x00000070   Data   RW         1972    .data               drv_usart.o
    0x2000027c   COMPRESSED   0x00000018   Data   RW         2034    .data               drv_spi.o
    0x20000294   COMPRESSED   0x00000010   Data   RW         2119    .data               cpuport.o
    0x200002a4   COMPRESSED   0x00000114   Data   RW         2190    .data               dfs.o
    0x200003b8   COMPRESSED   0x00000008   Data   RW         2947    .data               dfs_elm.o
    0x200003c0   COMPRESSED   0x0000000a   Data   RW         3177    .data               ff.o
    0x200003ca   COMPRESSED   0x00000002   PAD
    0x200003cc   COMPRESSED   0x00000004   Data   RW         3567    .data               serial.o
    0x200003d0   COMPRESSED   0x00000018   Data   RW         4476    .data               shell.o
    0x200003e8   COMPRESSED   0x00000004   Data   RW         4908    .data               stdio.o
    0x200003ec   COMPRESSED   0x00000010   Data   RW         6631    .data               at32f4xx_rcc.o
    0x200003fc   COMPRESSED   0x00000004   Data   RW         8701    .data               c_w.l(stdio_streams.o)
    0x20000400   COMPRESSED   0x00000004   Data   RW         8702    .data               c_w.l(stdio_streams.o)
    0x20000404   COMPRESSED   0x00000004   Data   RW         8703    .data               c_w.l(stdio_streams.o)
    0x20000408        -       0x00000190   Zero   RW          312    .bss                idle.o
    0x20000598        -       0x00000080   Zero   RW          709    .bss                kservice.o
    0x20000618        -       0x00000020   Zero   RW          886    .bss                mem.o
    0x20000638        -       0x00000100   Zero   RW         1201    .bss                scheduler.o
    0x20000738        -       0x00000280   Zero   RW         1458    .bss                timer.o
    0x200009b8        -       0x00000108   Zero   RW         2031    .bss                drv_spi.o
    0x20000ac0        -       0x00000044   Zero   RW         2188    .bss                dfs.o
    0x20000b04        -       0x00000128   Zero   RW         2364    .bss                dfs_file.o
    0x20000c2c        -       0x00000054   Zero   RW         3485    .bss                pin.o
    0x20000c80        -       0x00000081   Zero   RW         4474    .bss                shell.o
    0x20000d01   COMPRESSED   0x00000003   PAD
    0x20000d04        -       0x00000071   Zero   RW         5107    .bss                time.o
    0x20000d75   COMPRESSED   0x00000003   PAD
    0x20000d78        -       0x00000054   Zero   RW         8698    .bss                c_w.l(stdio_streams.o)
    0x20000dcc        -       0x00000054   Zero   RW         8699    .bss                c_w.l(stdio_streams.o)
    0x20000e20        -       0x00000054   Zero   RW         8700    .bss                c_w.l(stdio_streams.o)
    0x20000e74        -       0x00000060   Zero   RW         8898    .bss                c_w.l(libspace.o)
    0x20000ed4   COMPRESSED   0x00000004   PAD
    0x20000ed8        -       0x00000200   Zero   RW         1837    HEAP                startup_at32f403avgt7.o
    0x200010d8        -       0x00000400   Zero   RW         1836    STACK               startup_at32f403avgt7.o


==============================================================================

Image component sizes


      Code (inc. data)   RO Data    RW Data    ZI Data      Debug   Object Name

       292         26          0          0          0       1806   at32_msp.o
       216         18          0          0          0       3176   at32f4xx_exti.o
       394          4          0          0          0       6308   at32f4xx_gpio.o
       492         56          0         16          0       6406   at32f4xx_rcc.o
       166          0          0          0          0       5150   at32f4xx_spi.o
       670         28          0          0          0       9919   at32f4xx_usart.o
       184         36          0          0          0      27105   board.o
       240         24        942          0          0       2831   ccsbcs.o
       128         12          0          4          0      19942   clock.o
      3808       1370       1752          0          0      24751   cmd.o
       512        180         57          0          0       6111   completion.o
       218         50         36          0          0       5960   components.o
       308         26          0          0          0        832   context_rvds.o
      1496        738          0         16          0       6850   cpuport.o
      1064        254        203          0          0       9429   devfs.o
      1372        618        216          0          0      19756   device.o
      1676        374         86        276         68      27297   dfs.o
      3192        424        283          8          0      30355   dfs_elm.o
      2572        518        143          0        296      14669   dfs_file.o
      1560        430        140          0          0       8234   dfs_fs.o
      1298         16         85          0          0      12947   dfs_posix.o
      1536         50       1724        196          0      12626   drv_gpio.o
       880        106         56         24        264       5430   drv_spi.o
      1056        300        114        112          0       5756   drv_usart.o
     12026        170        170         10          0      60620   ff.o
       384         84         22          0        400       5874   idle.o
      2322        680        647          0          0      34448   ipc.o
       140         26          0          9          0       2238   irq.o
      2270        236         34         12        128      16417   kservice.o
        22          0          4          0          0       1368   libc.o
       118          0          0          0          0     267487   main.o
      2386        822        346         32         32       7028   mem.o
        24          0          0          0          0       1204   mem_std.o
       112         12          0          0          0       1232   misc.o
      1404        188        168          0          0      10153   msh.o
      1658        582        532          0          0      12809   msh_file.o
       860        284        128        180          0      10598   object.o
       524        182        266          0         84       8454   pin.o
         0          0          0          0          0      15368   poll.o
      1058        250         78         28        256      10094   scheduler.o
      2688        570        394          4          0      36467   serial.o
      1988        202         78         24        129      13954   shell.o
         0          0          0          0          0       1320   signal.o
       304         50        163          0          0       8063   spi_core.o
       308        120        129          0          0       5377   spi_dev.o
        64         26        380          0       1536        944   startup_at32f403avgt7.o
       232         80          0          4          0       3059   stdio.o
       416         14         27          0          0      23222   stubs.o
       376         40          0         20          0       2335   system_at32f4xx.o
      1854        534        273         12          0      17003   thread.o
       674         20        117          0        113       6758   time.o
      1920        540         92         28        640      14521   timer.o
       432         54         15          0          0       4895   waitqueue.o

    ----------------------------------------------------------------------
     61956      11424       9962       1020       3952     876956   Object Totals
         0          0         32          0          0          0   (incl. Generated)
        62          0         30          5          6          0   (incl. Padding)

    ----------------------------------------------------------------------

      Code (inc. data)   RO Data    RW Data    ZI Data      Debug   Library Member Name

        90          0          0          0          0          0   __dczerorl2.o
         8          0          0          0          0         68   __main.o
       104          0          0          0          0         84   __printf.o
         0          0          0          0          0          0   __rtentry.o
        12          0          0          0          0          0   __rtentry2.o
         6          0          0          0          0          0   __rtentry4.o
        52          8          0          0          0          0   __scatter.o
        28          0          0          0          0          0   __scatter_zi.o
        44          0          0          0          0        108   _printf_char.o
        48          6          0          0          0         96   _printf_char_common.o
         0          0          0          0          0          0   _printf_percent.o
         4          0          0          0          0          0   _printf_percent_end.o
         6          0          0          0          0          0   _printf_s.o
        82          0          0          0          0         80   _printf_str.o
        16          0          0          0          0         68   _snputc.o
        10          0          0          0          0         68   _sputc.o
        10          0          0          0          0         68   defsig_exit.o
        50          0          0          0          0         88   defsig_general.o
        52         38          0          0          0         76   defsig_rtred_inner.o
        14          0          0          0          0         80   defsig_rtred_outer.o
        18          0          0          0          0         80   exit.o
        76          0          0          0          0         88   fclose.o
       100          4          0          0          0        120   fflush.o
        24          0          0          0          0         68   fgetc.o
       570          0          0          0          0        132   filbuf.o
        56          6          0          0          0         80   flushlinebuffered.o
       236          4          0          0          0        128   fopen.o
       248          6          0          0          0         84   fseek.o
        66          0          0          0          0         76   ftell.o
         4          0          0          0          0         68   getc.o
         6          0          0          0          0        152   heapauxi.o
         4          0          0          0          0        136   hguard.o
       312         46          0          0          0        112   initio.o
         2          0          0          0          0          0   libinit.o
        10          0          0          0          0          0   libinit2.o
         2          0          0          0          0          0   libshutdown.o
         6          0          0          0          0          0   libshutdown2.o
         8          4          0          0         96         68   libspace.o
        72          0          0          0          0         76   llsdiv.o
       238          0          0          0          0        100   lludivv7m.o
        88          0          0          0          0         76   memcmp.o
        52          4          0          0          0         84   noretval__2snprintf.o
         8          4          0          0          0         68   rt_errno_addr_intlibspace.o
        68          0          0          0          0         68   rt_memclr.o
        78          0          0          0          0         80   rt_memclr_w.o
       138          0          0          0          0         68   rt_memcpy_v6.o
       100          0          0          0          0         80   rt_memcpy_w.o
         2          0          0          0          0          0   rtexit.o
        10          0          0          0          0          0   rtexit2.o
        70          0          0          0          0         80   setvbuf.o
       240          6          0          0          0        156   stdio.o
         0          0          0         12        252          0   stdio_streams.o
        24          0          0          0          0         68   strcat.o
       128          0          0          0          0         68   strcmpv7m.o
        72          0          0          0          0         80   strcpy.o
        62          0          0          0          0         76   strlen.o
       150          0          0          0          0         80   strncmp.o
        86          0          0          0          0         76   strncpy.o
        22          0          0          0          0         68   strrchr.o
        36          0          0          0          0         80   strstr.o
        74          0          0          0          0         80   sys_stackheap_outer.o
         2          0          0          0          0         68   use_no_semi.o
        10          0          0          0          0        116   fpinit.o

    ----------------------------------------------------------------------
      4222        136          0         12        352       4072   Library Totals
         8          0          0          0          4          0   (incl. Padding)

    ----------------------------------------------------------------------

      Code (inc. data)   RO Data    RW Data    ZI Data      Debug   Library Name

      4204        136          0         12        348       3956   c_w.l
        10          0          0          0          0        116   fz_wm.l

    ----------------------------------------------------------------------
      4222        136          0         12        352       4072   Library Totals

    ----------------------------------------------------------------------

==============================================================================


      Code (inc. data)   RO Data    RW Data    ZI Data      Debug   

     66178      11560       9962       1032       4304     832292   Grand Totals
     66178      11560       9962        172       4304     832292   ELF Image Totals (compressed)
     66178      11560       9962        172          0          0   ROM Totals

==============================================================================

    Total RO  Size (Code + RO Data)                76140 (  74.36kB)
    Total RW  Size (RW Data + ZI Data)              5336 (   5.21kB)
    Total ROM Size (Code + RO Data + RW Data)      76312 (  74.52kB)

==============================================================================

