Component: ARM Compiler 5.06 update 6 (build 750) Tool: armlink [4d35ed]

==============================================================================

Section Cross References

    clock.o(i.rt_tick_get) refers to clock.o(.data) for .data
    clock.o(i.rt_tick_increase) refers to thread.o(i.rt_thread_self) for rt_thread_self
    clock.o(i.rt_tick_increase) refers to thread.o(i.rt_thread_yield) for rt_thread_yield
    clock.o(i.rt_tick_increase) refers to timer.o(i.rt_timer_check) for rt_timer_check
    clock.o(i.rt_tick_increase) refers to clock.o(.data) for .data
    clock.o(i.rt_tick_set) refers to context_rvds.o(.text) for rt_hw_interrupt_disable
    clock.o(i.rt_tick_set) refers to clock.o(.data) for .data
    components.o(i.$Sub$$main) refers to components.o(i.rtthread_startup) for rtthread_startup
    components.o(i.main_thread_entry) refers to components.o(i.rt_components_init) for rt_components_init
    components.o(i.main_thread_entry) refers to main.o(i.main) for $Super$$main
    components.o(i.rt_application_init) refers to thread.o(i.rt_thread_create) for rt_thread_create
    components.o(i.rt_application_init) refers to kservice.o(i.rt_assert_handler) for rt_assert_handler
    components.o(i.rt_application_init) refers to thread.o(i.rt_thread_startup) for rt_thread_startup
    components.o(i.rt_application_init) refers to components.o(i.main_thread_entry) for main_thread_entry
    components.o(i.rt_application_init) refers to components.o(.constdata) for .constdata
    components.o(i.rt_components_board_init) refers to components.o(.rti_fn.0.end) for .rti_fn.0.end
    components.o(i.rt_components_board_init) refers to components.o(.rti_fn.1.end) for .rti_fn.1.end
    components.o(i.rt_components_init) refers to components.o(.rti_fn.1.end) for .rti_fn.1.end
    components.o(i.rt_components_init) refers to components.o(.rti_fn.6.end) for .rti_fn.6.end
    components.o(i.rtthread_startup) refers to context_rvds.o(.text) for rt_hw_interrupt_disable
    components.o(i.rtthread_startup) refers to board.o(i.rt_hw_board_init) for rt_hw_board_init
    components.o(i.rtthread_startup) refers to kservice.o(i.rt_show_version) for rt_show_version
    components.o(i.rtthread_startup) refers to timer.o(i.rt_system_timer_init) for rt_system_timer_init
    components.o(i.rtthread_startup) refers to scheduler.o(i.rt_system_scheduler_init) for rt_system_scheduler_init
    components.o(i.rtthread_startup) refers to components.o(i.rt_application_init) for rt_application_init
    components.o(i.rtthread_startup) refers to timer.o(i.rt_system_timer_thread_init) for rt_system_timer_thread_init
    components.o(i.rtthread_startup) refers to idle.o(i.rt_thread_idle_init) for rt_thread_idle_init
    components.o(i.rtthread_startup) refers to scheduler.o(i.rt_system_scheduler_start) for rt_system_scheduler_start
    components.o(.rti_fn.0) refers to components.o(i.rti_start) for rti_start
    components.o(.rti_fn.0.end) refers to components.o(i.rti_board_start) for rti_board_start
    components.o(.rti_fn.1.end) refers to components.o(i.rti_board_end) for rti_board_end
    components.o(.rti_fn.6.end) refers to components.o(i.rti_end) for rti_end
    device.o(i.rt_device_close) refers to kservice.o(i.rt_assert_handler) for rt_assert_handler
    device.o(i.rt_device_close) refers to object.o(i.rt_object_get_type) for rt_object_get_type
    device.o(i.rt_device_close) refers to device.o(.constdata) for .constdata
    device.o(i.rt_device_control) refers to kservice.o(i.rt_assert_handler) for rt_assert_handler
    device.o(i.rt_device_control) refers to object.o(i.rt_object_get_type) for rt_object_get_type
    device.o(i.rt_device_control) refers to device.o(.constdata) for .constdata
    device.o(i.rt_device_create) refers to mem.o(i.rt_malloc) for rt_malloc
    device.o(i.rt_device_create) refers to kservice.o(i.rt_memset) for rt_memset
    device.o(i.rt_device_destroy) refers to kservice.o(i.rt_assert_handler) for rt_assert_handler
    device.o(i.rt_device_destroy) refers to object.o(i.rt_object_get_type) for rt_object_get_type
    device.o(i.rt_device_destroy) refers to object.o(i.rt_object_is_systemobject) for rt_object_is_systemobject
    device.o(i.rt_device_destroy) refers to object.o(i.rt_object_detach) for rt_object_detach
    device.o(i.rt_device_destroy) refers to mem.o(i.rt_free) for rt_free
    device.o(i.rt_device_destroy) refers to device.o(.constdata) for .constdata
    device.o(i.rt_device_find) refers to thread.o(i.rt_thread_self) for rt_thread_self
    device.o(i.rt_device_find) refers to scheduler.o(i.rt_enter_critical) for rt_enter_critical
    device.o(i.rt_device_find) refers to object.o(i.rt_object_get_information) for rt_object_get_information
    device.o(i.rt_device_find) refers to kservice.o(i.rt_assert_handler) for rt_assert_handler
    device.o(i.rt_device_find) refers to kservice.o(i.rt_strncmp) for rt_strncmp
[...]

  Load Region LR_IROM1 (Base: 0x08000000, Size: 0x000118dc, Max: 0x00100000, ABSOLUTE, COMPRESSED[0x00011578])

    Execution Region ER_IROM1 (Exec base: 0x08000000, Load base: 0x08000000, Size: 0x000114c8, Max: 0x00100000, ABSOLUTE)

    Exec Addr    Load Addr    Size         Type   Attr      Idx    E Section Name        Object

    0x08000000   0x08000000   0x0000017c   Data   RO         2430    RESET               startup_at32f403avgt7.o
    0x0800017c   0x0800017c   0x00000008   Code   RO         9231  * !!!main             c_w.l(__main.o)
    0x08000184   0x08000184   0x00000034   Code   RO         9462    !!!scatter          c_w.l(__scatter.o)
    0x080001b8   0x080001b8   0x0000005a   Code   RO         9460    !!dczerorl2         c_w.l(__dczerorl2.o)
    0x08000212   0x08000212   0x00000002   PAD
    0x08000214   0x08000214   0x0000001c   Code   RO         9464    !!handler_zi        c_w.l(__scatter_zi.o)
    0x08000230   0x08000230   0x00000000   Code   RO         9194    .ARM.Collect$$_printf_percent$$00000000  c_w.l(_printf_percent.o)
    0x08000230   0x08000230   0x00000006   Code   RO         9193    .ARM.Collect$$_printf_percent$$00000014  c_w.l(_printf_s.o)
    0x08000236   0x08000236   0x00000004   Code   RO         9244    .ARM.Collect$$_printf_percent$$00000017  c_w.l(_printf_percent_end.o)
    0x0800023a   0x0800023a   0x00000002   Code   RO         9393    .ARM.Collect$$libinit$$00000000  c_w.l(libinit.o)
    0x0800023c   0x0800023c   0x00000004   Code   RO         9295    .ARM.Collect$$libinit$$00000001  c_w.l(libinit2.o)
    0x08000240   0x08000240   0x00000000   Code   RO         9298    .ARM.Collect$$libinit$$00000004  c_w.l(libinit2.o)
    0x08000240   0x08000240   0x00000000   Code   RO         9301    .ARM.Collect$$libinit$$0000000A  c_w.l(libinit2.o)
    0x08000240   0x08000240   0x00000000   Code   RO         9303    .ARM.Collect$$libinit$$0000000C  c_w.l(libinit2.o)
    0x08000240   0x08000240   0x00000000   Code   RO         9305    .ARM.Collect$$libinit$$0000000E  c_w.l(libinit2.o)
    0x08000240   0x08000240   0x00000000   Code   RO         9308    .ARM.Collect$$libinit$$00000011  c_w.l(libinit2.o)
    0x08000240   0x08000240   0x00000000   Code   RO         9310    .ARM.Collect$$libinit$$00000013  c_w.l(libinit2.o)
    0x08000240   0x08000240   0x00000000   Code   RO         9312    .ARM.Collect$$libinit$$00000015  c_w.l(libinit2.o)
    0x08000240   0x08000240   0x00000000   Code   RO         9314    .ARM.Collect$$libinit$$00000017  c_w.l(libinit2.o)
    0x08000240   0x08000240   0x00000000   Code   RO         9316    .ARM.Collect$$libinit$$00000019  c_w.l(libinit2.o)
    0x08000240   0x08000240   0x00000000   Code   RO         9318    .ARM.Collect$$libinit$$0000001B  c_w.l(libinit2.o)
    0x08000240   0x08000240   0x00000000   Code   RO         9320    .ARM.Collect$$libinit$$0000001D  c_w.l(libinit2.o)
    0x08000240   0x08000240   0x00000000   Code   RO         9322    .ARM.Collect$$libinit$$0000001F  c_w.l(libinit2.o)
    0x08000240   0x08000240   0x00000000   Code   RO         9324    .ARM.Collect$$libinit$$00000021  c_w.l(libinit2.o)
    0x08000240   0x08000240   0x00000000   Code   RO         9326    .ARM.Collect$$libinit$$00000023  c_w.l(libinit2.o)
    0x08000240   0x08000240   0x00000004   Code   RO         9327    .ARM.Collect$$libinit$$00000024  c_w.l(libinit2.o)
    0x08000244   0x08000244   0x00000000   Code   RO         9328    .ARM.Collect$$libinit$$00000025  c_w.l(libinit2.o)
    0x08000244   0x08000244   0x00000000   Code   RO         9332    .ARM.Collect$$libinit$$0000002C  c_w.l(libinit2.o)
    0x08000244   0x08000244   0x00000000   Code   RO         9334    .ARM.Collect$$libinit$$0000002E  c_w.l(libinit2.o)
    0x08000244   0x08000244   0x00000000   Code   RO         9336    .ARM.Collect$$libinit$$00000030  c_w.l(libinit2.o)
    0x08000244   0x08000244   0x00000000   Code   RO         9338    .ARM.Collect$$libinit$$00000032  c_w.l(libinit2.o)
    0x08000244   0x08000244   0x00000002   Code   RO         9339    .ARM.Collect$$libinit$$00000033  c_w.l(libinit2.o)
    0x08000246   0x08000246   0x00000002   Code   RO         9457    .ARM.Collect$$libshutdown$$00000000  c_w.l(libshutdown.o)
    0x08000248   0x08000248   0x00000000   Code   RO         9341    .ARM.Collect$$libshutdown$$00000002  c_w.l(libshutdown2.o)
    0x08000248   0x08000248   0x00000004   Code   RO         9342    .ARM.Collect$$libshutdown$$00000003  c_w.l(libshutdown2.o)
    0x0800024c   0x0800024c   0x00000000   Code   RO         9343    .ARM.Collect$$libshutdown$$00000004  c_w.l(libshutdown2.o)
    0x0800024c   0x0800024c   0x00000000   Code   RO         9346    .ARM.Collect$$libshutdown$$00000007  c_w.l(libshutdown2.o)
    0x0800024c   0x0800024c   0x00000000   Code   RO         9349    .ARM.Collect$$libshutdown$$0000000A  c_w.l(libshutdown2.o)
    0x0800024c   0x0800024c   0x00000000   Code   RO         9351    .ARM.Collect$$libshutdown$$0000000C  c_w.l(libshutdown2.o)
    0x0800024c   0x0800024c   0x00000000   Code   RO         9354    .ARM.Collect$$libshutdown$$0000000F  c_w.l(libshutdown2.o)
    0x0800024c   0x0800024c   0x00000002   Code   RO         9355    .ARM.Collect$$libshutdown$$00000010  c_w.l(libshutdown2.o)
    0x0800024e   0x0800024e   0x00000000   Code   RO         9233    .ARM.Collect$$rtentry$$00000000  c_w.l(__rtentry.o)
    0x0800024e   0x0800024e   0x00000000   Code   RO         9258    .ARM.Collect$$rtentry$$00000002  c_w.l(__rtentry2.o)
    0x0800024e   0x0800024e   0x00000006   Code   RO         9270    .ARM.Collect$$rtentry$$00000004  c_w.l(__rtentry4.o)
    0x08000254   0x08000254   0x00000000   Code   RO         9260    .ARM.Collect$$rtentry$$00000009  c_w.l(__rtentry2.o)
    0x08000254   0x08000254   0x00000004   Code   RO         9261    .ARM.Collect$$rtentry$$0000000A  c_w.l(__rtentry2.o)
    0x08000258   0x08000258   0x00000000   Code   RO         9263    .ARM.Collect$$rtentry$$0000000C  c_w.l(__rtentry2.o)
    0x08000258   0x08000258   0x00000008   Code   RO         9264    .ARM.Collect$$rtentry$$0000000D  c_w.l(__rtentry2.o)
    0x08000260   0x08000260   0x00000002   Code   RO         9399    .ARM.Collect$$rtexit$$00000000  c_w.l(rtexit.o)
    0x08000262   0x08000262   0x00000000   Code   RO         9420    .ARM.Collect$$rtexit$$00000002  c_w.l(rtexit2.o)
    0x08000262   0x08000262   0x00000004   Code   RO         9421    .ARM.Collect$$rtexit$$00000003  c_w.l(rtexit2.o)
    0x08000266   0x08000266   0x00000006   Code   RO         9422    .ARM.Collect$$rtexit$$00000004  c_w.l(rtexit2.o)
    0x0800026c   0x0800026c   0x00000010   Code   RO         2697    .emb_text           cpuport.o
    0x0800027c   0x0800027c   0x00000040   Code   RO         2431    .text               startup_at32f403avgt7.o
    0x080002bc   0x080002bc   0x00000134   Code   RO         2764    .text               context_rvds.o
    0x080003f0   0x080003f0   0x00000002   Code   RO         9159    .text               c_w.l(use_no_semi.o)
    0x080003f2   0x080003f2   0x00000004   Code   RO         9161    .text               c_w.l(hguard.o)
    0x080003f6   0x080003f6   0x00000048   Code   RO         9163    .text               c_w.l(llsdiv.o)
    0x0800043e   0x0800043e   0x00000002   PAD
    0x08000440   0x08000440   0x00000034   Code   RO         9167    .text               c_w.l(noretval__2snprintf.o)
    0x08000474   0x08000474   0x00000068   Code   RO         9169    .text               c_w.l(__printf.o)
    0x080004dc   0x080004dc   0x00000052   Code   RO         9171    .text               c_w.l(_printf_str.o)
    0x0800052e   0x0800052e   0x00000004   Code   RO         9195    .text               c_w.l(getc.o)
    0x08000532   0x08000532   0x00000024   Code   RO         9203    .text               c_w.l(strstr.o)
    0x08000556   0x08000556   0x00000058   Code   RO         9205    .text               c_w.l(memcmp.o)
    0x080005ae   0x080005ae   0x00000048   Code   RO         9207    .text               c_w.l(strcpy.o)
    0x080005f6   0x080005f6   0x00000016   Code   RO         9209    .text               c_w.l(strrchr.o)
    0x0800060c   0x0800060c   0x0000003e   Code   RO         9211    .text               c_w.l(strlen.o)
    0x0800064a   0x0800064a   0x00000096   Code   RO         9213    .text               c_w.l(strncmp.o)
    0x080006e0   0x080006e0   0x00000018   Code   RO         9215    .text               c_w.l(strcat.o)
    0x080006f8   0x080006f8   0x0000008a   Code   RO         9217    .text               c_w.l(rt_memcpy_v6.o)
    0x08000782   0x08000782   0x00000064   Code   RO         9219    .text               c_w.l(rt_memcpy_w.o)
    0x080007e6   0x080007e6   0x00000044   Code   RO         9221    .text               c_w.l(rt_memclr.o)
    0x0800082a   0x0800082a   0x0000004e   Code   RO         9223    .text               c_w.l(rt_memclr_w.o)
    0x08000878   0x08000878   0x00000056   Code   RO         9225    .text               c_w.l(strncpy.o)
    0x080008ce   0x080008ce   0x00000002   PAD
    0x080008d0   0x080008d0   0x00000080   Code   RO         9227    .text               c_w.l(strcmpv7m.o)
    0x08000950   0x08000950   0x00000006   Code   RO         9229    .text               c_w.l(heapauxi.o)
    0x08000956   0x08000956   0x000000ee   Code   RO         9234    .text               c_w.l(lludivv7m.o)
    0x08000a44   0x08000a44   0x00000030   Code   RO         9236    .text               c_w.l(_printf_char_common.o)
    0x08000a74   0x08000a74   0x0000000a   Code   RO         9238    .text               c_w.l(_sputc.o)
    0x08000a7e   0x08000a7e   0x00000010   Code   RO         9240    .text               c_w.l(_snputc.o)
    0x08000a8e   0x08000a8e   0x0000002c   Code   RO         9242    .text               c_w.l(_printf_char.o)
    0x08000aba   0x08000aba   0x00000002   PAD
    0x08000abc   0x08000abc   0x00000138   Code   RO         9249    .text               c_w.l(initio.o)
    0x08000bf4   0x08000bf4   0x0000023a   Code   RO         9278    .text               c_w.l(filbuf.o)
    0x08000e2e   0x08000e2e   0x00000046   Code   RO         9280    .text               c_w.l(setvbuf.o)
    0x08000e74   0x08000e74   0x000000ec   Code   RO         9283    .text               c_w.l(fopen.o)
    0x08000f60   0x08000f60   0x0000004c   Code   RO         9285    .text               c_w.l(fclose.o)
    0x08000fac   0x08000fac   0x0000000e   Code   RO         9291    .text               c_w.l(defsig_rtred_outer.o)
    0x08000fba   0x08000fba   0x0000004a   Code   RO         9358    .text               c_w.l(sys_stackheap_outer.o)
    0x08001004   0x08001004   0x000000f8   Code   RO         9364    .text               c_w.l(fseek.o)
    0x080010fc   0x080010fc   0x000000f0   Code   RO         9366    .text               c_w.l(stdio.o)
    0x080011ec   0x080011ec   0x00000038   Code   RO         9372    .text               c_w.l(flushlinebuffered.o)
    0x08001224   0x08001224   0x00000012   Code   RO         9380    .text               c_w.l(exit.o)
    0x08001236   0x08001236   0x0000000a   Code   RO         9382    .text               c_w.l(defsig_exit.o)
    0x08001240   0x08001240   0x00000034   Code   RO         9384    .text               c_w.l(defsig_rtred_inner.o)
    0x08001274   0x08001274   0x00000008   Code   RO         9396    .text               c_w.l(libspace.o)
    0x0800127c   0x0800127c   0x00000064   Code   RO         9401    .text               c_w.l(fflush.o)
    0x080012e0   0x080012e0   0x00000042   Code   RO         9403    .text               c_w.l(ftell.o)
    0x08001322   0x08001322   0x00000032   Code   RO         9409    .text               c_w.l(defsig_general.o)
    0x08001354   0x08001354   0x00000008   Code   RO         9429    .text               c_w.l(rt_errno_addr_intlibspace.o)
    0x0800135c   0x0800135c   0x0000000a   Code   RO          103    i.$Sub$$main        components.o
    0x08001366   0x08001366   0x00000002   PAD
    0x08001368   0x08001368   0x00000124   Code   RO         1666    i.Camera_thread_entry  main.o
    0x0800148c   0x0800148c   0x00000014   Code   RO         2438    i.EXTI0_IRQHandler  drv_gpio.o
    0x080014a0   0x080014a0   0x0000007a   Code   RO         2439    i.EXTI15_10_IRQHandler  drv_gpio.o
    0x0800151a   0x0800151a   0x0000001a   Code   RO         2440    i.EXTI1_IRQHandler  drv_gpio.o
    0x08001534   0x08001534   0x00000014   Code   RO         2441    i.EXTI2_IRQHandler  drv_gpio.o
    0x08001548   0x08001548   0x00000014   Code   RO         2442    i.EXTI3_IRQHandler  drv_gpio.o
    0x0800155c   0x0800155c   0x00000014   Code   RO         2443    i.EXTI4_IRQHandler  drv_gpio.o
    0x08001570   0x08001570   0x0000000c   Code   RO         6295    i.EXTI_ClearIntPendingBit  at32f4xx_exti.o
    0x0800157c   0x0800157c   0x00000020   Code   RO         6298    i.EXTI_GetIntStatus  at32f4xx_exti.o
    0x0800159c   0x0800159c   0x00000070   Code   RO         6299    i.EXTI_Init         at32f4xx_exti.o
    0x0800160c   0x0800160c   0x0000000e   Code   RO         6301    i.EXTI_StructInit   at32f4xx_exti.o
    0x0800161a   0x0800161a   0x00000002   PAD
    0x0800161c   0x0800161c   0x00000028   Code   RO         6639    i.GPIO_EXTILineConfig  at32f4xx_gpio.o
    0x08001644   0x08001644   0x00000034   Code   RO         2444    i.GPIO_EXTI_IRQHandler  drv_gpio.o
    0x08001678   0x08001678   0x0000009c   Code   RO         6642    i.GPIO_Init         at32f4xx_gpio.o
    0x08001714   0x08001714   0x00000410   Code   RO         6644    i.GPIO_PinsRemapConfig  at32f4xx_gpio.o
    0x08001b24   0x08001b24   0x0000000e   Code   RO         6646    i.GPIO_ReadInputDataBit  at32f4xx_gpio.o
    0x08001b32   0x08001b32   0x00000004   Code   RO         6650    i.GPIO_ResetBits    at32f4xx_gpio.o
    0x08001b36   0x08001b36   0x00000004   Code   RO         6651    i.GPIO_SetBits      at32f4xx_gpio.o
    0x08001b3a   0x08001b3a   0x00000010   Code   RO         6652    i.GPIO_StructInit   at32f4xx_gpio.o
    0x08001b4a   0x08001b4a   0x0000000a   Code   RO         6654    i.GPIO_WriteBit     at32f4xx_gpio.o
    0x08001b54   0x08001b54   0x0000001e   Code   RO         1749    i.LCD_DrawYVU8Img   lcd.o
    0x08001b72   0x08001b72   0x00000002   PAD
    0x08001b74   0x08001b74   0x0000005c   Code   RO         1751    i.LCD_GPIOInit      lcd.o
    0x08001bd0   0x08001bd0   0x00000270   Code   RO         1752    i.LCD_Init          lcd.o
    0x08001e40   0x08001e40   0x00000060   Code   RO         1753    i.LCD_RD_DATA       lcd.o
    0x08001ea0   0x08001ea0   0x00000020   Code   RO         1754    i.LCD_RESET         lcd.o
    0x08001ec0   0x08001ec0   0x00000038   Code   RO         1755    i.LCD_SetCursor     lcd.o
    0x08001ef8   0x08001ef8   0x00000028   Code   RO         1756    i.LCD_SetParam      lcd.o
    0x08001f20   0x08001f20   0x0000005c   Code   RO         1757    i.LCD_SetWindows    lcd.o
    0x08001f7c   0x08001f7c   0x00000020   Code   RO         1762    i.LCD_WR_DATA       lcd.o
    0x08001f9c   0x08001f9c   0x00000020   Code   RO         1763    i.LCD_WR_REG        lcd.o
    0x08001fbc   0x08001fbc   0x0000000c   Code   RO         1764    i.LCD_WriteRAM_Prepare  lcd.o
    0x08001fc8   0x08001fc8   0x00000012   Code   RO         1765    i.LCD_WriteReg      lcd.o
    0x08001fda   0x08001fda   0x00000002   PAD
    0x08001fdc   0x08001fdc   0x00000064   Code   RO         9112    i.NVIC_Init         misc.o
    0x08002040   0x08002040   0x00000020   Code   RO         2310    i.NVIC_SetPriority  board.o
    0x08002060   0x08002060   0x000001a4   Code   RO         2058    i.OV2640_Init       ov2640.o
    0x08002204   0x08002204   0x0000005c   Code   RO         2061    i.OV2640_OutSize_Set  ov2640.o
    0x08002260   0x08002260   0x00000016   Code   RO         2065    i.OV2640_YUV422_Mode  ov2640.o
    0x08002276   0x08002276   0x00000002   PAD
    0x08002278   0x08002278   0x00000018   Code   RO         7116    i.RCC_APB1PeriphClockCmd  at32f4xx_rcc.o
    0x08002290   0x08002290   0x00000018   Code   RO         7117    i.RCC_APB1PeriphResetCmd  at32f4xx_rcc.o
    0x080022a8   0x080022a8   0x00000018   Code   RO         7119    i.RCC_APB2PeriphClockCmd  at32f4xx_rcc.o
    0x080022c0   0x080022c0   0x00000018   Code   RO         7120    i.RCC_APB2PeriphResetCmd  at32f4xx_rcc.o
    0x080022d8   0x080022d8   0x000000e8   Code   RO         7125    i.RCC_GetClocksFreq  at32f4xx_rcc.o
    0x080023c0   0x080023c0   0x0000001c   Code   RO         7146    i.RCC_StepModeCmd   at32f4xx_rcc.o
    0x080023dc   0x080023dc   0x00000064   Code   RO         2190    i.SCCB_Init         sccb.o
    0x08002440   0x08002440   0x00000038   Code   RO         2191    i.SCCB_No_Ack       sccb.o
    0x08002478   0x08002478   0x0000006c   Code   RO         2192    i.SCCB_RD_Byte      sccb.o
    0x080024e4   0x080024e4   0x0000004c   Code   RO         2193    i.SCCB_RD_Reg       sccb.o
    0x08002530   0x08002530   0x0000002c   Code   RO         2194    i.SCCB_Start        sccb.o
    0x0800255c   0x0800255c   0x00000030   Code   RO         2195    i.SCCB_Stop         sccb.o
    0x0800258c   0x0800258c   0x00000088   Code   RO         2196    i.SCCB_WR_Byte      sccb.o
    0x08002614   0x08002614   0x0000003e   Code   RO         2197    i.SCCB_WR_Reg       sccb.o
    0x08002652   0x08002652   0x00000014   Code   RO         7368    i.SPI_CRCEN         at32f4xx_spi.o
    0x08002666   0x08002666   0x00000014   Code   RO         7370    i.SPI_Enable        at32f4xx_spi.o
    0x0800267a   0x0800267a   0x0000000e   Code   RO         7378    i.SPI_I2S_GetFlagStatus  at32f4xx_spi.o
    0x08002688   0x08002688   0x00000004   Code   RO         7382    i.SPI_I2S_RxData    at32f4xx_spi.o
    0x0800268c   0x0800268c   0x00000004   Code   RO         7383    i.SPI_I2S_TxData    at32f4xx_spi.o
    0x08002690   0x08002690   0x00000050   Code   RO         7384    i.SPI_Init          at32f4xx_spi.o
    0x080026e0   0x080026e0   0x000000b4   Code   RO         2390    i.SetSysClockTo240M  system_at32f4xx.o
    0x08002794   0x08002794   0x00000012   Code   RO         2311    i.SysTick_Handler   board.o
    0x080027a6   0x080027a6   0x00000002   PAD
    0x080027a8   0x080027a8   0x00000040   Code   RO         2312    i.SystemClock_Config  board.o
    0x080027e8   0x080027e8   0x0000006c   Code   RO         2392    i.SystemInit        system_at32f4xx.o
    0x08002854   0x08002854   0x00000018   Code   RO         2552    i.USART1_IRQHandler  drv_usart.o
    0x0800286c   0x0800286c   0x00000006   Code   RO         8072    i.USART_ClearFlag   at32f4xx_usart.o
    0x08002872   0x08002872   0x0000000c   Code   RO         8073    i.USART_ClearITPendingBit  at32f4xx_usart.o
    0x0800287e   0x0800287e   0x00000014   Code   RO         8076    i.USART_Cmd         at32f4xx_usart.o
    0x08002892   0x08002892   0x0000000e   Code   RO         8078    i.USART_GetFlagStatus  at32f4xx_usart.o
    0x080028a0   0x080028a0   0x0000003e   Code   RO         8079    i.USART_GetITStatus  at32f4xx_usart.o
    0x080028de   0x080028de   0x00000030   Code   RO         8081    i.USART_INTConfig   at32f4xx_usart.o
    0x0800290e   0x0800290e   0x00000002   PAD
    0x08002910   0x08002910   0x000000ac   Code   RO         8082    i.USART_Init        at32f4xx_usart.o
    0x080029bc   0x080029bc   0x00000008   Code   RO         8089    i.USART_ReceiveData  at32f4xx_usart.o
    0x080029c4   0x080029c4   0x00000074   Code   RO         8091    i.USART_Reset       at32f4xx_usart.o
    0x08002a38   0x08002a38   0x00000008   Code   RO         8093    i.USART_SendData    at32f4xx_usart.o
    0x08002a40   0x08002a40   0x00000016   Code   RO         8099    i.USART_StructInit  at32f4xx_usart.o
    0x08002a56   0x08002a56   0x00000026   Code   RO         5626    i.__isleap          time.o
    0x08002a7c   0x08002a7c   0x00000004   Code   RO         4796    i.__wqueue_default_wake  waitqueue.o
    0x08002a80   0x08002a80   0x00000024   Code   RO         1173    i._get_highest_priority_thread  scheduler.o
    0x08002aa4   0x08002aa4   0x00000014   Code   RO         2936    i._get_path_lastname  dfs_file.o
    0x08002ab8   0x08002ab8   0x00000014   Code   RO          305    i._has_defunct_thread  idle.o
    0x08002acc   0x08002acc   0x000000d0   Code   RO         5211    i._msh_exec_cmd     msh.o
    0x08002b9c   0x08002b9c   0x00000040   Code   RO         4045    i._pin_control      pin.o
    0x08002bdc   0x08002bdc   0x00000044   Code   RO         4046    i._pin_read         pin.o
    0x08002c20   0x08002c20   0x00000044   Code   RO         4047    i._pin_write        pin.o
    0x08002c64   0x08002c64   0x000000bc   Code   RO         1174    i._rt_scheduler_stack_check  scheduler.o
    0x08002d20   0x08002d20   0x000000bc   Code   RO         1270    i._rt_thread_init   thread.o
    0x08002ddc   0x08002ddc   0x00000026   Code   RO         1535    i._rt_timer_init    timer.o
    0x08002e02   0x08002e02   0x00000020   Code   RO         1536    i._rt_timer_remove  timer.o
    0x08002e22   0x08002e22   0x00000002   PAD
    0x08002e24   0x08002e24   0x00000094   Code   RO         4119    i._serial_int_rx    serial.o
    0x08002eb8   0x08002eb8   0x00000004   Code   RO         4351    i._spi_bus_device_control  spi_dev.o
    0x08002ebc   0x08002ebc   0x00000060   Code   RO         4352    i._spi_bus_device_read  spi_dev.o
    0x08002f1c   0x08002f1c   0x00000060   Code   RO         4353    i._spi_bus_device_write  spi_dev.o
    0x08002f7c   0x08002f7c   0x0000000c   Code   RO         5468    i._sys_close        stubs.o
    0x08002f88   0x08002f88   0x00000002   Code   RO         5470    i._sys_exit         stubs.o
    0x08002f8a   0x08002f8a   0x0000001a   Code   RO         5471    i._sys_flen         stubs.o
    0x08002fa4   0x08002fa4   0x0000000c   Code   RO         5472    i._sys_istty        stubs.o
    0x08002fb0   0x08002fb0   0x0000007c   Code   RO         5473    i._sys_open         stubs.o
    0x0800302c   0x0800302c   0x0000002e   Code   RO         5474    i._sys_read         stubs.o
    0x0800305a   0x0800305a   0x00000010   Code   RO         5475    i._sys_seek         stubs.o
    0x0800306a   0x0800306a   0x0000002e   Code   RO         5477    i._sys_write        stubs.o
    0x08003098   0x08003098   0x0000000e   Code   RO         5478    i._ttywrch          stubs.o
    0x080030a6   0x080030a6   0x00000002   PAD
    0x080030a8   0x080030a8   0x000000fc   Code   RO         2553    i.at32_configure    drv_usart.o
    0x080031a4   0x080031a4   0x00000094   Code   RO         2554    i.at32_control      drv_usart.o
    0x08003238   0x08003238   0x00000064   Code   RO         2555    i.at32_getc         drv_usart.o
    0x0800329c   0x0800329c   0x000000cc   Code   RO         2360    i.at32_msp_spi_init  at32_msp.o
    0x08003368   0x08003368   0x0000005c   Code   RO         2361    i.at32_msp_usart_init  at32_msp.o
    0x080033c4   0x080033c4   0x00000088   Code   RO         2445    i.at32_pin_attach_irq  drv_gpio.o
    0x0800344c   0x0800344c   0x00000054   Code   RO         2446    i.at32_pin_dettach_irq  drv_gpio.o
    0x080034a0   0x080034a0   0x00000164   Code   RO         2447    i.at32_pin_irq_enable  drv_gpio.o
    0x08003604   0x08003604   0x00000056   Code   RO         2448    i.at32_pin_mode     drv_gpio.o
    0x0800365a   0x0800365a   0x0000001e   Code   RO         2449    i.at32_pin_read     drv_gpio.o
    0x08003678   0x08003678   0x00000020   Code   RO         2450    i.at32_pin_write    drv_gpio.o
    0x08003698   0x08003698   0x00000064   Code   RO         2556    i.at32_putc         drv_usart.o
    0x080036fc   0x080036fc   0x0000001a   Code   RO         2451    i.bit2bitno         drv_gpio.o
    0x08003716   0x08003716   0x00000002   PAD
    0x08003718   0x08003718   0x000000e8   Code   RO         2698    i.bus_fault_track   cpuport.o
    0x08003800   0x08003800   0x00000060   Code   RO         2937    i.cat               dfs_file.o
    0x08003860   0x08003860   0x0000007c   Code   RO         3144    i.chdir             dfs_posix.o
    0x080038dc   0x080038dc   0x00000070   Code   RO         3702    i.check_fs          ff.o
    0x0800394c   0x0800394c   0x00000010   Code   RO         3703    i.chk_chr           ff.o
    0x0800395c   0x0800395c   0x00000014   Code   RO         5031    i.clear             cmd.o
    0x08003970   0x08003970   0x00000024   Code   RO         3704    i.clmt_clust        ff.o
    0x08003994   0x08003994   0x00000038   Code   RO         3145    i.close             dfs_posix.o
    0x080039cc   0x080039cc   0x00000046   Code   RO         3146    i.closedir          dfs_posix.o
    0x08003a12   0x08003a12   0x00000018   Code   RO         3705    i.clust2sect        ff.o
    0x08003a2a   0x08003a2a   0x00000002   PAD
    0x08003a2c   0x08003a2c   0x00000060   Code   RO         5284    i.cmd_cat           msh_file.o
    0x08003a8c   0x08003a8c   0x00000048   Code   RO         5285    i.cmd_cd            msh_file.o
    0x08003ad4   0x08003ad4   0x00000054   Code   RO         5286    i.cmd_cp            msh_file.o
    0x08003b28   0x08003b28   0x00000050   Code   RO         5287    i.cmd_df            msh_file.o
    0x08003b78   0x08003b78   0x00000090   Code   RO         5288    i.cmd_echo          msh_file.o
    0x08003c08   0x08003c08   0x0000000a   Code   RO         5212    i.cmd_free          msh.o
    0x08003c12   0x08003c12   0x00000002   PAD
    0x08003c14   0x08003c14   0x00000018   Code   RO         5289    i.cmd_ls            msh_file.o
    0x08003c2c   0x08003c2c   0x0000007c   Code   RO         5290    i.cmd_mkdir         msh_file.o
    0x08003ca8   0x08003ca8   0x0000007c   Code   RO         5291    i.cmd_mkfs          msh_file.o
    0x08003d24   0x08003d24   0x00000120   Code   RO         5292    i.cmd_mv            msh_file.o
    0x08003e44   0x08003e44   0x0000000a   Code   RO         5213    i.cmd_ps            msh.o
    0x08003e4e   0x08003e4e   0x00000002   PAD
    0x08003e50   0x08003e50   0x00000018   Code   RO         5293    i.cmd_pwd           msh_file.o
    0x08003e68   0x08003e68   0x00000064   Code   RO         5294    i.cmd_rm            msh_file.o
    0x08003ecc   0x08003ecc   0x00000084   Code   RO         3706    i.cmp_lfn           ff.o
    0x08003f50   0x08003f50   0x00000168   Code   RO         2616    i.configure         drv_spi.o
    0x080040b8   0x080040b8   0x00000130   Code   RO         2938    i.copy              dfs_file.o
    0x080041e8   0x080041e8   0x00000120   Code   RO         2939    i.copydir           dfs_file.o
    0x08004308   0x08004308   0x000000f4   Code   RO         2940    i.copyfile          dfs_file.o
    0x080043fc   0x080043fc   0x000000a4   Code   RO         3707    i.create_chain      ff.o
    0x080044a0   0x080044a0   0x000001e4   Code   RO         3708    i.create_name       ff.o
    0x08004684   0x08004684   0x00000010   Code   RO         3424    i.devfs_init        devfs.o
    0x08004694   0x08004694   0x000000ec   Code   RO         3068    i.df                dfs_fs.o
    0x08004780   0x08004780   0x00000094   Code   RO         3425    i.dfs_device_fs_close  devfs.o
    0x08004814   0x08004814   0x00000094   Code   RO         3426    i.dfs_device_fs_getdents  devfs.o
    0x080048a8   0x080048a8   0x00000058   Code   RO         3427    i.dfs_device_fs_ioctl  devfs.o
    0x08004900   0x08004900   0x00000004   Code   RO         3428    i.dfs_device_fs_mount  devfs.o
    0x08004904   0x08004904   0x000000e8   Code   RO         3429    i.dfs_device_fs_open  devfs.o
    0x080049ec   0x080049ec   0x00000004   Code   RO         3430    i.dfs_device_fs_poll  devfs.o
    0x080049f0   0x080049f0   0x00000064   Code   RO         3431    i.dfs_device_fs_read  devfs.o
    0x08004a54   0x08004a54   0x00000066   Code   RO         3432    i.dfs_device_fs_stat  devfs.o
    0x08004aba   0x08004aba   0x00000002   PAD
    0x08004abc   0x08004abc   0x00000064   Code   RO         3433    i.dfs_device_fs_write  devfs.o
    0x08004b20   0x08004b20   0x00000070   Code   RO         3499    i.dfs_elm_close     dfs_elm.o
    0x08004b90   0x08004b90   0x00000034   Code   RO         3500    i.dfs_elm_flush     dfs_elm.o
    0x08004bc4   0x08004bc4   0x000000d4   Code   RO         3501    i.dfs_elm_getdents  dfs_elm.o
    0x08004c98   0x08004c98   0x00000060   Code   RO         3502    i.dfs_elm_ioctl     dfs_elm.o
    0x08004cf8   0x08004cf8   0x00000088   Code   RO         3503    i.dfs_elm_lseek     dfs_elm.o
    0x08004d80   0x08004d80   0x00000134   Code   RO         3504    i.dfs_elm_mkfs      dfs_elm.o
    0x08004eb4   0x08004eb4   0x000000f8   Code   RO         3505    i.dfs_elm_mount     dfs_elm.o
    0x08004fac   0x08004fac   0x0000010c   Code   RO         3506    i.dfs_elm_open      dfs_elm.o
    0x080050b8   0x080050b8   0x00000058   Code   RO         3507    i.dfs_elm_read      dfs_elm.o
    0x08005110   0x08005110   0x0000005c   Code   RO         3508    i.dfs_elm_rename    dfs_elm.o
    0x0800516c   0x0800516c   0x000000d8   Code   RO         3509    i.dfs_elm_stat      dfs_elm.o
    0x08005244   0x08005244   0x00000088   Code   RO         3510    i.dfs_elm_statfs    dfs_elm.o
    0x080052cc   0x080052cc   0x00000054   Code   RO         3511    i.dfs_elm_unlink    dfs_elm.o
    0x08005320   0x08005320   0x00000074   Code   RO         3512    i.dfs_elm_unmount   dfs_elm.o
    0x08005394   0x08005394   0x0000005c   Code   RO         3513    i.dfs_elm_write     dfs_elm.o
    0x080053f0   0x080053f0   0x0000002c   Code   RO         2941    i.dfs_file_close    dfs_file.o
    0x0800541c   0x0800541c   0x0000001c   Code   RO         2944    i.dfs_file_getdents  dfs_file.o
    0x08005438   0x08005438   0x00000024   Code   RO         2946    i.dfs_file_lseek    dfs_file.o
    0x0800545c   0x0800545c   0x000000c0   Code   RO         2947    i.dfs_file_open     dfs_file.o
    0x0800551c   0x0800551c   0x0000002a   Code   RO         2948    i.dfs_file_read     dfs_file.o
    0x08005546   0x08005546   0x00000086   Code   RO         2949    i.dfs_file_rename   dfs_file.o
    0x080055cc   0x080055cc   0x00000134   Code   RO         2950    i.dfs_file_stat     dfs_file.o
    0x08005700   0x08005700   0x0000007c   Code   RO         2951    i.dfs_file_unlink   dfs_file.o
    0x0800577c   0x0800577c   0x00000016   Code   RO         2952    i.dfs_file_write    dfs_file.o
    0x08005792   0x08005792   0x00000002   PAD
    0x08005794   0x08005794   0x00000080   Code   RO         3071    i.dfs_filesystem_lookup  dfs_fs.o
    0x08005814   0x08005814   0x00000090   Code   RO         2769    i.dfs_init          dfs.o
    0x080058a4   0x080058a4   0x00000034   Code   RO         2770    i.dfs_lock          dfs.o
    0x080058d8   0x080058d8   0x0000012c   Code   RO         3072    i.dfs_mkfs          dfs_fs.o
    0x08005a04   0x08005a04   0x000001b0   Code   RO         3073    i.dfs_mount         dfs_fs.o
    0x08005bb4   0x08005bb4   0x0000012c   Code   RO         2771    i.dfs_normalize_path  dfs.o
    0x08005ce0   0x08005ce0   0x000000c8   Code   RO         3074    i.dfs_register      dfs_fs.o
    0x08005da8   0x08005da8   0x0000001e   Code   RO         3075    i.dfs_statfs        dfs_fs.o
    0x08005dc6   0x08005dc6   0x00000030   Code   RO         2772    i.dfs_subdir        dfs.o
    0x08005df6   0x08005df6   0x00000002   PAD
    0x08005df8   0x08005df8   0x0000000c   Code   RO         2773    i.dfs_unlock        dfs.o
    0x08005e04   0x08005e04   0x000000d2   Code   RO         3709    i.dir_find          ff.o
    0x08005ed6   0x08005ed6   0x000000ee   Code   RO         3710    i.dir_next          ff.o
    0x08005fc4   0x08005fc4   0x000000b4   Code   RO         3711    i.dir_read          ff.o
    0x08006078   0x08006078   0x000001d8   Code   RO         3712    i.dir_register      ff.o
    0x08006250   0x08006250   0x0000004e   Code   RO         3713    i.dir_remove        ff.o
    0x0800629e   0x0800629e   0x00000082   Code   RO         3714    i.dir_sdi           ff.o
    0x08006320   0x08006320   0x00000004   Code   RO         3514    i.disk_initialize   dfs_elm.o
    0x08006324   0x08006324   0x00000094   Code   RO         3515    i.disk_ioctl        dfs_elm.o
    0x080063b8   0x080063b8   0x00000024   Code   RO         3516    i.disk_read         dfs_elm.o
    0x080063dc   0x080063dc   0x00000004   Code   RO         3517    i.disk_status       dfs_elm.o
    0x080063e0   0x080063e0   0x00000024   Code   RO         3518    i.disk_write        dfs_elm.o
    0x08006404   0x08006404   0x00000020   Code   RO         3715    i.elm_get_vol       ff.o
    0x08006424   0x08006424   0x00000010   Code   RO         3519    i.elm_init          dfs_elm.o
    0x08006434   0x08006434   0x00000042   Code   RO         3520    i.elm_result_to_dfs  dfs_elm.o
    0x08006476   0x08006476   0x00000026   Code   RO         3716    i.f_close           ff.o
    0x0800649c   0x0800649c   0x000000d6   Code   RO         3718    i.f_getfree         ff.o
    0x08006572   0x08006572   0x00000216   Code   RO         3719    i.f_lseek           ff.o
    0x08006788   0x08006788   0x00000186   Code   RO         3720    i.f_mkdir           ff.o
    0x0800690e   0x0800690e   0x00000002   PAD
    0x08006910   0x08006910   0x0000054c   Code   RO         3721    i.f_mkfs            ff.o
    0x08006e5c   0x08006e5c   0x00000074   Code   RO         3722    i.f_mount           ff.o
    0x08006ed0   0x08006ed0   0x000001e4   Code   RO         3723    i.f_open            ff.o
    0x080070b4   0x080070b4   0x00000098   Code   RO         3724    i.f_opendir         ff.o
    0x0800714c   0x0800714c   0x00000174   Code   RO         3725    i.f_read            ff.o
    0x080072c0   0x080072c0   0x00000076   Code   RO         3726    i.f_readdir         ff.o
    0x08007336   0x08007336   0x0000012e   Code   RO         3727    i.f_rename          ff.o
    0x08007464   0x08007464   0x00000038   Code   RO         3728    i.f_seekdir         ff.o
    0x0800749c   0x0800749c   0x00000066   Code   RO         3729    i.f_stat            ff.o
    0x08007502   0x08007502   0x000000a2   Code   RO         3730    i.f_sync            ff.o
    0x080075a4   0x080075a4   0x000000b2   Code   RO         3731    i.f_truncate        ff.o
    0x08007656   0x08007656   0x000000c4   Code   RO         3732    i.f_unlink          ff.o
    0x0800771a   0x0800771a   0x000001ae   Code   RO         3733    i.f_write           ff.o
    0x080078c8   0x080078c8   0x00000070   Code   RO         2774    i.fd_alloc          dfs.o
    0x08007938   0x08007938   0x00000050   Code   RO         2775    i.fd_get            dfs.o
    0x08007988   0x08007988   0x00000094   Code   RO         2776    i.fd_is_open        dfs.o
    0x08007a1c   0x08007a1c   0x000000a8   Code   RO         2777    i.fd_new            dfs.o
    0x08007ac4   0x08007ac4   0x00000068   Code   RO         2778    i.fd_put            dfs.o
    0x08007b2c   0x08007b2c   0x00000038   Code   RO         4016    i.ff_convert        ccsbcs.o
    0x08007b64   0x08007b64   0x0000002c   Code   RO         3521    i.ff_cre_syncobj    dfs_elm.o
    0x08007b90   0x08007b90   0x0000000c   Code   RO         3522    i.ff_del_syncobj    dfs_elm.o
    0x08007b9c   0x08007b9c   0x00000004   Code   RO         3523    i.ff_memalloc       dfs_elm.o
    0x08007ba0   0x08007ba0   0x00000004   Code   RO         3524    i.ff_memfree        dfs_elm.o
    0x08007ba4   0x08007ba4   0x00000004   Code   RO         3525    i.ff_rel_grant      dfs_elm.o
    0x08007ba8   0x08007ba8   0x00000014   Code   RO         3526    i.ff_req_grant      dfs_elm.o
    0x08007bbc   0x08007bbc   0x00000080   Code   RO         4017    i.ff_wtoupper       ccsbcs.o
    0x08007c3c   0x08007c3c   0x00000018   Code   RO         9246    i.fgetc             c_w.l(fgetc.o)
    0x08007c54   0x08007c54   0x00000254   Code   RO         3734    i.find_volume       ff.o
    0x08007ea8   0x08007ea8   0x00000078   Code   RO         4937    i.finsh_get_prompt  shell.o
    0x08007f20   0x08007f20   0x00000040   Code   RO         4941    i.finsh_set_prompt_mode  shell.o
    0x08007f60   0x08007f60   0x0000000c   Code   RO         4942    i.finsh_system_function_init  shell.o
    0x08007f6c   0x08007f6c   0x00000094   Code   RO         4943    i.finsh_system_init  shell.o
    0x08008000   0x08008000   0x00000310   Code   RO         4945    i.finsh_thread_entry  shell.o
    0x08008310   0x08008310   0x00000074   Code   RO         3735    i.follow_path       ff.o
    0x08008384   0x08008384   0x00000004   Code   RO         5407    i.free              mem_std.o
    0x08008388   0x08008388   0x0000003e   Code   RO         3148    i.fstat             dfs_posix.o
    0x080083c6   0x080083c6   0x00000002   PAD
    0x080083c8   0x080083c8   0x0000007c   Code   RO         3736    i.gen_numname       ff.o
    0x08008444   0x08008444   0x00000020   Code   RO         3527    i.get_disk          dfs_elm.o
    0x08008464   0x08008464   0x000000be   Code   RO         3737    i.get_fat           ff.o
    0x08008522   0x08008522   0x00000054   Code   RO         3528    i.get_fattime       dfs_elm.o
    0x08008576   0x08008576   0x000000e6   Code   RO         3738    i.get_fileinfo      ff.o
    0x0800865c   0x0800865c   0x0000003c   Code   RO         3739    i.get_ldnumber      ff.o
    0x08008698   0x08008698   0x0000001c   Code   RO         2452    i.get_pin           drv_gpio.o
    0x080086b4   0x080086b4   0x00000020   Code   RO         3151    i.getcwd            dfs_posix.o
    0x080086d4   0x080086d4   0x000000b8   Code   RO         5633    i.gmtime_r          time.o
    0x0800878c   0x0800878c   0x00000078   Code   RO         2699    i.hard_fault_track  cpuport.o
    0x08008804   0x08008804   0x00000020   Code   RO         5032    i.hello             cmd.o
    0x08008824   0x08008824   0x00000026   Code   RO         3740    i.ld_clust          ff.o
    0x0800884a   0x0800884a   0x00000016   Code   RO         3741    i.ld_dword          ff.o
    0x08008860   0x08008860   0x0000000a   Code   RO         3742    i.ld_word           ff.o
    0x0800886a   0x0800886a   0x00000002   PAD
    0x0800886c   0x0800886c   0x0000000c   Code   RO         5436    i.libc_stdio_get_console  stdio.o
    0x08008878   0x08008878   0x00000040   Code   RO         5437    i.libc_stdio_read   stdio.o
    0x080088b8   0x080088b8   0x00000048   Code   RO         5438    i.libc_stdio_set_console  stdio.o
    0x08008900   0x08008900   0x00000040   Code   RO         5439    i.libc_stdio_write  stdio.o
    0x08008940   0x08008940   0x00000012   Code   RO         5388    i.libc_system_init  libc.o
    0x08008952   0x08008952   0x00000002   PAD
    0x08008954   0x08008954   0x00000064   Code   RO         5033    i.list              cmd.o
    0x080089b8   0x080089b8   0x00000104   Code   RO         5034    i.list_device       cmd.o
    0x08008abc   0x08008abc   0x00000130   Code   RO         5035    i.list_event        cmd.o
    0x08008bec   0x08008bec   0x00000120   Code   RO         2779    i.list_fd           dfs.o
    0x08008d0c   0x08008d0c   0x00000024   Code   RO         5036    i.list_find_init    cmd.o
    0x08008d30   0x08008d30   0x0000006a   Code   RO         5037    i.list_get_next     cmd.o
    0x08008d9a   0x08008d9a   0x00000002   PAD
    0x08008d9c   0x08008d9c   0x00000140   Code   RO         5038    i.list_mailbox      cmd.o
    0x08008edc   0x08008edc   0x0000006c   Code   RO          864    i.list_mem          mem.o
    0x08008f48   0x08008f48   0x00000110   Code   RO         5039    i.list_memheap      cmd.o
    0x08009058   0x08009058   0x00000154   Code   RO         5040    i.list_mempool      cmd.o
    0x080091ac   0x080091ac   0x0000012c   Code   RO         5041    i.list_msgqueue     cmd.o
    0x080092d8   0x080092d8   0x000000f8   Code   RO         5042    i.list_mutex        cmd.o
    0x080093d0   0x080093d0   0x00000120   Code   RO         5043    i.list_sem          cmd.o
    0x080094f0   0x080094f0   0x000001b8   Code   RO         5044    i.list_thread       cmd.o
    0x080096a8   0x080096a8   0x00000140   Code   RO         5045    i.list_timer        cmd.o
    0x080097e8   0x080097e8   0x0000000c   Code   RO         5634    i.localtime         time.o
    0x080097f4   0x080097f4   0x00000004   Code   RO         5635    i.localtime_r       time.o
    0x080097f8   0x080097f8   0x00000006   Code   RO         3743    i.lock_fs           ff.o
    0x080097fe   0x080097fe   0x00000002   PAD
    0x08009800   0x08009800   0x00000118   Code   RO         2953    i.ls                dfs_file.o
    0x08009918   0x08009918   0x00000060   Code   RO         3153    i.lseek             dfs_posix.o
    0x08009978   0x08009978   0x00000060   Code   RO         1667    i.main              main.o
    0x080099d8   0x080099d8   0x0000000e   Code   RO          104    i.main_thread_entry  components.o
    0x080099e6   0x080099e6   0x00000004   Code   RO         5408    i.malloc            mem_std.o
    0x080099ea   0x080099ea   0x00000012   Code   RO         3744    i.mem_cpy           ff.o
    0x080099fc   0x080099fc   0x000000d8   Code   RO         2700    i.mem_manage_fault_track  cpuport.o
    0x08009ad4   0x08009ad4   0x0000000c   Code   RO         3745    i.mem_set           ff.o
    0x08009ae0   0x08009ae0   0x00000058   Code   RO         3154    i.mkdir             dfs_posix.o
    0x08009b38   0x08009b38   0x00000004   Code   RO         3077    i.mkfs              dfs_fs.o
    0x08009b3c   0x08009b3c   0x0000014c   Code   RO         5636    i.mktime            time.o
    0x08009c88   0x08009c88   0x00000032   Code   RO         3746    i.move_window       ff.o
    0x08009cba   0x08009cba   0x00000002   PAD
    0x08009cbc   0x08009cbc   0x000000bc   Code   RO         5214    i.msh_auto_complete  msh.o
    0x08009d78   0x08009d78   0x0000015c   Code   RO         5215    i.msh_auto_complete_path  msh.o
    0x08009ed4   0x08009ed4   0x00000074   Code   RO         5216    i.msh_exec          msh.o
    0x08009f48   0x08009f48   0x0000013c   Code   RO         5295    i.msh_exec_script   msh_file.o
    0x0800a084   0x0800a084   0x00000078   Code   RO         5217    i.msh_help          msh.o
    0x0800a0fc   0x0800a0fc   0x00000004   Code   RO         5218    i.msh_is_used       msh.o
    0x0800a100   0x0800a100   0x000000d0   Code   RO         5219    i.msh_split         msh.o
    0x0800a1d0   0x0800a1d0   0x00000018   Code   RO         5046    i.object_split      cmd.o
    0x0800a1e8   0x0800a1e8   0x0000004c   Code   RO         3155    i.open              dfs_posix.o
    0x0800a234   0x0800a234   0x00000072   Code   RO         3156    i.opendir           dfs_posix.o
    0x0800a2a6   0x0800a2a6   0x00000026   Code   RO         2069    i.ov2640_speed_ctrl  ov2640.o
    0x0800a2cc   0x0800a2cc   0x00000070   Code   RO         3747    i.pick_lfn          ff.o
    0x0800a33c   0x0800a33c   0x000000e8   Code   RO          865    i.plug_holes        mem.o
    0x0800a424   0x0800a424   0x0000012c   Code   RO          669    i.print_number      kservice.o
    0x0800a550   0x0800a550   0x000000ea   Code   RO         3748    i.put_fat           ff.o
    0x0800a63a   0x0800a63a   0x00000040   Code   RO         3157    i.read              dfs_posix.o
    0x0800a67a   0x0800a67a   0x0000006a   Code   RO         3158    i.readdir           dfs_posix.o
    0x0800a6e4   0x0800a6e4   0x00000074   Code   RO         3749    i.remove_chain      ff.o
    0x0800a758   0x0800a758   0x00000018   Code   RO         3159    i.rename            dfs_posix.o
    0x0800a770   0x0800a770   0x00000038   Code   RO         3160    i.rewinddir         dfs_posix.o
    0x0800a7a8   0x0800a7a8   0x00000030   Code   RO         2954    i.rm                dfs_file.o
    0x0800a7d8   0x0800a7d8   0x00000050   Code   RO          105    i.rt_application_init  components.o
    0x0800a828   0x0800a828   0x0000006c   Code   RO          670    i.rt_assert_handler  kservice.o
    0x0800a894   0x0800a894   0x0000001a   Code   RO          866    i.rt_calloc         mem.o
    0x0800a8ae   0x0800a8ae   0x00000002   PAD
    0x0800a8b0   0x0800a8b0   0x00000068   Code   RO         4400    i.rt_completion_done  completion.o
    0x0800a918   0x0800a918   0x00000040   Code   RO         4401    i.rt_completion_init  completion.o
    0x0800a958   0x0800a958   0x00000138   Code   RO         4402    i.rt_completion_wait  completion.o
    0x0800aa90   0x0800aa90   0x0000001c   Code   RO          106    i.rt_components_board_init  components.o
    0x0800aaac   0x0800aaac   0x0000001c   Code   RO          107    i.rt_components_init  components.o
    0x0800aac8   0x0800aac8   0x0000000c   Code   RO          672    i.rt_console_get_device  kservice.o
    0x0800aad4   0x0800aad4   0x00000028   Code   RO          673    i.rt_console_set_device  kservice.o
    0x0800aafc   0x0800aafc   0x000000ac   Code   RO          172    i.rt_device_close   device.o
    0x0800aba8   0x0800aba8   0x00000094   Code   RO          173    i.rt_device_control  device.o
    0x0800ac3c   0x0800ac3c   0x0000007c   Code   RO          176    i.rt_device_find    device.o
    0x0800acb8   0x0800acb8   0x00000140   Code   RO          179    i.rt_device_open    device.o
    0x0800adf8   0x0800adf8   0x00000044   Code   RO         4048    i.rt_device_pin_register  pin.o
    0x0800ae3c   0x0800ae3c   0x000000b0   Code   RO          180    i.rt_device_read    device.o
    0x0800aeec   0x0800aeec   0x00000064   Code   RO          181    i.rt_device_register  device.o
    0x0800af50   0x0800af50   0x00000080   Code   RO          182    i.rt_device_set_rx_indicate  device.o
    0x0800afd0   0x0800afd0   0x000000b0   Code   RO          185    i.rt_device_write   device.o
    0x0800b080   0x0800b080   0x0000001c   Code   RO         1176    i.rt_enter_critical  scheduler.o
    0x0800b09c   0x0800b09c   0x00000038   Code   RO         1177    i.rt_exit_critical  scheduler.o
    0x0800b0d4   0x0800b0d4   0x000001c8   Code   RO          867    i.rt_free           mem.o
    0x0800b29c   0x0800b29c   0x00000038   Code   RO         2313    i.rt_hw_board_init  board.o
    0x0800b2d4   0x0800b2d4   0x00000002   Code   RO          676    i.rt_hw_console_output  kservice.o
    0x0800b2d6   0x0800b2d6   0x00000002   PAD
    0x0800b2d8   0x0800b2d8   0x00000218   Code   RO         2704    i.rt_hw_hard_fault_exception  cpuport.o
    0x0800b4f0   0x0800b4f0   0x00000048   Code   RO         2453    i.rt_hw_pin_init    drv_gpio.o
    0x0800b538   0x0800b538   0x0000011c   Code   RO         4120    i.rt_hw_serial_isr  serial.o
    0x0800b654   0x0800b654   0x00000084   Code   RO         4121    i.rt_hw_serial_register  serial.o
    0x0800b6d8   0x0800b6d8   0x0000003c   Code   RO         2618    i.rt_hw_spi_init    drv_spi.o
    0x0800b714   0x0800b714   0x0000003c   Code   RO         2705    i.rt_hw_stack_init  cpuport.o
    0x0800b750   0x0800b750   0x0000001c   Code   RO         1271    i.rt_hw_us_delay    thread.o
    0x0800b76c   0x0800b76c   0x00000074   Code   RO         2557    i.rt_hw_usart_init  drv_usart.o
    0x0800b7e0   0x0800b7e0   0x00000024   Code   RO          629    i.rt_interrupt_enter  irq.o
    0x0800b804   0x0800b804   0x00000018   Code   RO          631    i.rt_interrupt_get_nest  irq.o
    0x0800b81c   0x0800b81c   0x00000024   Code   RO          632    i.rt_interrupt_leave  irq.o
    0x0800b840   0x0800b840   0x0000000e   Code   RO          365    i.rt_ipc_list_resume  ipc.o
    0x0800b84e   0x0800b84e   0x0000002e   Code   RO          366    i.rt_ipc_list_resume_all  ipc.o
    0x0800b87c   0x0800b87c   0x00000050   Code   RO          367    i.rt_ipc_list_suspend  ipc.o
    0x0800b8cc   0x0800b8cc   0x00000048   Code   RO          677    i.rt_kprintf        kservice.o
    0x0800b914   0x0800b914   0x0000000e   Code   RO         1054    i.rt_list_insert_after  object.o
    0x0800b922   0x0800b922   0x0000000e   Code   RO         1272    i.rt_list_insert_after  thread.o
    0x0800b930   0x0800b930   0x0000000e   Code   RO         1537    i.rt_list_insert_after  timer.o
    0x0800b93e   0x0800b93e   0x0000000e   Code   RO          368    i.rt_list_insert_before  ipc.o
    0x0800b94c   0x0800b94c   0x0000000e   Code   RO          369    i.rt_list_isempty   ipc.o
    0x0800b95a   0x0800b95a   0x0000000e   Code   RO         1538    i.rt_list_isempty   timer.o
    0x0800b968   0x0800b968   0x0000000e   Code   RO         4403    i.rt_list_isempty   completion.o
    0x0800b976   0x0800b976   0x0000000e   Code   RO         5047    i.rt_list_isempty   cmd.o
    0x0800b984   0x0800b984   0x00000012   Code   RO         5048    i.rt_list_len       cmd.o
    0x0800b996   0x0800b996   0x00000012   Code   RO         1055    i.rt_list_remove    object.o
    0x0800b9a8   0x0800b9a8   0x00000012   Code   RO         1273    i.rt_list_remove    thread.o
    0x0800b9ba   0x0800b9ba   0x00000002   PAD
    0x0800b9bc   0x0800b9bc   0x000001fc   Code   RO          869    i.rt_malloc         mem.o
    0x0800bbb8   0x0800bbb8   0x0000004a   Code   RO          681    i.rt_memcpy         kservice.o
    0x0800bc02   0x0800bc02   0x0000002e   Code   RO          682    i.rt_memmove        kservice.o
    0x0800bc30   0x0800bc30   0x00000044   Code   RO          683    i.rt_memset         kservice.o
    0x0800bc74   0x0800bc74   0x00000084   Code   RO          388    i.rt_mutex_create   ipc.o
    0x0800bcf8   0x0800bcf8   0x000000fc   Code   RO          389    i.rt_mutex_delete   ipc.o
    0x0800bdf4   0x0800bdf4   0x00000054   Code   RO          391    i.rt_mutex_init     ipc.o
    0x0800be48   0x0800be48   0x00000190   Code   RO          392    i.rt_mutex_release  ipc.o
    0x0800bfd8   0x0800bfd8   0x000001c0   Code   RO          393    i.rt_mutex_take     ipc.o
    0x0800c198   0x0800c198   0x000000d8   Code   RO         1056    i.rt_object_allocate  object.o
    0x0800c270   0x0800c270   0x00000098   Code   RO         1058    i.rt_object_delete  object.o
    0x0800c308   0x0800c308   0x00000054   Code   RO         1059    i.rt_object_detach  object.o
    0x0800c35c   0x0800c35c   0x00000024   Code   RO         1062    i.rt_object_get_information  object.o
    0x0800c380   0x0800c380   0x00000034   Code   RO         1065    i.rt_object_get_type  object.o
    0x0800c3b4   0x0800c3b4   0x000000b0   Code   RO         1066    i.rt_object_init    object.o
    0x0800c464   0x0800c464   0x00000038   Code   RO         1067    i.rt_object_is_systemobject  object.o
    0x0800c49c   0x0800c49c   0x00000048   Code   RO         4052    i.rt_pin_mode       pin.o
    0x0800c4e4   0x0800c4e4   0x00000044   Code   RO         4053    i.rt_pin_read       pin.o
    0x0800c528   0x0800c528   0x00000048   Code   RO         4054    i.rt_pin_write      pin.o
    0x0800c570   0x0800c570   0x00000134   Code   RO          872    i.rt_realloc        mem.o
    0x0800c6a4   0x0800c6a4   0x000000d4   Code   RO         1178    i.rt_schedule       scheduler.o
    0x0800c778   0x0800c778   0x00000088   Code   RO         1179    i.rt_schedule_insert_thread  scheduler.o
    0x0800c800   0x0800c800   0x00000070   Code   RO         1180    i.rt_schedule_remove_thread  scheduler.o
    0x0800c870   0x0800c870   0x0000006c   Code   RO          398    i.rt_sem_init       ipc.o
    0x0800c8dc   0x0800c8dc   0x00000088   Code   RO          399    i.rt_sem_release    ipc.o
    0x0800c964   0x0800c964   0x0000017c   Code   RO          400    i.rt_sem_take       ipc.o
    0x0800cae0   0x0800cae0   0x000000c4   Code   RO         4122    i.rt_serial_close   serial.o
    0x0800cba4   0x0800cba4   0x00000104   Code   RO         4123    i.rt_serial_control  serial.o
    0x0800cca8   0x0800cca8   0x00000044   Code   RO         4124    i.rt_serial_init    serial.o
    0x0800ccec   0x0800ccec   0x00000158   Code   RO         4125    i.rt_serial_open    serial.o
    0x0800ce44   0x0800ce44   0x0000008c   Code   RO         4126    i.rt_serial_read    serial.o
    0x0800ced0   0x0800ced0   0x000000dc   Code   RO         4127    i.rt_serial_write   serial.o
    0x0800cfac   0x0800cfac   0x00000020   Code   RO          684    i.rt_set_errno      kservice.o
    0x0800cfcc   0x0800cfcc   0x000000b0   Code   RO          685    i.rt_show_version   kservice.o
    0x0800d07c   0x0800d07c   0x00000012   Code   RO          686    i.rt_snprintf       kservice.o
    0x0800d08e   0x0800d08e   0x00000002   PAD
    0x0800d090   0x0800d090   0x00000084   Code   RO         1539    i.rt_soft_timer_check  timer.o
    0x0800d114   0x0800d114   0x00000058   Code   RO         4357    i.rt_spi_bus_device_init  spi_dev.o
    0x0800d16c   0x0800d16c   0x0000002c   Code   RO         4270    i.rt_spi_bus_register  spi_core.o
    0x0800d198   0x0800d198   0x000000d4   Code   RO         4278    i.rt_spi_transfer   spi_core.o
    0x0800d26c   0x0800d26c   0x00000012   Code   RO          687    i.rt_sprintf        kservice.o
    0x0800d27e   0x0800d27e   0x00000024   Code   RO          690    i.rt_strdup         kservice.o
    0x0800d2a2   0x0800d2a2   0x00000010   Code   RO          691    i.rt_strlen         kservice.o
    0x0800d2b2   0x0800d2b2   0x00000020   Code   RO          692    i.rt_strncmp        kservice.o
    0x0800d2d2   0x0800d2d2   0x00000026   Code   RO          693    i.rt_strncpy        kservice.o
    0x0800d2f8   0x0800d2f8   0x00000108   Code   RO          873    i.rt_system_heap_init  mem.o
    0x0800d400   0x0800d400   0x00000030   Code   RO         1182    i.rt_system_scheduler_init  scheduler.o
    0x0800d430   0x0800d430   0x00000028   Code   RO         1183    i.rt_system_scheduler_start  scheduler.o
    0x0800d458   0x0800d458   0x00000018   Code   RO         1540    i.rt_system_timer_init  timer.o
    0x0800d470   0x0800d470   0x0000004c   Code   RO         1541    i.rt_system_timer_thread_init  timer.o
    0x0800d4bc   0x0800d4bc   0x000000ac   Code   RO         1274    i.rt_thread_control  thread.o
    0x0800d568   0x0800d568   0x00000048   Code   RO         1275    i.rt_thread_create  thread.o
    0x0800d5b0   0x0800d5b0   0x00000004   Code   RO         1276    i.rt_thread_delay   thread.o
    0x0800d5b4   0x0800d5b4   0x000000d0   Code   RO         1278    i.rt_thread_delete  thread.o
    0x0800d684   0x0800d684   0x00000058   Code   RO         1280    i.rt_thread_exit    thread.o
    0x0800d6dc   0x0800d6dc   0x0000001c   Code   RO          307    i.rt_thread_idle_entry  idle.o
    0x0800d6f8   0x0800d6f8   0x000000cc   Code   RO          308    i.rt_thread_idle_excute  idle.o
    0x0800d7c4   0x0800d7c4   0x00000060   Code   RO          310    i.rt_thread_idle_init  idle.o
    0x0800d824   0x0800d824   0x00000080   Code   RO         1282    i.rt_thread_init    thread.o
    0x0800d8a4   0x0800d8a4   0x0000000e   Code   RO         1284    i.rt_thread_mdelay  thread.o
    0x0800d8b2   0x0800d8b2   0x00000002   PAD
    0x0800d8b4   0x0800d8b4   0x0000008c   Code   RO         1285    i.rt_thread_resume  thread.o
    0x0800d940   0x0800d940   0x0000000c   Code   RO         1287    i.rt_thread_self    thread.o
    0x0800d94c   0x0800d94c   0x00000080   Code   RO         1288    i.rt_thread_sleep   thread.o
    0x0800d9cc   0x0800d9cc   0x000000bc   Code   RO         1289    i.rt_thread_startup  thread.o
    0x0800da88   0x0800da88   0x000000cc   Code   RO         1290    i.rt_thread_suspend  thread.o
    0x0800db54   0x0800db54   0x000000b4   Code   RO         1292    i.rt_thread_timeout  thread.o
    0x0800dc08   0x0800dc08   0x00000038   Code   RO         1542    i.rt_thread_timer_entry  timer.o
    0x0800dc40   0x0800dc40   0x0000000a   Code   RO         1293    i.rt_thread_yield   thread.o
    0x0800dc4a   0x0800dc4a   0x00000032   Code   RO            2    i.rt_tick_from_millisecond  clock.o
    0x0800dc7c   0x0800dc7c   0x0000000c   Code   RO            3    i.rt_tick_get       clock.o
    0x0800dc88   0x0800dc88   0x00000034   Code   RO            4    i.rt_tick_increase  clock.o
    0x0800dcbc   0x0800dcbc   0x00000084   Code   RO         1543    i.rt_timer_check    timer.o
    0x0800dd40   0x0800dd40   0x000000b8   Code   RO         1544    i.rt_timer_control  timer.o
    0x0800ddf8   0x0800ddf8   0x000000d4   Code   RO         1547    i.rt_timer_detach   timer.o
    0x0800decc   0x0800decc   0x00000050   Code   RO         1550    i.rt_timer_init     timer.o
    0x0800df1c   0x0800df1c   0x00000024   Code   RO         1551    i.rt_timer_list_next_timeout  timer.o
    0x0800df40   0x0800df40   0x00000188   Code   RO         1553    i.rt_timer_start    timer.o
    0x0800e0c8   0x0800e0c8   0x000000b4   Code   RO         1554    i.rt_timer_stop     timer.o
    0x0800e17c   0x0800e17c   0x00000264   Code   RO          696    i.rt_vsnprintf      kservice.o
    0x0800e3e0   0x0800e3e0   0x0000000c   Code   RO          697    i.rt_vsprintf       kservice.o
    0x0800e3ec   0x0800e3ec   0x00000024   Code   RO         4797    i.rt_wqueue_add     waitqueue.o
    0x0800e410   0x0800e410   0x00000020   Code   RO         4798    i.rt_wqueue_remove  waitqueue.o
    0x0800e430   0x0800e430   0x000000e4   Code   RO         4799    i.rt_wqueue_wait    waitqueue.o
    0x0800e514   0x0800e514   0x00000056   Code   RO         4800    i.rt_wqueue_wakeup  waitqueue.o
    0x0800e56a   0x0800e56a   0x00000004   Code   RO          108    i.rti_board_end     components.o
    0x0800e56e   0x0800e56e   0x00000004   Code   RO          109    i.rti_board_start   components.o
    0x0800e572   0x0800e572   0x00000004   Code   RO          110    i.rti_end           components.o
    0x0800e576   0x0800e576   0x00000004   Code   RO          111    i.rti_start         components.o
    0x0800e57a   0x0800e57a   0x0000002a   Code   RO          112    i.rtthread_startup  components.o
    0x0800e5a4   0x0800e5a4   0x00000016   Code   RO         4128    i.serial_fops_close  serial.o
    0x0800e5ba   0x0800e5ba   0x00000006   Code   RO         4129    i.serial_fops_ioctl  serial.o
    0x0800e5c0   0x0800e5c0   0x000000c0   Code   RO         4130    i.serial_fops_open  serial.o
    0x0800e680   0x0800e680   0x00000070   Code   RO         4131    i.serial_fops_poll  serial.o
    0x0800e6f0   0x0800e6f0   0x0000003e   Code   RO         4132    i.serial_fops_read  serial.o
    0x0800e72e   0x0800e72e   0x0000000e   Code   RO         4133    i.serial_fops_rx_ind  serial.o
    0x0800e73c   0x0800e73c   0x0000000e   Code   RO         4134    i.serial_fops_write  serial.o
    0x0800e74a   0x0800e74a   0x00000002   PAD
    0x0800e74c   0x0800e74c   0x0000002c   Code   RO         4946    i.shell_handle_history  shell.o
    0x0800e778   0x0800e778   0x000000b0   Code   RO         4947    i.shell_push_history  shell.o
    0x0800e828   0x0800e828   0x00000030   Code   RO         5049    i.show_wait_queue   cmd.o
    0x0800e858   0x0800e858   0x00000028   Code   RO          698    i.skip_atoi         kservice.o
    0x0800e880   0x0800e880   0x00000028   Code   RO         3750    i.st_clust          ff.o
    0x0800e8a8   0x0800e8a8   0x00000010   Code   RO         3751    i.st_dword          ff.o
    0x0800e8b8   0x0800e8b8   0x00000008   Code   RO         3752    i.st_word           ff.o
    0x0800e8c0   0x0800e8c0   0x0000001a   Code   RO         5220    i.str_common        msh.o
    0x0800e8da   0x0800e8da   0x0000001a   Code   RO         3753    i.sum_sfn           ff.o
    0x0800e8f4   0x0800e8f4   0x00000088   Code   RO         3754    i.sync_fs           ff.o
    0x0800e97c   0x0800e97c   0x00000052   Code   RO         3755    i.sync_window       ff.o
    0x0800e9ce   0x0800e9ce   0x0000000c   Code   RO         5638    i.time              time.o
    0x0800e9da   0x0800e9da   0x00000018   Code   RO         3166    i.unlink            dfs_posix.o
    0x0800e9f2   0x0800e9f2   0x00000018   Code   RO         3756    i.unlock_fs         ff.o
    0x0800ea0a   0x0800ea0a   0x00000002   PAD
    0x0800ea0c   0x0800ea0c   0x000000d0   Code   RO         2706    i.usage_fault_track  cpuport.o
    0x0800eadc   0x0800eadc   0x000000c8   Code   RO         2558    i.usart_isr         drv_usart.o
    0x0800eba4   0x0800eba4   0x0000003e   Code   RO         3757    i.validate          ff.o
    0x0800ebe2   0x0800ebe2   0x0000000a   Code   RO         5050    i.version           cmd.o
    0x0800ebec   0x0800ebec   0x00000040   Code   RO         3167    i.write             dfs_posix.o
    0x0800ec2c   0x0800ec2c   0x00000128   Code   RO         2619    i.xfer              drv_spi.o
    0x0800ed54   0x0800ed54   0x00000010   Code   RO         2260    i.yuv_8_to_RGBGray  lanedetect.o
    0x0800ed64   0x0800ed64   0x0000000a   Code   RO         9394    x$fpl$fpinit        fz_wm.l(fpinit.o)
    0x0800ed6e   0x0800ed6e   0x00000014   Data   RO          113    .constdata          components.o
    0x0800ed82   0x0800ed82   0x000000d8   Data   RO          186    .constdata          device.o
    0x0800ee5a   0x0800ee5a   0x00000016   Data   RO          313    .constdata          idle.o
    0x0800ee70   0x0800ee70   0x000001fc   Data   RO          402    .constdata          ipc.o
    0x0800f06c   0x0800f06c   0x00000022   Data   RO          700    .constdata          kservice.o
    0x0800f08e   0x0800f08e   0x0000003c   Data   RO          875    .constdata          mem.o
    0x0800f0ca   0x0800f0ca   0x00000080   Data   RO         1072    .constdata          object.o
    0x0800f14a   0x0800f14a   0x0000004e   Data   RO         1185    .constdata          scheduler.o
    0x0800f198   0x0800f198   0x000000cf   Data   RO         1294    .constdata          thread.o
    0x0800f267   0x0800f267   0x0000005c   Data   RO         1556    .constdata          timer.o
    0x0800f2c3   0x0800f2c3   0x000001c6   Data   RO         2071    .constdata          ov2640.o
    0x0800f489   0x0800f489   0x00000003   PAD
    0x0800f48c   0x0800f48c   0x000006b8   Data   RO         2454    .constdata          drv_gpio.o
    0x0800fb44   0x0800fb44   0x00000067   Data   RO         2559    .constdata          drv_usart.o
    0x0800fbab   0x0800fbab   0x00000027   Data   RO         2621    .constdata          drv_spi.o
    0x0800fbd2   0x0800fbd2   0x00000023   Data   RO         2781    .constdata          dfs.o
    0x0800fbf5   0x0800fbf5   0x00000003   PAD
    0x0800fbf8   0x0800fbf8   0x00000040   Data   RO         3078    .constdata          dfs_fs.o
    0x0800fc38   0x0800fc38   0x00000024   Data   RO         3434    .constdata          devfs.o
    0x0800fc5c   0x0800fc5c   0x000000a1   Data   RO         3435    .constdata          devfs.o
    0x0800fcfd   0x0800fcfd   0x00000003   PAD
    0x0800fd00   0x0800fd00   0x00000024   Data   RO         3529    .constdata          dfs_elm.o
    0x0800fd24   0x0800fd24   0x000000ab   Data   RO         3530    .constdata          dfs_elm.o
    0x0800fdcf   0x0800fdcf   0x00000001   PAD
    0x0800fdd0   0x0800fdd0   0x000000aa   Data   RO         3758    .constdata          ff.o
    0x0800fe7a   0x0800fe7a   0x000003ae   Data   RO         4018    .constdata          ccsbcs.o
    0x08010228   0x08010228   0x0000007d   Data   RO         4056    .constdata          pin.o
    0x080102a5   0x080102a5   0x00000003   PAD
    0x080102a8   0x080102a8   0x00000127   Data   RO         4135    .constdata          serial.o
    0x080103cf   0x080103cf   0x000000a3   Data   RO         4280    .constdata          spi_core.o
    0x08010472   0x08010472   0x00000081   Data   RO         4359    .constdata          spi_dev.o
    0x080104f3   0x080104f3   0x00000039   Data   RO         4404    .constdata          completion.o
    0x0801052c   0x0801052c   0x0000000f   Data   RO         4801    .constdata          waitqueue.o
    0x0801053b   0x0801053b   0x0000004a   Data   RO         4949    .constdata          shell.o
    0x08010585   0x08010585   0x00000003   PAD
    0x08010588   0x08010588   0x00000058   Data   RO         5051    .constdata          cmd.o
    0x080105e0   0x080105e0   0x0000000e   Data   RO         5221    .constdata          msh.o
    0x080105ee   0x080105ee   0x0000001b   Data   RO         5481    .constdata          stubs.o
    0x08010609   0x08010609   0x00000001   PAD
    0x0801060a   0x0801060a   0x00000075   Data   RO         5640    .constdata          time.o
    0x0801067f   0x0801067f   0x00000001   PAD
    0x08010680   0x08010680   0x0000008b   Data   RO          403    .conststring        ipc.o
    0x0801070b   0x0801070b   0x00000001   PAD
    0x0801070c   0x0801070c   0x000000eb   Data   RO          876    .conststring        mem.o
    0x080107f7   0x080107f7   0x00000001   PAD
    0x080107f8   0x080107f8   0x00000042   Data   RO         1295    .conststring        thread.o
    0x0801083a   0x0801083a   0x00000002   PAD
    0x0801083c   0x0801083c   0x00000006   Data   RO         2560    .conststring        drv_usart.o
    0x08010842   0x08010842   0x00000002   PAD
    0x08010844   0x08010844   0x0000000d   Data   RO         2622    .conststring        drv_spi.o
    0x08010851   0x08010851   0x00000003   PAD
    0x08010854   0x08010854   0x0000000b   Data   RO         3079    .conststring        dfs_fs.o
    0x0801085f   0x0801085f   0x00000001   PAD
    0x08010860   0x08010860   0x00000006   Data   RO         3436    .conststring        devfs.o
    0x08010866   0x08010866   0x00000002   PAD
    0x08010868   0x08010868   0x00000048   Data   RO         3531    .conststring        dfs_elm.o
    0x080108b0   0x080108b0   0x00000063   Data   RO         4136    .conststring        serial.o
    0x08010913   0x08010913   0x00000001   PAD
    0x08010914   0x08010914   0x0000017d   Data   RO         5052    .conststring        cmd.o
    0x08010a91   0x08010a91   0x00000009   Data   RO          878    .rodata.name        mem.o
    0x08010a9a   0x08010a9a   0x0000001e   Data   RO          879    .rodata.name        mem.o
    0x08010ab8   0x08010ab8   0x0000000b   Data   RO         1673    .rodata.name        main.o
    0x08010ac3   0x08010ac3   0x0000000e   Data   RO         1674    .rodata.name        main.o
    0x08010ad1   0x08010ad1   0x0000000e   Data   RO         2783    .rodata.name        dfs.o
    0x08010adf   0x08010adf   0x00000015   Data   RO         2784    .rodata.name        dfs.o
    0x08010af4   0x08010af4   0x00000003   Data   RO         2956    .rodata.name        dfs_file.o
    0x08010af7   0x08010af7   0x00000018   Data   RO         2957    .rodata.name        dfs_file.o
    0x08010b0f   0x08010b0f   0x00000003   Data   RO         2958    .rodata.name        dfs_file.o
    0x08010b12   0x08010b12   0x0000001c   Data   RO         2959    .rodata.name        dfs_file.o
    0x08010b2e   0x08010b2e   0x00000004   Data   RO         2960    .rodata.name        dfs_file.o
    0x08010b32   0x08010b32   0x0000000b   Data   RO         2961    .rodata.name        dfs_file.o
    0x08010b3d   0x08010b3d   0x00000005   Data   RO         2962    .rodata.name        dfs_file.o
    0x08010b42   0x08010b42   0x00000011   Data   RO         2963    .rodata.name        dfs_file.o
    0x08010b53   0x08010b53   0x00000005   Data   RO         3080    .rodata.name        dfs_fs.o
    0x08010b58   0x08010b58   0x00000013   Data   RO         3081    .rodata.name        dfs_fs.o
    0x08010b6b   0x08010b6b   0x00000003   Data   RO         3082    .rodata.name        dfs_fs.o
    0x08010b6e   0x08010b6e   0x0000000e   Data   RO         3083    .rodata.name        dfs_fs.o
    0x08010b7c   0x08010b7c   0x00000006   Data   RO         3168    .rodata.name        dfs_posix.o
    0x08010b82   0x08010b82   0x00000013   Data   RO         3169    .rodata.name        dfs_posix.o
    0x08010b95   0x08010b95   0x00000003   Data   RO         3170    .rodata.name        dfs_posix.o
    0x08010b98   0x08010b98   0x00000021   Data   RO         3171    .rodata.name        dfs_posix.o
    0x08010bb9   0x08010bb9   0x00000008   Data   RO         4057    .rodata.name        pin.o
    0x08010bc1   0x08010bc1   0x00000016   Data   RO         4058    .rodata.name        pin.o
    0x08010bd7   0x08010bd7   0x00000009   Data   RO         4059    .rodata.name        pin.o
    0x08010be0   0x08010be0   0x0000001c   Data   RO         4060    .rodata.name        pin.o
    0x08010bfc   0x08010bfc   0x00000008   Data   RO         4061    .rodata.name        pin.o
    0x08010c04   0x08010c04   0x0000001e   Data   RO         4062    .rodata.name        pin.o
    0x08010c22   0x08010c22   0x00000006   Data   RO         5053    .rodata.name        cmd.o
    0x08010c28   0x08010c28   0x00000010   Data   RO         5054    .rodata.name        cmd.o
    0x08010c38   0x08010c38   0x00000006   Data   RO         5055    .rodata.name        cmd.o
    0x08010c3e   0x08010c3e   0x0000001a   Data   RO         5056    .rodata.name        cmd.o
    0x08010c58   0x08010c58   0x0000000c   Data   RO         5057    .rodata.name        cmd.o
    0x08010c64   0x08010c64   0x0000001a   Data   RO         5058    .rodata.name        cmd.o
    0x08010c7e   0x08010c7e   0x00000008   Data   RO         5059    .rodata.name        cmd.o
    0x08010c86   0x08010c86   0x00000023   Data   RO         5060    .rodata.name        cmd.o
    0x08010ca9   0x08010ca9   0x0000000e   Data   RO         5061    .rodata.name        cmd.o
    0x08010cb7   0x08010cb7   0x00000023   Data   RO         5062    .rodata.name        cmd.o
    0x08010cda   0x08010cda   0x0000000c   Data   RO         5063    .rodata.name        cmd.o
    0x08010ce6   0x08010ce6   0x0000000c   Data   RO         5064    .rodata.name        cmd.o
    0x08010cf2   0x08010cf2   0x00000012   Data   RO         5065    .rodata.name        cmd.o
    0x08010d04   0x08010d04   0x0000000c   Data   RO         5066    .rodata.name        cmd.o
    0x08010d10   0x08010d10   0x00000009   Data   RO         5067    .rodata.name        cmd.o
    0x08010d19   0x08010d19   0x00000019   Data   RO         5068    .rodata.name        cmd.o
    0x08010d32   0x08010d32   0x0000000f   Data   RO         5069    .rodata.name        cmd.o
    0x08010d41   0x08010d41   0x00000019   Data   RO         5070    .rodata.name        cmd.o
    0x08010d5a   0x08010d5a   0x0000000b   Data   RO         5071    .rodata.name        cmd.o
    0x08010d65   0x08010d65   0x00000015   Data   RO         5072    .rodata.name        cmd.o
    0x08010d7a   0x08010d7a   0x00000011   Data   RO         5073    .rodata.name        cmd.o
    0x08010d8b   0x08010d8b   0x00000015   Data   RO         5074    .rodata.name        cmd.o
    0x08010da0   0x08010da0   0x0000000b   Data   RO         5075    .rodata.name        cmd.o
    0x08010dab   0x08010dab   0x00000015   Data   RO         5076    .rodata.name        cmd.o
    0x08010dc0   0x08010dc0   0x00000011   Data   RO         5077    .rodata.name        cmd.o
    0x08010dd1   0x08010dd1   0x00000015   Data   RO         5078    .rodata.name        cmd.o
    0x08010de6   0x08010de6   0x0000000d   Data   RO         5079    .rodata.name        cmd.o
    0x08010df3   0x08010df3   0x00000018   Data   RO         5080    .rodata.name        cmd.o
    0x08010e0b   0x08010e0b   0x00000013   Data   RO         5081    .rodata.name        cmd.o
    0x08010e1e   0x08010e1e   0x00000018   Data   RO         5082    .rodata.name        cmd.o
    0x08010e36   0x08010e36   0x0000000e   Data   RO         5083    .rodata.name        cmd.o
    0x08010e44   0x08010e44   0x0000001d   Data   RO         5084    .rodata.name        cmd.o
    0x08010e61   0x08010e61   0x00000014   Data   RO         5085    .rodata.name        cmd.o
    0x08010e75   0x08010e75   0x0000001d   Data   RO         5086    .rodata.name        cmd.o
    0x08010e92   0x08010e92   0x0000000d   Data   RO         5087    .rodata.name        cmd.o
    0x08010e9f   0x08010e9f   0x0000001b   Data   RO         5088    .rodata.name        cmd.o
    0x08010eba   0x08010eba   0x00000013   Data   RO         5089    .rodata.name        cmd.o
    0x08010ecd   0x08010ecd   0x0000001b   Data   RO         5090    .rodata.name        cmd.o
    0x08010ee8   0x08010ee8   0x0000000d   Data   RO         5091    .rodata.name        cmd.o
    0x08010ef5   0x08010ef5   0x0000001b   Data   RO         5092    .rodata.name        cmd.o
    0x08010f10   0x08010f10   0x00000013   Data   RO         5093    .rodata.name        cmd.o
    0x08010f23   0x08010f23   0x0000001b   Data   RO         5094    .rodata.name        cmd.o
    0x08010f3e   0x08010f3e   0x0000000b   Data   RO         5095    .rodata.name        cmd.o
    0x08010f49   0x08010f49   0x00000015   Data   RO         5096    .rodata.name        cmd.o
    0x08010f5e   0x08010f5e   0x00000011   Data   RO         5097    .rodata.name        cmd.o
    0x08010f6f   0x08010f6f   0x00000015   Data   RO         5098    .rodata.name        cmd.o
    0x08010f84   0x08010f84   0x0000000c   Data   RO         5099    .rodata.name        cmd.o
    0x08010f90   0x08010f90   0x00000016   Data   RO         5100    .rodata.name        cmd.o
    0x08010fa6   0x08010fa6   0x00000012   Data   RO         5101    .rodata.name        cmd.o
    0x08010fb8   0x08010fb8   0x00000016   Data   RO         5102    .rodata.name        cmd.o
    0x08010fce   0x08010fce   0x00000005   Data   RO         5103    .rodata.name        cmd.o
    0x08010fd3   0x08010fd3   0x0000001a   Data   RO         5104    .rodata.name        cmd.o
    0x08010fed   0x08010fed   0x0000000b   Data   RO         5222    .rodata.name        msh.o
    0x08010ff8   0x08010ff8   0x00000016   Data   RO         5223    .rodata.name        msh.o
    0x0801100e   0x0801100e   0x00000009   Data   RO         5224    .rodata.name        msh.o
    0x08011017   0x08011017   0x0000001c   Data   RO         5225    .rodata.name        msh.o
    0x08011033   0x08011033   0x0000000b   Data   RO         5226    .rodata.name        msh.o
    0x0801103e   0x0801103e   0x00000025   Data   RO         5227    .rodata.name        msh.o
    0x08011063   0x08011063   0x00000009   Data   RO         5296    .rodata.name        msh_file.o
    0x0801106c   0x0801106c   0x00000022   Data   RO         5297    .rodata.name        msh_file.o
    0x0801108e   0x0801108e   0x00000009   Data   RO         5298    .rodata.name        msh_file.o
    0x08011097   0x08011097   0x00000015   Data   RO         5299    .rodata.name        msh_file.o
    0x080110ac   0x080110ac   0x00000009   Data   RO         5300    .rodata.name        msh_file.o
    0x080110b5   0x080110b5   0x00000017   Data   RO         5301    .rodata.name        msh_file.o
    0x080110cc   0x080110cc   0x0000000a   Data   RO         5302    .rodata.name        msh_file.o
    0x080110d6   0x080110d6   0x00000014   Data   RO         5303    .rodata.name        msh_file.o
    0x080110ea   0x080110ea   0x00000009   Data   RO         5304    .rodata.name        msh_file.o
    0x080110f3   0x080110f3   0x0000001c   Data   RO         5305    .rodata.name        msh_file.o
    0x0801110f   0x0801110f   0x00000009   Data   RO         5306    .rodata.name        msh_file.o
    0x08011118   0x08011118   0x00000024   Data   RO         5307    .rodata.name        msh_file.o
    0x0801113c   0x0801113c   0x0000000a   Data   RO         5308    .rodata.name        msh_file.o
    0x08011146   0x08011146   0x00000031   Data   RO         5309    .rodata.name        msh_file.o
    0x08011177   0x08011177   0x0000000c   Data   RO         5310    .rodata.name        msh_file.o
    0x08011183   0x08011183   0x00000016   Data   RO         5311    .rodata.name        msh_file.o
    0x08011199   0x08011199   0x0000000b   Data   RO         5312    .rodata.name        msh_file.o
    0x080111a4   0x080111a4   0x0000001d   Data   RO         5313    .rodata.name        msh_file.o
    0x080111c1   0x080111c1   0x00000009   Data   RO         5314    .rodata.name        msh_file.o
    0x080111ca   0x080111ca   0x0000000a   Data   RO         5315    .rodata.name        msh_file.o
    0x080111d4   0x080111d4   0x0000000b   Data   RO         5316    .rodata.name        msh_file.o
    0x080111df   0x080111df   0x00000014   Data   RO         5317    .rodata.name        msh_file.o
    0x080111f3   0x080111f3   0x00000001   PAD
    0x080111f4   0x080111f4   0x00000004   Data   RO          114    .rti_fn.0           components.o
    0x080111f8   0x080111f8   0x00000004   Data   RO          115    .rti_fn.0.end       components.o
    0x080111fc   0x080111fc   0x00000004   Data   RO         2456    .rti_fn.1           drv_gpio.o
    0x08011200   0x08011200   0x00000004   Data   RO         2562    .rti_fn.1           drv_usart.o
    0x08011204   0x08011204   0x00000004   Data   RO         2624    .rti_fn.1           drv_spi.o
    0x08011208   0x08011208   0x00000004   Data   RO          116    .rti_fn.1.end       components.o
    0x0801120c   0x0801120c   0x00000004   Data   RO         2785    .rti_fn.2           dfs.o
    0x08011210   0x08011210   0x00000004   Data   RO         3533    .rti_fn.4           dfs_elm.o
    0x08011214   0x08011214   0x00000004   Data   RO         5389    .rti_fn.4           libc.o
    0x08011218   0x08011218   0x00000004   Data   RO         4951    .rti_fn.6           shell.o
    0x0801121c   0x0801121c   0x00000004   Data   RO          117    .rti_fn.6.end       components.o
    0x08011220   0x08011220   0x0000000c   Data   RO          880    FSymTab             mem.o
    0x0801122c   0x0801122c   0x0000000c   Data   RO         1675    FSymTab             main.o
    0x08011238   0x08011238   0x0000000c   Data   RO         2786    FSymTab             dfs.o
    0x08011244   0x08011244   0x00000030   Data   RO         2964    FSymTab             dfs_file.o
    0x08011274   0x08011274   0x00000018   Data   RO         3084    FSymTab             dfs_fs.o
    0x0801128c   0x0801128c   0x00000018   Data   RO         3172    FSymTab             dfs_posix.o
    0x080112a4   0x080112a4   0x00000024   Data   RO         4063    FSymTab             pin.o
    0x080112c8   0x080112c8   0x00000138   Data   RO         5105    FSymTab             cmd.o
    0x08011400   0x08011400   0x00000024   Data   RO         5228    FSymTab             msh.o
    0x08011424   0x08011424   0x00000084   Data   RO         5318    FSymTab             msh_file.o
    0x080114a8   0x080114a8   0x00000020   Data   RO         9458    Region$$Table       anon$$obj.o


    Execution Region RW_IRAM1 (Exec base: 0x20000000, Load base: 0x080114c8, Size: 0x000014f0, Max: 0x00018000, ABSOLUTE, COMPRESSED[0x000000b0])

    Exec Addr    Load Addr    Size         Type   Attr      Idx    E Section Name        Object

    0x20000000   COMPRESSED   0x00000004   Data   RW            6    .data               clock.o
    0x20000004   COMPRESSED   0x0000000c   Data   RW          634    .data               irq.o
    0x20000010   COMPRESSED   0x0000000c   Data   RW          701    .data               kservice.o
    0x2000001c   COMPRESSED   0x00000020   Data   RW          877    .data               mem.o
    0x2000003c   COMPRESSED   0x000000b4   Data   RW         1073    .data               object.o
    0x200000f0   COMPRESSED   0x00000018   Data   RW         1186    .data               scheduler.o
    0x20000108   COMPRESSED   0x0000000c   Data   RW         1296    .data               thread.o
    0x20000114   COMPRESSED   0x0000001c   Data   RW         1557    .data               timer.o
    0x20000130   COMPRESSED   0x00000010   Data   RW         1669    .data               main.o
    0x20000140   COMPRESSED   0x00000014   Data   RW         2393    .data               system_at32f4xx.o
    0x20000154   COMPRESSED   0x000000c4   Data   RW         2455    .data               drv_gpio.o
    0x20000218   COMPRESSED   0x00000070   Data   RW         2561    .data               drv_usart.o
    0x20000288   COMPRESSED   0x00000018   Data   RW         2623    .data               drv_spi.o
    0x200002a0   COMPRESSED   0x00000004   Data   RW         2708    .data               cpuport.o
    0x200002a4   COMPRESSED   0x00000004   Data   RW         2709    .data               cpuport.o
    0x200002a8   COMPRESSED   0x00000004   Data   RW         2710    .data               cpuport.o
    0x200002ac   COMPRESSED   0x00000004   Data   RW         2711    .data               cpuport.o
    0x200002b0   COMPRESSED   0x00000114   Data   RW         2782    .data               dfs.o
    0x200003c4   COMPRESSED   0x00000008   Data   RW         3532    .data               dfs_elm.o
    0x200003cc   COMPRESSED   0x0000000c   Data   RW         3759    .data               ff.o
    0x200003d8   COMPRESSED   0x00000004   Data   RW         4137    .data               serial.o
    0x200003dc   COMPRESSED   0x00000018   Data   RW         4950    .data               shell.o
    0x200003f4   COMPRESSED   0x00000004   Data   RW         5440    .data               stdio.o
    0x200003f8   COMPRESSED   0x00000010   Data   RW         7150    .data               at32f4xx_rcc.o
    0x20000408   COMPRESSED   0x00000004   Data   RW         9200    .data               c_w.l(stdio_streams.o)
    0x2000040c   COMPRESSED   0x00000004   Data   RW         9201    .data               c_w.l(stdio_streams.o)
    0x20000410   COMPRESSED   0x00000004   Data   RW         9202    .data               c_w.l(stdio_streams.o)
    0x20000414        -       0x00000190   Zero   RW          312    .bss                idle.o
    0x200005a4        -       0x00000080   Zero   RW          699    .bss                kservice.o
    0x20000624        -       0x00000020   Zero   RW          874    .bss                mem.o
    0x20000644        -       0x00000100   Zero   RW         1184    .bss                scheduler.o
    0x20000744        -       0x00000280   Zero   RW         1555    .bss                timer.o
    0x200009c4        -       0x0000000e   Zero   RW         1769    .bss                lcd.o
    0x200009d2   COMPRESSED   0x00000002   PAD
    0x200009d4        -       0x00000108   Zero   RW         2620    .bss                drv_spi.o
    0x20000adc        -       0x00000044   Zero   RW         2780    .bss                dfs.o
    0x20000b20        -       0x00000128   Zero   RW         2955    .bss                dfs_file.o
    0x20000c48        -       0x00000054   Zero   RW         4055    .bss                pin.o
    0x20000c9c        -       0x00000081   Zero   RW         4948    .bss                shell.o
    0x20000d1d   COMPRESSED   0x00000003   PAD
    0x20000d20        -       0x00000071   Zero   RW         5639    .bss                time.o
    0x20000d91   COMPRESSED   0x00000003   PAD
    0x20000d94        -       0x00000054   Zero   RW         9197    .bss                c_w.l(stdio_streams.o)
    0x20000de8        -       0x00000054   Zero   RW         9198    .bss                c_w.l(stdio_streams.o)
    0x20000e3c        -       0x00000054   Zero   RW         9199    .bss                c_w.l(stdio_streams.o)
    0x20000e90        -       0x00000060   Zero   RW         9397    .bss                c_w.l(libspace.o)
    0x20000ef0        -       0x00000200   Zero   RW         2429    HEAP                startup_at32f403avgt7.o
    0x200010f0        -       0x00000400   Zero   RW         2428    STACK               startup_at32f403avgt7.o


==============================================================================

Image component sizes


      Code (inc. data)   RO Data    RW Data    ZI Data      Debug   Object Name

       296         26          0          0          0       1834   at32_msp.o
       170         14          0          0          0       3304   at32f4xx_exti.o
      1284         30          0          0          0       8207   at32f4xx_gpio.o
       356         54          0         16          0       6638   at32f4xx_rcc.o
       142          0          0          0          0       5222   at32f4xx_spi.o
       488         26          0          0          0      10147   at32f4xx_usart.o
       170         24          0          0          0      27185   board.o
       184         22        942          0          0       3023   ccsbcs.o
       114         10          0          4          0      20030   clock.o
      3500       1376       1752          0          0      25619   cmd.o
       494        180         57          0          0       3631   completion.o
       218         48         36          0          0       6000   components.o
       308         26          0          0          0        832   context_rvds.o
      1388        734          0         16          0       6990   cpuport.o
       942        254        203          0          0       9473   devfs.o
      1344        616        216          0          0      19904   device.o
      1456        394         86        276         68      27089   dfs.o
      2770        426        283          8          0      30751   dfs_elm.o
      2210        514        143          0        296      15083   dfs_file.o
      1330        428        140          0          0       8626   dfs_fs.o
      1056         18         85          0          0      13438   dfs_posix.o
      1130         38       1724        196          0      12945   drv_gpio.o
       716        102         56         24        264       5686   drv_spi.o
       940        288        113        112          0       6060   drv_usart.o
      9836        166        170         12          0      61220   ff.o
       348         78         22          0        400       5946   idle.o
      2108        684        647          0          0      35576   ipc.o
        96         14          0         12          0       2278   irq.o
      1752        236         34         12        128      17909   kservice.o
        16          0          0          0          0        555   lanedetect.o
      1156         64          0          0         14      11544   lcd.o
        18          0          4          0          0       1392   libc.o
       388        110         37         16          0       3614   main.o
      1902        738        346         32         32       7088   mem.o
         8          0          0          0          0       1124   mem_std.o
       100          6          0          0          0       1252   misc.o
      1238        190        168          0          0      10085   msh.o
      1476        590        532          0          0      12273   msh_file.o
       804        280        128        180          0      10706   object.o
       572         48        454          0          0       4375   ov2640.o
       480        184        266          0         84       8582   pin.o
         0          0          0          0          0      15368   poll.o
       630         40          0          0          0       5067   sccb.o
       856        216         78         24        256       9930   scheduler.o
      2214        506        394          4          0      34543   serial.o
      1348        178         78         24        129      13100   shell.o
         0          0          0          0          0       1320   signal.o
       256         48        163          0          0       8219   spi_core.o
       284        124        129          0          0       5361   spi_dev.o
        64         26        380          0       1536        944   startup_at32f403avgt7.o
       212         80          0          4          0       3075   stdio.o
       298          4         27          0          0      23146   stubs.o
       288         36          0         20          0       1943   system_at32f4xx.o
      1796        548        273         12          0     283094   thread.o
       582         20        117          0        113       6368   time.o
      1602        506         92         28        640      14557   timer.o
       386         52         15          0          0       4833   waitqueue.o

    ----------------------------------------------------------------------
     56180      11420      10454       1032       3968     904104   Object Totals
         0          0         32          0          0          0   (incl. Generated)
        60          0         32          0          8          0   (incl. Padding)

    ----------------------------------------------------------------------

      Code (inc. data)   RO Data    RW Data    ZI Data      Debug   Library Member Name

        90          0          0          0          0          0   __dczerorl2.o
         8          0          0          0          0         68   __main.o
       104          0          0          0          0         84   __printf.o
         0          0          0          0          0          0   __rtentry.o
        12          0          0          0          0          0   __rtentry2.o
         6          0          0          0          0          0   __rtentry4.o
        52          8          0          0          0          0   __scatter.o
        28          0          0          0          0          0   __scatter_zi.o
        44          0          0          0          0        108   _printf_char.o
        48          6          0          0          0         96   _printf_char_common.o
         0          0          0          0          0          0   _printf_percent.o
         4          0          0          0          0          0   _printf_percent_end.o
         6          0          0          0          0          0   _printf_s.o
        82          0          0          0          0         80   _printf_str.o
        16          0          0          0          0         68   _snputc.o
        10          0          0          0          0         68   _sputc.o
        10          0          0          0          0         68   defsig_exit.o
        50          0          0          0          0         88   defsig_general.o
        52         38          0          0          0         76   defsig_rtred_inner.o
        14          0          0          0          0         80   defsig_rtred_outer.o
        18          0          0          0          0         80   exit.o
        76          0          0          0          0         88   fclose.o
       100          4          0          0          0        120   fflush.o
        24          0          0          0          0         68   fgetc.o
       570          0          0          0          0        132   filbuf.o
        56          6          0          0          0         80   flushlinebuffered.o
       236          4          0          0          0        128   fopen.o
       248          6          0          0          0         84   fseek.o
        66          0          0          0          0         76   ftell.o
         4          0          0          0          0         68   getc.o
         6          0          0          0          0        152   heapauxi.o
         4          0          0          0          0        136   hguard.o
       312         46          0          0          0        112   initio.o
         2          0          0          0          0          0   libinit.o
        10          0          0          0          0          0   libinit2.o
         2          0          0          0          0          0   libshutdown.o
         6          0          0          0          0          0   libshutdown2.o
         8          4          0          0         96         68   libspace.o
        72          0          0          0          0         76   llsdiv.o
       238          0          0          0          0        100   lludivv7m.o
        88          0          0          0          0         76   memcmp.o
        52          4          0          0          0         84   noretval__2snprintf.o
         8          4          0          0          0         68   rt_errno_addr_intlibspace.o
        68          0          0          0          0         68   rt_memclr.o
        78          0          0          0          0         80   rt_memclr_w.o
       138          0          0          0          0         68   rt_memcpy_v6.o
       100          0          0          0          0         80   rt_memcpy_w.o
         2          0          0          0          0          0   rtexit.o
        10          0          0          0          0          0   rtexit2.o
        70          0          0          0          0         80   setvbuf.o
       240          6          0          0          0        156   stdio.o
         0          0          0         12        252          0   stdio_streams.o
        24          0          0          0          0         68   strcat.o
       128          0          0          0          0         68   strcmpv7m.o
        72          0          0          0          0         80   strcpy.o
        62          0          0          0          0         76   strlen.o
       150          0          0          0          0         80   strncmp.o
        86          0          0          0          0         76   strncpy.o
        22          0          0          0          0         68   strrchr.o
        36          0          0          0          0         80   strstr.o
        74          0          0          0          0         80   sys_stackheap_outer.o
         2          0          0          0          0         68   use_no_semi.o
        10          0          0          0          0        116   fpinit.o

    ----------------------------------------------------------------------
      4222        136          0         12        348       4072   Library Totals
         8          0          0          0          0          0   (incl. Padding)

    ----------------------------------------------------------------------

      Code (inc. data)   RO Data    RW Data    ZI Data      Debug   Library Name

      4204        136          0         12        348       3956   c_w.l
        10          0          0          0          0        116   fz_wm.l

    ----------------------------------------------------------------------
      4222        136          0         12        348       4072   Library Totals

    ----------------------------------------------------------------------

==============================================================================


      Code (inc. data)   RO Data    RW Data    ZI Data      Debug   

     60402      11556      10454       1044       4316     858640   Grand Totals
     60402      11556      10454        176       4316     858640   ELF Image Totals (compressed)
     60402      11556      10454        176          0          0   ROM Totals

==============================================================================

    Total RO  Size (Code + RO Data)                70856 (  69.20kB)
    Total RW  Size (RW Data + ZI Data)              5360 (   5.23kB)
    Total ROM Size (Code + RO Data + RW Data)      71032 (  69.37kB)

==============================================================================

