<html>
<body>
<pre>
<h1>µVision Build Log</h1>
<h2>Tool Versions:</h2>
IDE-Version: ¦ÌVision V5.29.0.0
Copyright (C) 2019 ARM Ltd and ARM Germany GmbH. All rights reserved.
License Information: lingyu MengLingyu, 123, LIC=ZB445-G943G-I51TC-7C3LU-91MV0-T7PN6
 
Tool Versions:
Toolchain:       MDK-ARM Plus  Version: 5.29.0.0
Toolchain Path:  G:\Keil_v5\ARM\ARMCC\Bin
C Compiler:      Armcc.exe V5.06 update 6 (build 750)
Assembler:       Armasm.exe V5.06 update 6 (build 750)
Linker/Locator:  ArmLink.exe V5.06 update 6 (build 750)
Library Manager: ArmAr.exe V5.06 update 6 (build 750)
Hex Converter:   FromElf.exe V5.06 update 6 (build 750)
CPU DLL:         SARMCM3.DLL V5.29.0.0
Dialog DLL:      DCM.DLL V1.17.3.0
Target DLL:      CMSIS_AGDI.dll V1.32.0.0
Dialog DLL:      TCM.DLL V1.36.5.0
 
<h2>Project:</h2>
E:\RTT\RoadLineDetect\SourceCode\BSP\AT32\at32f403a-start\project.uvprojx
Project File Date:  04/19/2020

<h2>Output:</h2>
*** Using Compiler 'V5.06 update 6 (build 750)', folder: 'G:\Keil_v5\ARM\ARMCC\Bin'
Rebuild target 'rt-thread'
compiling device.c...
compiling clock.c...
compiling components.c...
compiling idle.c...
compiling irq.c...
compiling ipc.c...
compiling kservice.c...
compiling mem.c...
compiling memheap.c...
compiling mempool.c...
compiling object.c...
compiling scheduler.c...
compiling signal.c...
compiling thread.c...
compiling timer.c...
compiling main.c...
compiling board.c...
compiling at32_msp.c...
assembling startup_at32f403avgt7.s...
compiling system_at32f4xx.c...
compiling drv_gpio.c...
compiling drv_usart.c...
compiling backtrace.c...
compiling div0.c...
compiling showmem.c...
assembling context_rvds.S...
compiling cpuport.c...
compiling dfs.c...
compiling dfs_file.c...
compiling dfs_fs.c...
compiling dfs_posix.c...
compiling poll.c...
compiling select.c...
compiling devfs.c...
compiling dfs_elm.c...
compiling ccsbcs.c...
compiling pin.c...
compiling serial.c...
compiling ff.c...
compiling completion.c...
compiling dataqueue.c...
compiling ringblk_buf.c...
compiling pipe.c...
compiling waitqueue.c...
compiling ringbuffer.c...
compiling workqueue.c...
compiling shell.c...
compiling cmd.c...
compiling msh.c...
compiling libc.c...
compiling msh_file.c...
compiling mem_std.c...
compiling stdio.c...
compiling stubs.c...
compiling time.c...
compiling at32f4xx_adc.c...
compiling at32f4xx_crc.c...
compiling at32f4xx_can.c...
compiling at32f4xx_dbgmcu.c...
compiling at32f4xx_dma.c...
compiling at32f4xx_exti.c...
compiling at32f4xx_gpio.c...
compiling at32f4xx_flash.c...
compiling at32f4xx_i2c.c...
compiling at32f4xx_pwr.c...
compiling at32f4xx_iwdg.c...
compiling at32f4xx_rcc.c...
compiling at32f4xx_spi.c...
compiling at32f4xx_tim.c...
compiling at32f4xx_usart.c...
compiling at32f4xx_wwdg.c...
compiling at32f4xx_sdio.c...
compiling at32f4xx_acc.c...
compiling at32f4xx_bkp.c...
compiling at32f4xx_rtc.c...
compiling at32f4xx_ertc.c...
compiling at32f4xx_eth.c...
compiling at32f4xx_xmc.c...
compiling at32f4xx_comp.c...
compiling at32f4xx_dac.c...
compiling misc.c...
linking...
Program Size: Code=64488 RO-data=9628 RW-data=1232 ZI-data=4040  
After Build - User command #1: fromelf --bin .\build\keil\Obj\rt-thread.axf --output rtthread.bin
".\build\keil\Obj\rt-thread.axf" - 0 Error(s), 0 Warning(s).

<h2>Software Packages used:</h2>

Package Vendor: Keil
                
                Keil.AT32F4xx_DFP.1.3.1
                ArteryTek AT32F4 Series Device Support,Drivers

<h2>Collection of Component include folders:</h2>
  .\RTE\_rt-thread
  G:\Users\MengLingyu\AppData\Local\Arm\Packs\Keil\AT32F4xx_DFP\1.3.1\Device\Include

<h2>Collection of Component Files used:</h2>
Build Time Elapsed:  00:00:22
</pre>
</body>
</html>
